Microchip MPLAB XC8 Compiler V2.45

Linker command line:

-W-3 \
  --edf=C:\Program Files\Microchip\xc8\v2.45\pic\dat\20230818022343_en.msgs \
  -cn -h+dist/default/production\Pr5_Parte2.X.production.sym \
  --cmf=dist/default/production\Pr5_Parte2.X.production.cmf -z -Q18F4550 \
  -oC:\Users\UsuarioF\AppData\Local\Temp\xcAscsk.\driver_tmp_3.o \
  --defsym=__MPLAB_BUILD=1 --fixupoverflow=error \
  -Mdist/default/production/Pr5_Parte2.X.production.map \
  --md=C:\Users\UsuarioF\AppData\Local\Temp\xcAscsk.\driver_tmp_0.dat -E1 \
  -ver=XC8 Compiler --acfsm=1493 -ACODE=00h-07FFFh -ACONST=00h-07FFFh \
  -ASMALLCONST=0800h-08FFhx120 -AMEDIUMCONST=0800h-07FFFh -ACOMRAM=01h-05Fh \
  -AABS1=00h-07FFh -ABIGRAM=01h-07FFh -ARAM=060h-0FFh,0100h-01FFhx7 \
  -ABANK0=060h-0FFh -ABANK1=0100h-01FFh -ABANK2=0200h-02FFh \
  -ABANK3=0300h-03FFh -ABANK4=0400h-04FFh -ABANK5=0500h-05FFh \
  -ABANK6=0600h-06FFh -ABANK7=0700h-07FFh -ASFR=0F60h-0FFFh \
  -ABIGSFR=0F60h-0FFFh -ACONFIG=0300000h-030000Dh -AIDLOC=0200000h-0200007h \
  -AEEDATA=0F00000h-0F000FFh -peeprom_data=EEDATA \
  -preset_vec=00h,intcode,intcodelo,powerup,init -pramtop=0800h \
  -psmallconst=SMALLCONST -pmediumconst=MEDIUMCONST -pconst=CONST \
  -AFARRAM=00h-00h \
  -prdata=COMRAM,nvrram=COMRAM,nvbit=COMRAM,rbss=COMRAM,rbit=COMRAM \
  -pfarbss=FARRAM,fardata=FARRAM,nvFARRAM=FARRAM \
  -pintsave_regs=BIGRAM,bigbss=BIGRAM,bigdata=BIGRAM -pbss=RAM \
  -pidata=CODE,irdata=CODE,ibigdata=CODE,ifardata=CODE -prparam=COMRAM \
  C:\Users\UsuarioF\AppData\Local\Temp\xcAscsk.\driver_tmp_9.o \
  dist/default/production\Pr5_Parte2.X.production.o 

Object code version is 3.11

Machine type is 18F4550



                Name                               Link     Load   Length Selector   Space Scale
C:\Users\UsuarioF\AppData\Local\Temp\xcAscsk.\driver_tmp_9.o
                idloc                            200000   200000        8        0       5
                config                           300000   300000        E        0       4
                init                                  0        0        4        0       0
dist/default/production\Pr5_Parte2.X.production.o
                idloc                            200000   200000        8        0       5
                config                           300000   300000        E        0       4
                smallconst                          800      800       32      400       0
                text12                              B00      B00       1A      419       0
                text11                              ABA      ABA       2A      419       0
                text10                              A86      A86       34      419       0
                text9                               B28      B28        E      419       0
                text8                               832      832       FA      419       0
                text7                               B42      B42        C      419       0
                text6                               A48      A48       3E      419       0
                text5                               B4E      B4E        8      419       0
                text4                               B36      B36        C      419       0
                text3                               A06      A06       42      419       0
                text2                               AE4      AE4       1C      419       0
                text1                               9C2      9C2       44      419       0
                text0                               92C      92C       96      419       0
                cstackCOMRAM                          1        1        D        1       1
                cinit                               B1A      B1A        E      419       0

TOTAL           Name                               Link     Load   Length     Space
        CLASS   CODE           
                init                                  0        0        4         0
                text12                              B00      B00       1A         0
                text11                              ABA      ABA       2A         0
                text10                              A86      A86       34         0
                text9                               B28      B28        E         0
                text8                               832      832       FA         0
                text7                               B42      B42        C         0
                text6                               A48      A48       3E         0
                text5                               B4E      B4E        8         0
                text4                               B36      B36        C         0
                text3                               A06      A06       42         0
                text2                               AE4      AE4       1C         0
                text1                               9C2      9C2       44         0
                text0                               92C      92C       96         0
                cinit                               B1A      B1A        E         0

        CLASS   CONST          

        CLASS   SMALLCONST     
                smallconst                          800      800       32         0

        CLASS   MEDIUMCONST    

        CLASS   COMRAM         
                cstackCOMRAM                          1        1        D         1

        CLASS   ABS1           

        CLASS   BIGRAM         

        CLASS   RAM            

        CLASS   BANK0          

        CLASS   BANK1          

        CLASS   BANK2          

        CLASS   BANK3          

        CLASS   BANK4          

        CLASS   BANK5          

        CLASS   BANK6          

        CLASS   BANK7          

        CLASS   SFR            

        CLASS   BIGSFR         

        CLASS   CONFIG         
                config                           300000   300000        E         4

        CLASS   IDLOC          
                idloc                            200000   200000        8         5

        CLASS   EEDATA         

        CLASS   FARRAM         

        CLASS   HEAP           

        CLASS   STACK          



SEGMENTS        Name                           Load    Length   Top    Selector   Space  Class

                reset_vec                      000000  000004  000004         0       0  CODE    
                cstackCOMRAM                   000001  00000D  00000E         1       1  COMRAM  
                smallconst                     000800  000032  000832       400       0  SMALLCON
                text8                          000832  000324  000B56       419       0  CODE    


UNUSED ADDRESS RANGES

        Name                Unused          Largest block    Delta
        BANK0            000060-0000FF               A0
        BANK1            000100-0001FF              100
        BANK2            000200-0002FF              100
        BANK3            000300-0003FF              100
        BANK4            000400-0004FF              100
        BANK5            000500-0005FF              100
        BANK6            000600-0006FF              100
        BANK7            000700-0007FF              100
        BIGRAM           00000E-0007FF              7F2
        BIGSFR           000F60-000FFF               A0
        CODE             000004-0007FF              7FC
                         000B56-007FFF             74AA
        COMRAM           00000E-00005F               52
        CONST            000004-0007FF              7FC
                         000B56-007FFF             74AA
        EEDATA           F00000-F000FF              100
        MEDIUMCONST      000B56-007FFF             74AA
        RAM              000060-0007FF              100
        SFR              000F60-000FFF               A0
        SMALLCONST       000B56-007FFF              100

                                  Symbol Table

Delay1ms@veces                  cstackCOMRAM 000001
DelayXms@Milis                  cstackCOMRAM 000003
DelayXms@i                      cstackCOMRAM 000006
LCD_Caracter@dato               cstackCOMRAM 000006
LCD_Comando@cmd                 cstackCOMRAM 000006
LCD_DosLineas@Linea1            cstackCOMRAM 00000B
LCD_DosLineas@Linea2            cstackCOMRAM 00000C
LCD_Texto@PALABRA               cstackCOMRAM 000007
LCD_Texto@i                     cstackCOMRAM 000009
TxDato@dato                     cstackCOMRAM 000005
_ADCON1                         (abs)        000FC1
_BitEN                          text9        000B28
_Configacion_inicialPIC         text12       000B00
_Delay1ms                       text11       000ABA
_DelayXms                       text10       000A86
_InitLCD                        text6        000A48
_LATA                           (abs)        000F89
_LATAbits                       (abs)        000F89
_LATD                           (abs)        000F8C
_LATDbits                       (abs)        000F8C
_LCD_Caracter                   text4        000B36
_LCD_Comando                    text7        000B42
_LCD_DosLineas                  text2        000AE4
_LCD_Linea2                     text5        000B4E
_LCD_Texto                      text3        000A06
_TRISAbits                      (abs)        000F92
_TRISD                          (abs)        000F95
_TxDato                         text8        000832
__HRAM                          (abs)        000000
__H__absolute__                 __absolute__ 000000
__Habs1                         abs1         000000
__Hbank0                        bank0        000000
__Hbank1                        bank1        000000
__Hbank2                        bank2        000000
__Hbank3                        bank3        000000
__Hbank4                        bank4        000000
__Hbank5                        bank5        000000
__Hbank6                        bank6        000000
__Hbank7                        bank7        000000
__Hbigbss                       bigbss       000000
__Hbigdata                      bigdata      000000
__Hbigram                       bigram       000000
__Hbigsfr                       bigsfr       000000
__Hbss                          bss          000000
__Hcinit                        cinit        000000
__Hclrtext                      clrtext      000000
__Hcomram                       comram       000000
__Hconfig                       config       30000E
__Hconst                        const        000000
__HcstackCOMRAM                 cstackCOMRAM 000000
__Hdata                         data         000000
__Heeprom_data                  eeprom_data  000000
__Hfarbss                       farbss       000000
__Hfardata                      fardata      000000
__Hheap                         heap         000000
__Hibigdata                     ibigdata     000000
__Hidata                        idata        000000
__Hidloc                        idloc        200008
__Hifardata                     ifardata     000000
__Hinit                         init         000004
__Hintcode                      intcode      000000
__Hintcode_body                 intcode_body 000000
__Hintcodelo                    intcodelo    000000
__Hintentry                     intentry     000000
__Hintret                       intret       000000
__Hintsave_regs                 intsave_regs 000000
__Hirdata                       irdata       000000
__Hmediumconst                  mediumconst  000000
__HnvFARRAM                     nvFARRAM     000000
__Hnvbit                        nvbit        000000
__Hnvrram                       nvrram       000000
__Hparam                        rparam       000000
__Hpowerup                      powerup      000000
__Hram                          ram          000000
__Hramtop                       ramtop       000800
__Hrbit                         rbit         000000
__Hrbss                         rbss         000000
__Hrdata                        rdata        000000
__Hreset_vec                    reset_vec    000000
__Hrparam                       rparam       000000
__Hsfr                          sfr          000000
__Hsmallconst                   smallconst   000832
__Hspace_0                      (abs)        000B56
__Hspace_1                      (abs)        00000E
__Hspace_2                      (abs)        000000
__Hspace_4                      (abs)        60000E
__Hstack                        stack        000000
__Hstruct                       struct       000000
__Htemp                         temp         000000
__Htext                         text         000000
__Htext0                        text0        000000
__Htext1                        text1        000000
__Htext10                       text10       000000
__Htext11                       text11       000000
__Htext12                       text12       000000
__Htext2                        text2        000000
__Htext3                        text3        000000
__Htext4                        text4        000000
__Htext5                        text5        000000
__Htext6                        text6        000000
__Htext7                        text7        000000
__Htext8                        text8        000000
__Htext9                        text9        000000
__LRAM                          (abs)        000001
__L__absolute__                 __absolute__ 000000
__Labs1                         abs1         000000
__Lbank0                        bank0        000000
__Lbank1                        bank1        000000
__Lbank2                        bank2        000000
__Lbank3                        bank3        000000
__Lbank4                        bank4        000000
__Lbank5                        bank5        000000
__Lbank6                        bank6        000000
__Lbank7                        bank7        000000
__Lbigbss                       bigbss       000000
__Lbigdata                      bigdata      000000
__Lbigram                       bigram       000000
__Lbigsfr                       bigsfr       000000
__Lbss                          bss          000000
__Lcinit                        cinit        000000
__Lclrtext                      clrtext      000000
__Lcomram                       comram       000000
__Lconfig                       config       000000
__Lconst                        const        000000
__LcstackCOMRAM                 cstackCOMRAM 000000
__Ldata                         data         000000
__Leeprom_data                  eeprom_data  000000
__Lfarbss                       farbss       000000
__Lfardata                      fardata      000000
__Lheap                         heap         000000
__Libigdata                     ibigdata     000000
__Lidata                        idata        000000
__Lidloc                        idloc        000000
__Lifardata                     ifardata     000000
__Linit                         init         000000
__Lintcode                      intcode      000000
__Lintcode_body                 intcode_body 000000
__Lintcodelo                    intcodelo    000000
__Lintentry                     intentry     000000
__Lintret                       intret       000000
__Lintsave_regs                 intsave_regs 000000
__Lirdata                       irdata       000000
__Lmediumconst                  mediumconst  000000
__LnvFARRAM                     nvFARRAM     000000
__Lnvbit                        nvbit        000000
__Lnvrram                       nvrram       000000
__Lparam                        rparam       000000
__Lpowerup                      powerup      000000
__Lram                          ram          000000
__Lramtop                       ramtop       000800
__Lrbit                         rbit         000000
__Lrbss                         rbss         000000
__Lrdata                        rdata        000000
__Lreset_vec                    reset_vec    000000
__Lrparam                       rparam       000000
__Lsfr                          sfr          000000
__Lsmallconst                   smallconst   000800
__Lspace_0                      (abs)        000000
__Lspace_1                      (abs)        000000
__Lspace_2                      (abs)        000000
__Lspace_4                      (abs)        000000
__Lstack                        stack        000000
__Lstruct                       struct       000000
__Ltemp                         temp         000000
__Ltext                         text         000000
__Ltext0                        text0        000000
__Ltext1                        text1        000000
__Ltext10                       text10       000000
__Ltext11                       text11       000000
__Ltext12                       text12       000000
__Ltext2                        text2        000000
__Ltext3                        text3        000000
__Ltext4                        text4        000000
__Ltext5                        text5        000000
__Ltext6                        text6        000000
__Ltext7                        text7        000000
__Ltext8                        text8        000000
__Ltext9                        text9        000000
__S0                            (abs)        000B56
__S1                            (abs)        00000E
__S4                            (abs)        000000
__S5                            (abs)        000000
___heap_hi                      (abs)        000000
___heap_lo                      (abs)        000000
___inthi_sp                     stack        000000
___inthi_stack_hi               stack        000000
___inthi_stack_lo               stack        000000
___intlo_sp                     stack        000000
___intlo_stack_hi               stack        000000
___intlo_stack_lo               stack        000000
___param_bank                   (abs)        000000
___rparam_used                  (abs)        000001
___sp                           stack        000000
___stack_hi                     stack        000000
___stack_lo                     stack        000000
__accesstop                     (abs)        000060
__activetblptr                  (abs)        000001
__end_of_BitEN                  text9        000B36
__end_of_Configacion_inicialPIC text12       000B1A
__end_of_Delay1ms               text11       000AE4
__end_of_DelayXms               text10       000ABA
__end_of_InitLCD                text6        000A86
__end_of_LCD_Caracter           text4        000B42
__end_of_LCD_Comando            text7        000B4E
__end_of_LCD_DosLineas          text2        000B00
__end_of_LCD_Linea2             text5        000B56
__end_of_LCD_Texto              text3        000A48
__end_of_TxDato                 text8        00092C
__end_of__initialization        cinit        000B1A
__end_of_main                   text0        0009C2
__end_of_subrutine_init         text1        000A06
__initialization                cinit        000B1A
__mediumconst                   mediumconst  000000
__pcinit                        cinit        000B1A
__pcstackCOMRAM                 cstackCOMRAM 000001
__psmallconst                   smallconst   000800
__ptext0                        text0        00092C
__ptext1                        text1        0009C2
__ptext10                       text10       000A86
__ptext11                       text11       000ABA
__ptext12                       text12       000B00
__ptext2                        text2        000AE4
__ptext3                        text3        000A06
__ptext4                        text4        000B36
__ptext5                        text5        000B4E
__ptext6                        text6        000A48
__ptext7                        text7        000B42
__ptext8                        text8        000832
__ptext9                        text9        000B28
__ramtop                        ramtop       000800
__smallconst                    smallconst   000800
_main                           text0        00092C
_subrutine_init                 text1        0009C2
end_of_initialization           cinit        000B1A
intlevel0                       text         000000
intlevel1                       text         000000
intlevel2                       text         000000
intlevel3                       text         000000
isa$std                         (abs)        000001
isa$xinst                       (abs)        000000
main@i                          cstackCOMRAM 00000D
stackhi                         (abs)        000000
stacklo                         (abs)        000000
start                           init         000000
start_initialization            cinit        000B1A
subrutine_init@i                cstackCOMRAM 000009


MODULE INFORMATION

Module		Function		Class		Link	Load	Size
Codigo_Pr5_Parte2.c
		_DelayXms      		CODE           	0A86	0000	52
		_LCD_Comando   		CODE           	0B42	0000	12
		_LCD_Texto     		CODE           	0A06	0000	66
		_LCD_Linea2    		CODE           	0B4E	0000	8
		_main          		CODE           	092C	0000	150
		_Configacion_inicialPIC		CODE           	0B00	0000	26
		_BitEN         		CODE           	0B28	0000	14
		_subrutine_init		CODE           	09C2	0000	68
		_LCD_DosLineas 		CODE           	0AE4	0000	28
		_InitLCD       		CODE           	0A48	0000	62
		_Delay1ms      		CODE           	0ABA	0000	42
		_LCD_Caracter  		CODE           	0B36	0000	12
		_TxDato        		CODE           	0832	0000	250

Codigo_Pr5_Parte2.c estimated size: 790

shared
		__initialization		CODE           	0B1A	0000	1

shared estimated size: 1

