MPLINK 4.49, Linker
Linker Map File - Created Tue May 05 16:15:09 2026

                                 Section Info
                  Section       Type    Address   Location Size(Bytes)
                ---------  ---------  ---------  ---------  ---------
                   .org_0       code   0x000000    program   0x000004
                   .cinit    romdata   0x000004    program   0x000002
                   .org_1       code   0x000020    program   0x0000bc



                              Program Memory Usage 
                               Start         End      
                           ---------   ---------      
                            0x000000    0x000005      
                            0x000020    0x0000db      
            194 out of 33048 program addresses used, program memory utilization is 0%



                              Symbols - Sorted by Name
                     Name    Address   Location    Storage File                     
                ---------  ---------  ---------  --------- ---------                
              Apagar_Todo   0x00008e    program     static C:\Users\UsuarioF\Desktop\CLASES\Sexto ciclo\Microprocesadores\Practicas\Codigos\Pr1\Parte1\Codigo.asm
                 Boton_S3   0x000090    program     static C:\Users\UsuarioF\Desktop\CLASES\Sexto ciclo\Microprocesadores\Practicas\Codigos\Pr1\Parte1\Codigo.asm
              BucleInicio   0x000038    program     static C:\Users\UsuarioF\Desktop\CLASES\Sexto ciclo\Microprocesadores\Practicas\Codigos\Pr1\Parte1\Codigo.asm
                  Cortina   0x000060    program     static C:\Users\UsuarioF\Desktop\CLASES\Sexto ciclo\Microprocesadores\Practicas\Codigos\Pr1\Parte1\Codigo.asm
               Delay100ms   0x0000ae    program     static C:\Users\UsuarioF\Desktop\CLASES\Sexto ciclo\Microprocesadores\Practicas\Codigos\Pr1\Parte1\Codigo.asm
                 Delay1ms   0x0000be    program     static C:\Users\UsuarioF\Desktop\CLASES\Sexto ciclo\Microprocesadores\Practicas\Codigos\Pr1\Parte1\Codigo.asm
                 DelayXms   0x0000a0    program     static C:\Users\UsuarioF\Desktop\CLASES\Sexto ciclo\Microprocesadores\Practicas\Codigos\Pr1\Parte1\Codigo.asm
               EncuestaON   0x00005a    program     static C:\Users\UsuarioF\Desktop\CLASES\Sexto ciclo\Microprocesadores\Practicas\Codigos\Pr1\Parte1\Codigo.asm
                   Inicio   0x000020    program     static C:\Users\UsuarioF\Desktop\CLASES\Sexto ciclo\Microprocesadores\Practicas\Codigos\Pr1\Parte1\Codigo.asm
              Reset_NH_NL   0x000050    program     static C:\Users\UsuarioF\Desktop\CLASES\Sexto ciclo\Microprocesadores\Practicas\Codigos\Pr1\Parte1\Codigo.asm
                    Rota1   0x000086    program     static C:\Users\UsuarioF\Desktop\CLASES\Sexto ciclo\Microprocesadores\Practicas\Codigos\Pr1\Parte1\Codigo.asm
                    Sigue   0x000080    program     static C:\Users\UsuarioF\Desktop\CLASES\Sexto ciclo\Microprocesadores\Practicas\Codigos\Pr1\Parte1\Codigo.asm
                   bucle1   0x0000c8    program     static C:\Users\UsuarioF\Desktop\CLASES\Sexto ciclo\Microprocesadores\Practicas\Codigos\Pr1\Parte1\Codigo.asm
               bucleVeces   0x0000a2    program     static C:\Users\UsuarioF\Desktop\CLASES\Sexto ciclo\Microprocesadores\Practicas\Codigos\Pr1\Parte1\Codigo.asm
                    salir   0x0000d6    program     static C:\Users\UsuarioF\Desktop\CLASES\Sexto ciclo\Microprocesadores\Practicas\Codigos\Pr1\Parte1\Codigo.asm



                              Symbols - Sorted by Address
                     Name    Address   Location    Storage File                     
                ---------  ---------  ---------  --------- ---------                
                   Inicio   0x000020    program     static C:\Users\UsuarioF\Desktop\CLASES\Sexto ciclo\Microprocesadores\Practicas\Codigos\Pr1\Parte1\Codigo.asm
              BucleInicio   0x000038    program     static C:\Users\UsuarioF\Desktop\CLASES\Sexto ciclo\Microprocesadores\Practicas\Codigos\Pr1\Parte1\Codigo.asm
              Reset_NH_NL   0x000050    program     static C:\Users\UsuarioF\Desktop\CLASES\Sexto ciclo\Microprocesadores\Practicas\Codigos\Pr1\Parte1\Codigo.asm
               EncuestaON   0x00005a    program     static C:\Users\UsuarioF\Desktop\CLASES\Sexto ciclo\Microprocesadores\Practicas\Codigos\Pr1\Parte1\Codigo.asm
                  Cortina   0x000060    program     static C:\Users\UsuarioF\Desktop\CLASES\Sexto ciclo\Microprocesadores\Practicas\Codigos\Pr1\Parte1\Codigo.asm
                    Sigue   0x000080    program     static C:\Users\UsuarioF\Desktop\CLASES\Sexto ciclo\Microprocesadores\Practicas\Codigos\Pr1\Parte1\Codigo.asm
                    Rota1   0x000086    program     static C:\Users\UsuarioF\Desktop\CLASES\Sexto ciclo\Microprocesadores\Practicas\Codigos\Pr1\Parte1\Codigo.asm
              Apagar_Todo   0x00008e    program     static C:\Users\UsuarioF\Desktop\CLASES\Sexto ciclo\Microprocesadores\Practicas\Codigos\Pr1\Parte1\Codigo.asm
                 Boton_S3   0x000090    program     static C:\Users\UsuarioF\Desktop\CLASES\Sexto ciclo\Microprocesadores\Practicas\Codigos\Pr1\Parte1\Codigo.asm
                 DelayXms   0x0000a0    program     static C:\Users\UsuarioF\Desktop\CLASES\Sexto ciclo\Microprocesadores\Practicas\Codigos\Pr1\Parte1\Codigo.asm
               bucleVeces   0x0000a2    program     static C:\Users\UsuarioF\Desktop\CLASES\Sexto ciclo\Microprocesadores\Practicas\Codigos\Pr1\Parte1\Codigo.asm
               Delay100ms   0x0000ae    program     static C:\Users\UsuarioF\Desktop\CLASES\Sexto ciclo\Microprocesadores\Practicas\Codigos\Pr1\Parte1\Codigo.asm
                 Delay1ms   0x0000be    program     static C:\Users\UsuarioF\Desktop\CLASES\Sexto ciclo\Microprocesadores\Practicas\Codigos\Pr1\Parte1\Codigo.asm
                   bucle1   0x0000c8    program     static C:\Users\UsuarioF\Desktop\CLASES\Sexto ciclo\Microprocesadores\Practicas\Codigos\Pr1\Parte1\Codigo.asm
                    salir   0x0000d6    program     static C:\Users\UsuarioF\Desktop\CLASES\Sexto ciclo\Microprocesadores\Practicas\Codigos\Pr1\Parte1\Codigo.asm


