Microchip MPLAB XC8 Compiler V2.45

Linker command line:

-W-3 \
  --edf=C:\Program Files\Microchip\xc8\v2.45\pic\dat\20230818022343_en.msgs \
  -cn -h+dist/default/production\Practica6_Parte1.X.production.sym \
  --cmf=dist/default/production\Practica6_Parte1.X.production.cmf -z \
  -Q18F4550 -oC:\Users\UsuarioF\AppData\Local\Temp\xcAs6ig.\driver_tmp_3.o \
  --defsym=__MPLAB_BUILD=1 --fixupoverflow=error \
  -Mdist/default/production/Practica6_Parte1.X.production.map \
  --md=C:\Users\UsuarioF\AppData\Local\Temp\xcAs6ig.\driver_tmp_0.dat -E1 \
  -ver=XC8 Compiler --acfsm=1493 -ACODE=00h-07FFFh -ACONST=00h-07FFFh \
  -ASMALLCONST=0800h-08FFhx120 -AMEDIUMCONST=0800h-07FFFh -ACOMRAM=01h-05Fh \
  -AABS1=00h-07FFh -ABIGRAM=01h-07FFh -ARAM=060h-0FFh,0100h-01FFhx7 \
  -ABANK0=060h-0FFh -ABANK1=0100h-01FFh -ABANK2=0200h-02FFh \
  -ABANK3=0300h-03FFh -ABANK4=0400h-04FFh -ABANK5=0500h-05FFh \
  -ABANK6=0600h-06FFh -ABANK7=0700h-07FFh -ASFR=0F60h-0FFFh \
  -ABIGSFR=0F60h-0FFFh -ACONFIG=0300000h-030000Dh -AIDLOC=0200000h-0200007h \
  -AEEDATA=0F00000h-0F000FFh -peeprom_data=EEDATA \
  -preset_vec=00h,intcode=08h,intcodelo=018h,powerup,init -pramtop=0800h \
  -psmallconst=SMALLCONST -pmediumconst=MEDIUMCONST -pconst=CONST \
  -AFARRAM=00h-00h \
  -prdata=COMRAM,nvrram=COMRAM,nvbit=COMRAM,rbss=COMRAM,rbit=COMRAM \
  -pfarbss=FARRAM,fardata=FARRAM,nvFARRAM=FARRAM \
  -pintsave_regs=BIGRAM,bigbss=BIGRAM,bigdata=BIGRAM -pbss=RAM \
  -pidata=CODE,irdata=CODE,ibigdata=CODE,ifardata=CODE -prparam=COMRAM \
  C:\Users\UsuarioF\AppData\Local\Temp\xcAs6ig.\driver_tmp_9.o \
  dist/default/production\Practica6_Parte1.X.production.o 

Object code version is 3.11

Machine type is 18F4550



                Name                               Link     Load   Length Selector   Space Scale
C:\Users\UsuarioF\AppData\Local\Temp\xcAs6ig.\driver_tmp_9.o
                idloc                            200000   200000        8        0       5
                config                           300000   300000        E        0       4
                init                                 26       26        4        C       0
                reset_vec                             0        0        4        0       0
dist/default/production\Practica6_Parte1.X.production.o
                intcodelo                            18       18        E        C       0
                intcode                               8        8        6        4       0
                idloc                            200000   200000        8        0       5
                config                           300000   300000        E        0       4
                temp                                 4A       4A        1        1       1
                smallconst                          800      800       24      400       0
                intcode_body                       178E     178E        8      412       0
                text17                             16D0     16D0       2A      412       0
                text16                             169C     169C       34      412       0
                text15                             1760     1760        E      412       0
                text14                             145C     145C       FA      412       0
                text13                             177A     177A        C      412       0
                text12                             165E     165E       3E      412       0
                text11                             1786     1786        8      412       0
                text10                             176E     176E        C      412       0
                text9                              1614     1614       4A      412       0
                text8                              1720     1720       1C      412       0
                text7                               824      824      4C0      412       0
                text6                               CE4      CE4      39A      412       0
                text5                              1356     1356      106      412       0
                text4                              107E     107E      1B4      412       0
                text3                              1556     1556       BE      412       0
                text2                              173C     173C       16      412       0
                text1                              16FA     16FA       26      412       0
                text0                              1232     1232      124      412       0
                cstackCOMRAM                          1        1       49        1       1
                cinit                              1752     1752        E      412       0

TOTAL           Name                               Link     Load   Length     Space
        CLASS   CODE           
                intcodelo                            18       18        E         0
                intcode                               8        8        6         0
                init                                 26       26        4         0
                reset_vec                             0        0        4         0
                intcode_body                       178E     178E        8         0
                text17                             16D0     16D0       2A         0
                text16                             169C     169C       34         0
                text15                             1760     1760        E         0
                text14                             145C     145C       FA         0
                text13                             177A     177A        C         0
                text12                             165E     165E       3E         0
                text11                             1786     1786        8         0
                text10                             176E     176E        C         0
                text9                              1614     1614       4A         0
                text8                              1720     1720       1C         0
                text7                               824      824      4C0         0
                text6                               CE4      CE4      39A         0
                text5                              1356     1356      106         0
                text4                              107E     107E      1B4         0
                text3                              1556     1556       BE         0
                text2                              173C     173C       16         0
                text1                              16FA     16FA       26         0
                text0                              1232     1232      124         0
                cinit                              1752     1752        E         0

        CLASS   CONST          

        CLASS   SMALLCONST     
                smallconst                          800      800       24         0

        CLASS   MEDIUMCONST    

        CLASS   COMRAM         
                temp                                 4A       4A        1         1
                cstackCOMRAM                          1        1       49         1

        CLASS   ABS1           

        CLASS   BIGRAM         

        CLASS   RAM            

        CLASS   BANK0          

        CLASS   BANK1          

        CLASS   BANK2          

        CLASS   BANK3          

        CLASS   BANK4          

        CLASS   BANK5          

        CLASS   BANK6          

        CLASS   BANK7          

        CLASS   SFR            

        CLASS   BIGSFR         

        CLASS   CONFIG         
                config                           300000   300000        E         4

        CLASS   IDLOC          
                idloc                            200000   200000        8         5

        CLASS   EEDATA         

        CLASS   FARRAM         

        CLASS   HEAP           

        CLASS   STACK          



SEGMENTS        Name                           Load    Length   Top    Selector   Space  Class

                reset_vec                      000000  000004  000004         0       0  CODE    
                cstackCOMRAM                   000001  00004A  00004B         1       1  COMRAM  
                intcode                        000008  000006  00000E         4       0  CODE    
                intcodelo                      000018  000012  00002A         C       0  CODE    
                smallconst                     000800  000024  000824       400       0  SMALLCON
                text7                          000824  000F72  001796       412       0  CODE    


UNUSED ADDRESS RANGES

        Name                Unused          Largest block    Delta
        BANK0            000060-0000FF               A0
        BANK1            000100-0001FF              100
        BANK2            000200-0002FF              100
        BANK3            000300-0003FF              100
        BANK4            000400-0004FF              100
        BANK5            000500-0005FF              100
        BANK6            000600-0006FF              100
        BANK7            000700-0007FF              100
        BIGRAM           00004B-0007FF              7B5
        BIGSFR           000F60-000FFF               A0
        CODE             000004-000007                4
                         00000E-000017                A
                         00002A-0007FF              7D6
                         001796-007FFF             686A
        COMRAM           00004B-00005F               15
        CONST            000004-000007                4
                         00000E-000017                A
                         00002A-0007FF              7D6
                         001796-007FFF             686A
        EEDATA           F00000-F000FF              100
        MEDIUMCONST      001796-007FFF             686A
        RAM              000060-0007FF              100
        SFR              000F60-000FFF               A0
        SMALLCONST       001796-007FFF              100

                                  Symbol Table

?___fladd                  cstackCOMRAM 000029
?___fldiv                  cstackCOMRAM 000010
?___fltol                  cstackCOMRAM 000002
?___xxtofl                 cstackCOMRAM 000002
Delay1ms@veces             cstackCOMRAM 000002
DelayXms@Milis             cstackCOMRAM 000004
DelayXms@i                 cstackCOMRAM 000007
LCD_Caracter@dato          cstackCOMRAM 000007
LCD_Comando@cmd            cstackCOMRAM 000007
LCD_DosLineas@Linea1       cstackCOMRAM 00000C
LCD_DosLineas@Linea2       cstackCOMRAM 00000D
LCD_Texto@PALABRA          cstackCOMRAM 000008
LCD_Texto@i                cstackCOMRAM 00000A
TxDato@dato                cstackCOMRAM 000006
UART_Initial@baud_rate     cstackCOMRAM 000039
UART_Initial@bps           cstackCOMRAM 000041
UART_Write@data            cstackCOMRAM 000002
_ADCON1                    (abs)        000FC1
_BAUDCONbits               (abs)        000FB8
_BitEN                     text15       001760
_CREN                      (abs)        007D5C
_Delay1ms                  text17       0016D0
_DelayXms                  text16       00169C
_InitLCD                   text12       00165E
_LATAbits                  (abs)        000F89
_LATB                      (abs)        000F8A
_LATDbits                  (abs)        000F8C
_LCD_Caracter              text10       00176E
_LCD_Comando               text13       00177A
_LCD_DosLineas             text8        001720
_LCD_Linea2                text11       001786
_LCD_Texto                 text9        001614
_MyHighPriorityIsr         intcode      000008
_MyLowPriorityIsr          intcodelo    000018
_PIR1bits                  (abs)        000F9E
_PORTB                     (abs)        000F81
_RCIF                      (abs)        007CF5
_RCREG                     (abs)        000FAE
_RCSTA                     (abs)        000FAB
_RCSTAbits                 (abs)        000FAB
_SPBRG                     (abs)        000FAF
_TRISAbits                 (abs)        000F92
_TRISB                     (abs)        000F93
_TRISCbits                 (abs)        000F94
_TRISDbits                 (abs)        000F95
_TRMT                      (abs)        007D61
_TXREG                     (abs)        000FAD
_TXSTAbits                 (abs)        000FAC
_TxDato                    text14       00145C
_UART_Initial              text3        001556
_UART_Write                text2        00173C
_USART_Read                text1        0016FA
__HRAM                     (abs)        000000
__H__absolute__            __absolute__ 000000
__Habs1                    abs1         000000
__Hbank0                   bank0        000000
__Hbank1                   bank1        000000
__Hbank2                   bank2        000000
__Hbank3                   bank3        000000
__Hbank4                   bank4        000000
__Hbank5                   bank5        000000
__Hbank6                   bank6        000000
__Hbank7                   bank7        000000
__Hbigbss                  bigbss       000000
__Hbigdata                 bigdata      000000
__Hbigram                  bigram       000000
__Hbigsfr                  bigsfr       000000
__Hbss                     bss          000000
__Hcinit                   cinit        000000
__Hclrtext                 clrtext      000000
__Hcomram                  comram       000000
__Hconfig                  config       30000E
__Hconst                   const        000000
__HcstackCOMRAM            cstackCOMRAM 000000
__Hdata                    data         000000
__Heeprom_data             eeprom_data  000000
__Hfarbss                  farbss       000000
__Hfardata                 fardata      000000
__Hheap                    heap         000000
__Hibigdata                ibigdata     000000
__Hidata                   idata        000000
__Hidloc                   idloc        200008
__Hifardata                ifardata     000000
__Hinit                    init         00002A
__Hintcode                 intcode      00000E
__Hintcode_body            intcode_body 000000
__Hintcodelo               intcodelo    000026
__Hintentry                intentry     000000
__Hintret                  intret       000000
__Hintsave_regs            intsave_regs 000000
__Hirdata                  irdata       000000
__Hmediumconst             mediumconst  000000
__HnvFARRAM                nvFARRAM     000000
__Hnvbit                   nvbit        000000
__Hnvrram                  nvrram       000000
__Hparam                   rparam       000000
__Hpowerup                 powerup      000026
__Hram                     ram          000000
__Hramtop                  ramtop       000800
__Hrbit                    rbit         000000
__Hrbss                    rbss         000000
__Hrdata                   rdata        000000
__Hreset_vec               reset_vec    000004
__Hrparam                  rparam       000000
__Hsfr                     sfr          000000
__Hsmallconst              smallconst   000824
__Hspace_0                 (abs)        001796
__Hspace_1                 (abs)        00004B
__Hspace_2                 (abs)        000000
__Hspace_4                 (abs)        60000E
__Hstack                   stack        000000
__Hstruct                  struct       000000
__Htemp                    temp         00004B
__Htext                    text         000000
__Htext0                   text0        000000
__Htext1                   text1        000000
__Htext10                  text10       000000
__Htext11                  text11       000000
__Htext12                  text12       000000
__Htext13                  text13       000000
__Htext14                  text14       000000
__Htext15                  text15       000000
__Htext16                  text16       000000
__Htext17                  text17       000000
__Htext2                   text2        000000
__Htext3                   text3        000000
__Htext4                   text4        000000
__Htext5                   text5        000000
__Htext6                   text6        000000
__Htext7                   text7        000000
__Htext8                   text8        000000
__Htext9                   text9        000000
__LRAM                     (abs)        000001
__L__absolute__            __absolute__ 000000
__Labs1                    abs1         000000
__Lbank0                   bank0        000000
__Lbank1                   bank1        000000
__Lbank2                   bank2        000000
__Lbank3                   bank3        000000
__Lbank4                   bank4        000000
__Lbank5                   bank5        000000
__Lbank6                   bank6        000000
__Lbank7                   bank7        000000
__Lbigbss                  bigbss       000000
__Lbigdata                 bigdata      000000
__Lbigram                  bigram       000000
__Lbigsfr                  bigsfr       000000
__Lbss                     bss          000000
__Lcinit                   cinit        000000
__Lclrtext                 clrtext      000000
__Lcomram                  comram       000000
__Lconfig                  config       000000
__Lconst                   const        000000
__LcstackCOMRAM            cstackCOMRAM 000000
__Ldata                    data         000000
__Leeprom_data             eeprom_data  000000
__Lfarbss                  farbss       000000
__Lfardata                 fardata      000000
__Lheap                    heap         000000
__Libigdata                ibigdata     000000
__Lidata                   idata        000000
__Lidloc                   idloc        000000
__Lifardata                ifardata     000000
__Linit                    init         000026
__Lintcode                 intcode      000008
__Lintcode_body            intcode_body 000000
__Lintcodelo               intcodelo    000018
__Lintentry                intentry     000000
__Lintret                  intret       000000
__Lintsave_regs            intsave_regs 000000
__Lirdata                  irdata       000000
__Lmediumconst             mediumconst  000000
__LnvFARRAM                nvFARRAM     000000
__Lnvbit                   nvbit        000000
__Lnvrram                  nvrram       000000
__Lparam                   rparam       000000
__Lpowerup                 powerup      000026
__Lram                     ram          000000
__Lramtop                  ramtop       000800
__Lrbit                    rbit         000000
__Lrbss                    rbss         000000
__Lrdata                   rdata        000000
__Lreset_vec               reset_vec    000000
__Lrparam                  rparam       000000
__Lsfr                     sfr          000000
__Lsmallconst              smallconst   000800
__Lspace_0                 (abs)        000000
__Lspace_1                 (abs)        000000
__Lspace_2                 (abs)        000000
__Lspace_4                 (abs)        000000
__Lstack                   stack        000000
__Lstruct                  struct       000000
__Ltemp                    temp         00004A
__Ltext                    text         000000
__Ltext0                   text0        000000
__Ltext1                   text1        000000
__Ltext10                  text10       000000
__Ltext11                  text11       000000
__Ltext12                  text12       000000
__Ltext13                  text13       000000
__Ltext14                  text14       000000
__Ltext15                  text15       000000
__Ltext16                  text16       000000
__Ltext17                  text17       000000
__Ltext2                   text2        000000
__Ltext3                   text3        000000
__Ltext4                   text4        000000
__Ltext5                   text5        000000
__Ltext6                   text6        000000
__Ltext7                   text7        000000
__Ltext8                   text8        000000
__Ltext9                   text9        000000
__S0                       (abs)        001796
__S1                       (abs)        00004B
__S4                       (abs)        000000
__S5                       (abs)        000000
___fladd                   text7        000824
___fladd@a                 cstackCOMRAM 00002D
___fladd@aexp              cstackCOMRAM 000036
___fladd@b                 cstackCOMRAM 000029
___fladd@bexp              cstackCOMRAM 000037
___fladd@grs               cstackCOMRAM 000038
___fladd@signs             cstackCOMRAM 000035
___fldiv                   text6        000CE4
___fldiv@a                 cstackCOMRAM 000014
___fldiv@aexp              cstackCOMRAM 000028
___fldiv@b                 cstackCOMRAM 000010
___fldiv@bexp              cstackCOMRAM 000027
___fldiv@grs               cstackCOMRAM 000023
___fldiv@new_exp           cstackCOMRAM 000021
___fldiv@rem               cstackCOMRAM 00001C
___fldiv@sign              cstackCOMRAM 000020
___fltol                   text5        001356
___fltol@exp1              cstackCOMRAM 00000B
___fltol@f1                cstackCOMRAM 000002
___fltol@sign1             cstackCOMRAM 00000A
___heap_hi                 (abs)        000000
___heap_lo                 (abs)        000000
___inthi_sp                stack        000000
___inthi_stack_hi          stack        000000
___inthi_stack_lo          stack        000000
___intlo_sp                stack        000000
___intlo_stack_hi          stack        000000
___intlo_stack_lo          stack        000000
___param_bank              (abs)        000000
___rparam_used             (abs)        000001
___sp                      stack        000000
___stack_hi                stack        000000
___stack_lo                stack        000000
___xxtofl                  text4        00107E
___xxtofl@arg              cstackCOMRAM 00000C
___xxtofl@exp              cstackCOMRAM 00000B
___xxtofl@sign             cstackCOMRAM 00000A
___xxtofl@val              cstackCOMRAM 000002
__accesstop                (abs)        000060
__activetblptr             (abs)        000002
__end_of_BitEN             text15       00176E
__end_of_Delay1ms          text17       0016FA
__end_of_DelayXms          text16       0016D0
__end_of_InitLCD           text12       00169C
__end_of_LCD_Caracter      text10       00177A
__end_of_LCD_Comando       text13       001786
__end_of_LCD_DosLineas     text8        00173C
__end_of_LCD_Linea2        text11       00178E
__end_of_LCD_Texto         text9        00165E
__end_of_MyHighPriorityIsr intcode_body 001796
__end_of_MyLowPriorityIsr  intcodelo    000026
__end_of_TxDato            text14       001556
__end_of_UART_Initial      text3        001614
__end_of_UART_Write        text2        001752
__end_of_USART_Read        text1        001720
__end_of___fladd           text7        000CE4
__end_of___fldiv           text6        00107E
__end_of___fltol           text5        00145C
__end_of___xxtofl          text4        001232
__end_of__initialization   cinit        001752
__end_of_main              text0        001356
__initialization           cinit        001752
__mediumconst              mediumconst  000000
__pcinit                   cinit        001752
__pcstackCOMRAM            cstackCOMRAM 000001
__pintcode                 intcode      000008
__pintcode_body            intcode_body 00178E
__pintcodelo               intcodelo    000018
__psmallconst              smallconst   000800
__ptext0                   text0        001232
__ptext1                   text1        0016FA
__ptext10                  text10       00176E
__ptext11                  text11       001786
__ptext12                  text12       00165E
__ptext13                  text13       00177A
__ptext14                  text14       00145C
__ptext15                  text15       001760
__ptext16                  text16       00169C
__ptext17                  text17       0016D0
__ptext2                   text2        00173C
__ptext3                   text3        001556
__ptext4                   text4        00107E
__ptext5                   text5        001356
__ptext6                   text6        000CE4
__ptext7                   text7        000824
__ptext8                   text8        001720
__ptext9                   text9        001614
__ramtop                   ramtop       000800
__smallconst               smallconst   000800
_main                      text0        001232
btemp                      temp         00004A
end_of_initialization      cinit        001752
int$flags                  temp         00004A
int_func                   intcode_body 00178E
intlevel0                  text         000000
intlevel1                  text         000000
intlevel2                  text         000000
intlevel3                  text         000000
isa$std                    (abs)        000001
isa$xinst                  (abs)        000000
main@data                  cstackCOMRAM 000047
main@i                     cstackCOMRAM 000048
stackhi                    (abs)        000000
stacklo                    (abs)        000000
start                      init         000026
start_initialization       cinit        001752
ttemp5                     temp         00004B
ttemp6                     temp         00004E
ttemp7                     temp         000052
wtemp8                     temp         00004B


MODULE INFORMATION

Module		Function		Class		Link	Load	Size
C:\Program Files\Microchip\xc8\v2.45\pic\sources\c99\common\sprcdiv.c
		___fldiv       		CODE           	0CE4	0000	922

C:\Program Files\Microchip\xc8\v2.45\pic\sources\c99\common\sprcdiv.c estimated size: 922

shared
		__initialization		CODE           	1752	0000	1

shared estimated size: 1

C:\Program Files\Microchip\xc8\v2.45\pic\sources\c99\common\xxtofl.c
		___xxtofl      		CODE           	107E	0000	436

C:\Program Files\Microchip\xc8\v2.45\pic\sources\c99\common\xxtofl.c estimated size: 436

C:\Program Files\Microchip\xc8\v2.45\pic\sources\c99\common\sprcadd.c
		___fladd       		CODE           	0824	0000	1216

C:\Program Files\Microchip\xc8\v2.45\pic\sources\c99\common\sprcadd.c estimated size: 1216

Codigo_Practica6_Parte1.c
		_DelayXms      		CODE           	169C	0000	52
		_LCD_Comando   		CODE           	177A	0000	12
		_USART_Read    		CODE           	16FA	0000	38
		_LCD_Texto     		CODE           	1614	0000	74
		_LCD_Linea2    		CODE           	1786	0000	8
		_main          		CODE           	1232	0000	292
		_UART_Initial  		CODE           	1556	0000	190
		_BitEN         		CODE           	1760	0000	14
		_MyHighPriorityIsr		CODE           	0008	0000	14
		_LCD_DosLineas 		CODE           	1720	0000	28
		_InitLCD       		CODE           	165E	0000	62
		_Delay1ms      		CODE           	16D0	0000	42
		_LCD_Caracter  		CODE           	176E	0000	12
		_UART_Write    		CODE           	173C	0000	22
		_MyLowPriorityIsr		CODE           	0018	0000	14
		_TxDato        		CODE           	145C	0000	250

Codigo_Practica6_Parte1.c estimated size: 1124

C:\Program Files\Microchip\xc8\v2.45\pic\sources\c99\common\fltol.c
		___fltol       		CODE           	1356	0000	262

C:\Program Files\Microchip\xc8\v2.45\pic\sources\c99\common\fltol.c estimated size: 262

