Microchip MPLAB XC8 Compiler V2.45

Linker command line:

-W-3 \
  --edf=C:\Program Files\Microchip\xc8\v2.45\pic\dat\20230818022343_en.msgs \
  -cn -h+dist/default/production\Pr5_Parte3.X.production.sym \
  --cmf=dist/default/production\Pr5_Parte3.X.production.cmf -z -Q18F4550 \
  -oC:\Users\UsuarioF\AppData\Local\Temp\xcAslbs.\driver_tmp_3.o \
  --defsym=__MPLAB_BUILD=1 --fixupoverflow=error \
  -Mdist/default/production/Pr5_Parte3.X.production.map \
  --md=C:\Users\UsuarioF\AppData\Local\Temp\xcAslbs.\driver_tmp_0.dat -E1 \
  -ver=XC8 Compiler --acfsm=1493 -ACODE=00h-07FFFh -ACONST=00h-07FFFh \
  -ASMALLCONST=0800h-08FFhx120 -AMEDIUMCONST=0800h-07FFFh -ACOMRAM=01h-05Fh \
  -AABS1=00h-07FFh -ABIGRAM=01h-07FFh -ARAM=060h-0FFh,0100h-01FFhx7 \
  -ABANK0=060h-0FFh -ABANK1=0100h-01FFh -ABANK2=0200h-02FFh \
  -ABANK3=0300h-03FFh -ABANK4=0400h-04FFh -ABANK5=0500h-05FFh \
  -ABANK6=0600h-06FFh -ABANK7=0700h-07FFh -ASFR=0F60h-0FFFh \
  -ABIGSFR=0F60h-0FFFh -ACONFIG=0300000h-030000Dh -AIDLOC=0200000h-0200007h \
  -AEEDATA=0F00000h-0F000FFh -peeprom_data=EEDATA \
  -preset_vec=00h,intcode=08h,intcodelo,powerup,init -pramtop=0800h \
  -psmallconst=SMALLCONST -pmediumconst=MEDIUMCONST -pconst=CONST \
  -AFARRAM=00h-00h \
  -prdata=COMRAM,nvrram=COMRAM,nvbit=COMRAM,rbss=COMRAM,rbit=COMRAM \
  -pfarbss=FARRAM,fardata=FARRAM,nvFARRAM=FARRAM \
  -pintsave_regs=BIGRAM,bigbss=BIGRAM,bigdata=BIGRAM -pbss=RAM \
  -pidata=CODE,irdata=CODE,ibigdata=CODE,ifardata=CODE -prparam=COMRAM \
  C:\Users\UsuarioF\AppData\Local\Temp\xcAslbs.\driver_tmp_9.o \
  dist/default/production\Pr5_Parte3.X.production.o 

Object code version is 3.11

Machine type is 18F4550



                Name                               Link     Load   Length Selector   Space Scale
C:\Users\UsuarioF\AppData\Local\Temp\xcAslbs.\driver_tmp_9.o
                idloc                            200000   200000        8        0       5
                config                           300000   300000        E        0       4
                init                                  E        E        4        4       0
                reset_vec                             0        0        4        0       0
dist/default/production\Pr5_Parte3.X.production.o
                intcode                               8        8        6        4       0
                idloc                            200000   200000        8        0       5
                config                           300000   300000        E        0       4
                temp                                 1D       1D        1        1       1
                smallconst                          800      800       48      400       0
                text21                              DF4      DF4       2A      424       0
                text20                              D6C      D6C       32      424       0
                intcode_body                        E1E      E1E       26      424       0
                text18                              BB2      BB2       70      424       0
                text17                              E60      E60       1A      424       0
                text16                              E7A      E7A       18      424       0
                text15                              E92      E92       14      424       0
                text14                              DCA      DCA       2A      424       0
                text13                              D06      D06       34      424       0
                text12                              EA6      EA6        E      424       0
                text11                              984      984       FA      424       0
                text10                              EC0      EC0        C      424       0
                text9                               CC8      CC8       3E      424       0
                text8                               ECC      ECC        8      424       0
                text7                               EB4      EB4        C      424       0
                text6                               C86      C86       42      424       0
                text5                               E44      E44       1C      424       0
                text4                               B3E      B3E       74      424       0
                text3                               C22      C22       64      424       0
                text2                               A7E      A7E       C0      424       0
                text1                               D9E      D9E       2C      424       0
                text0                               848      848      13C      424       0
                cstackCOMRAM                          1        1       16        1       1
                dataCOMRAM                           1B       1B        2        1       1
                bssCOMRAM                            17       17        4        1       1
                cinit                               D3A      D3A       32      424       0
                idataCOMRAM                         ED4      ED4        2      424       0

TOTAL           Name                               Link     Load   Length     Space
        CLASS   CODE           
                intcode                               8        8        6         0
                init                                  E        E        4         0
                reset_vec                             0        0        4         0
                text21                              DF4      DF4       2A         0
                text20                              D6C      D6C       32         0
                intcode_body                        E1E      E1E       26         0
                text18                              BB2      BB2       70         0
                text17                              E60      E60       1A         0
                text16                              E7A      E7A       18         0
                text15                              E92      E92       14         0
                text14                              DCA      DCA       2A         0
                text13                              D06      D06       34         0
                text12                              EA6      EA6        E         0
                text11                              984      984       FA         0
                text10                              EC0      EC0        C         0
                text9                               CC8      CC8       3E         0
                text8                               ECC      ECC        8         0
                text7                               EB4      EB4        C         0
                text6                               C86      C86       42         0
                text5                               E44      E44       1C         0
                text4                               B3E      B3E       74         0
                text3                               C22      C22       64         0
                text2                               A7E      A7E       C0         0
                text1                               D9E      D9E       2C         0
                text0                               848      848      13C         0
                cinit                               D3A      D3A       32         0
                idataCOMRAM                         ED4      ED4        2         0

        CLASS   CONST          

        CLASS   SMALLCONST     
                smallconst                          800      800       48         0

        CLASS   MEDIUMCONST    

        CLASS   COMRAM         
                temp                                 1D       1D        1         1
                cstackCOMRAM                          1        1       16         1
                dataCOMRAM                           1B       1B        2         1
                bssCOMRAM                            17       17        4         1

        CLASS   ABS1           

        CLASS   BIGRAM         

        CLASS   RAM            

        CLASS   BANK0          

        CLASS   BANK1          

        CLASS   BANK2          

        CLASS   BANK3          

        CLASS   BANK4          

        CLASS   BANK5          

        CLASS   BANK6          

        CLASS   BANK7          

        CLASS   SFR            

        CLASS   BIGSFR         

        CLASS   CONFIG         
                config                           300000   300000        E         4

        CLASS   IDLOC          
                idloc                            200000   200000        8         5

        CLASS   EEDATA         

        CLASS   FARRAM         

        CLASS   HEAP           

        CLASS   STACK          



SEGMENTS        Name                           Load    Length   Top    Selector   Space  Class

                reset_vec                      000000  000004  000004         0       0  CODE    
                cstackCOMRAM                   000001  00001D  00001E         1       1  COMRAM  
                intcode                        000008  00000A  000012         4       0  CODE    
                smallconst                     000800  000048  000848       400       0  SMALLCON
                text0                          000848  00068E  000ED6       424       0  CODE    


UNUSED ADDRESS RANGES

        Name                Unused          Largest block    Delta
        BANK0            000060-0000FF               A0
        BANK1            000100-0001FF              100
        BANK2            000200-0002FF              100
        BANK3            000300-0003FF              100
        BANK4            000400-0004FF              100
        BANK5            000500-0005FF              100
        BANK6            000600-0006FF              100
        BANK7            000700-0007FF              100
        BIGRAM           00001E-0007FF              7E2
        BIGSFR           000F60-000FFF               A0
        CODE             000004-000007                4
                         000012-0007FF              7EE
                         000ED6-007FFF             712A
        COMRAM           00001E-00005F               42
        CONST            000004-000007                4
                         000012-0007FF              7EE
                         000ED6-007FFF             712A
        EEDATA           F00000-F000FF              100
        MEDIUMCONST      000ED6-007FFF             712A
        RAM              000060-0007FF              100
        SFR              000F60-000FFF               A0
        SMALLCONST       000ED6-007FFF              100

                                  Symbol Table

?___lwdiv                                 cstackCOMRAM 00000A
?___lwmod                                 cstackCOMRAM 000005
Delay1ms@veces                            cstackCOMRAM 000005
DelayXms@Milis                            cstackCOMRAM 000007
DelayXms@i                                cstackCOMRAM 00000A
LCD_Caracter@dato                         cstackCOMRAM 00000A
LCD_Comando@cmd                           cstackCOMRAM 00000A
LCD_DosLineas@Linea1                      cstackCOMRAM 00000F
LCD_DosLineas@Linea2                      cstackCOMRAM 000010
LCD_Texto@PALABRA                         cstackCOMRAM 00000B
LCD_Texto@i                               cstackCOMRAM 00000D
MostrarADC@centenas                       cstackCOMRAM 000012
MostrarADC@decenas                        cstackCOMRAM 000013
MostrarADC@miles                          cstackCOMRAM 000011
MostrarADC@unidades                       cstackCOMRAM 000014
TxDato@dato                               cstackCOMRAM 000009
_ADCON1                                   (abs)        000FC1
_ADCON2                                   (abs)        000FC0
_ADON                                     (abs)        007E10
_ADRESH                                   (abs)        000FC4
_ADRESL                                   (abs)        000FC3
_ActualizarVelocidadLED                   text18       000BB2
_BitEN                                    text12       000EA6
_CHS0                                     (abs)        007E12
_CHS1                                     (abs)        007E13
_CHS2                                     (abs)        007E14
_CHS3                                     (abs)        007E15
_ConfiguracionInterrupciones_TMR0         text17       000E60
_Configuracion_inicialPIC                 text16       000E7A
_Delay1ms                                 text14       000DCA
_DelayXms                                 text13       000D06
_GO_DONE                                  (abs)        007E11
_INTCON2bits                              (abs)        000FF1
_INTCONbits                               (abs)        000FF2
_InitADC                                  text15       000E92
_InitLCD                                  text9        000CC8
_InterrupcionHP                           intcode      000008
_LATA                                     (abs)        000F89
_LATAbits                                 (abs)        000F89
_LATD                                     (abs)        000F8C
_LATDbits                                 (abs)        000F8C
_LCD_Caracter                             text7        000EB4
_LCD_Comando                              text10       000EC0
_LCD_DosLineas                            text5        000E44
_LCD_Linea2                               text8        000ECC
_LCD_Texto                                text6        000C86
_LeerADC                                  text20       000D6C
_MostrarADC                               text2        000A7E
_RCONbits                                 (abs)        000FD0
_T0CON                                    (abs)        000FD5
_TMR0H                                    (abs)        000FD7
_TMR0L                                    (abs)        000FD6
_TRISAbits                                (abs)        000F92
_TRISD                                    (abs)        000F95
_TxDato                                   text11       000984
__HRAM                                    (abs)        000000
__H__absolute__                           __absolute__ 000000
__Habs1                                   abs1         000000
__Hbank0                                  bank0        000000
__Hbank1                                  bank1        000000
__Hbank2                                  bank2        000000
__Hbank3                                  bank3        000000
__Hbank4                                  bank4        000000
__Hbank5                                  bank5        000000
__Hbank6                                  bank6        000000
__Hbank7                                  bank7        000000
__Hbigbss                                 bigbss       000000
__Hbigdata                                bigdata      000000
__Hbigram                                 bigram       000000
__Hbigsfr                                 bigsfr       000000
__Hbss                                    bss          000000
__HbssCOMRAM                              bssCOMRAM    000000
__Hcinit                                  cinit        000000
__Hclrtext                                clrtext      000000
__Hcomram                                 comram       000000
__Hconfig                                 config       30000E
__Hconst                                  const        000000
__HcstackCOMRAM                           cstackCOMRAM 000000
__Hdata                                   data         000000
__HdataCOMRAM                             dataCOMRAM   000000
__Heeprom_data                            eeprom_data  000000
__Hfarbss                                 farbss       000000
__Hfardata                                fardata      000000
__Hheap                                   heap         000000
__Hibigdata                               ibigdata     000000
__Hidata                                  idata        000000
__HidataCOMRAM                            idataCOMRAM  000000
__Hidloc                                  idloc        200008
__Hifardata                               ifardata     000000
__Hinit                                   init         000012
__Hintcode                                intcode      00000E
__Hintcode_body                           intcode_body 000000
__Hintcodelo                              intcodelo    00000E
__Hintentry                               intentry     000000
__Hintret                                 intret       000000
__Hintsave_regs                           intsave_regs 000000
__Hirdata                                 irdata       000000
__Hmediumconst                            mediumconst  000000
__HnvFARRAM                               nvFARRAM     000000
__Hnvbit                                  nvbit        000000
__Hnvrram                                 nvrram       000000
__Hparam                                  rparam       000000
__Hpowerup                                powerup      00000E
__Hram                                    ram          000000
__Hramtop                                 ramtop       000800
__Hrbit                                   rbit         000000
__Hrbss                                   rbss         000000
__Hrdata                                  rdata        000000
__Hreset_vec                              reset_vec    000004
__Hrparam                                 rparam       000000
__Hsfr                                    sfr          000000
__Hsmallconst                             smallconst   000848
__Hspace_0                                (abs)        000ED6
__Hspace_1                                (abs)        00001E
__Hspace_2                                (abs)        000000
__Hspace_4                                (abs)        60000E
__Hstack                                  stack        000000
__Hstruct                                 struct       000000
__Htemp                                   temp         00001E
__Htext                                   text         000000
__Htext0                                  text0        000000
__Htext1                                  text1        000000
__Htext10                                 text10       000000
__Htext11                                 text11       000000
__Htext12                                 text12       000000
__Htext13                                 text13       000000
__Htext14                                 text14       000000
__Htext15                                 text15       000000
__Htext16                                 text16       000000
__Htext17                                 text17       000000
__Htext18                                 text18       000000
__Htext2                                  text2        000000
__Htext20                                 text20       000000
__Htext21                                 text21       000000
__Htext3                                  text3        000000
__Htext4                                  text4        000000
__Htext5                                  text5        000000
__Htext6                                  text6        000000
__Htext7                                  text7        000000
__Htext8                                  text8        000000
__Htext9                                  text9        000000
__LRAM                                    (abs)        000001
__L__absolute__                           __absolute__ 000000
__Labs1                                   abs1         000000
__Lbank0                                  bank0        000000
__Lbank1                                  bank1        000000
__Lbank2                                  bank2        000000
__Lbank3                                  bank3        000000
__Lbank4                                  bank4        000000
__Lbank5                                  bank5        000000
__Lbank6                                  bank6        000000
__Lbank7                                  bank7        000000
__Lbigbss                                 bigbss       000000
__Lbigdata                                bigdata      000000
__Lbigram                                 bigram       000000
__Lbigsfr                                 bigsfr       000000
__Lbss                                    bss          000000
__LbssCOMRAM                              bssCOMRAM    000000
__Lcinit                                  cinit        000000
__Lclrtext                                clrtext      000000
__Lcomram                                 comram       000000
__Lconfig                                 config       000000
__Lconst                                  const        000000
__LcstackCOMRAM                           cstackCOMRAM 000000
__Ldata                                   data         000000
__LdataCOMRAM                             dataCOMRAM   000000
__Leeprom_data                            eeprom_data  000000
__Lfarbss                                 farbss       000000
__Lfardata                                fardata      000000
__Lheap                                   heap         000000
__Libigdata                               ibigdata     000000
__Lidata                                  idata        000000
__LidataCOMRAM                            idataCOMRAM  000000
__Lidloc                                  idloc        000000
__Lifardata                               ifardata     000000
__Linit                                   init         00000E
__Lintcode                                intcode      000008
__Lintcode_body                           intcode_body 000000
__Lintcodelo                              intcodelo    00000E
__Lintentry                               intentry     000000
__Lintret                                 intret       000000
__Lintsave_regs                           intsave_regs 000000
__Lirdata                                 irdata       000000
__Lmediumconst                            mediumconst  000000
__LnvFARRAM                               nvFARRAM     000000
__Lnvbit                                  nvbit        000000
__Lnvrram                                 nvrram       000000
__Lparam                                  rparam       000000
__Lpowerup                                powerup      00000E
__Lram                                    ram          000000
__Lramtop                                 ramtop       000800
__Lrbit                                   rbit         000000
__Lrbss                                   rbss         000000
__Lrdata                                  rdata        000000
__Lreset_vec                              reset_vec    000000
__Lrparam                                 rparam       000000
__Lsfr                                    sfr          000000
__Lsmallconst                             smallconst   000800
__Lspace_0                                (abs)        000000
__Lspace_1                                (abs)        000000
__Lspace_2                                (abs)        000000
__Lspace_4                                (abs)        000000
__Lstack                                  stack        000000
__Lstruct                                 struct       000000
__Ltemp                                   temp         00001D
__Ltext                                   text         000000
__Ltext0                                  text0        000000
__Ltext1                                  text1        000000
__Ltext10                                 text10       000000
__Ltext11                                 text11       000000
__Ltext12                                 text12       000000
__Ltext13                                 text13       000000
__Ltext14                                 text14       000000
__Ltext15                                 text15       000000
__Ltext16                                 text16       000000
__Ltext17                                 text17       000000
__Ltext18                                 text18       000000
__Ltext2                                  text2        000000
__Ltext20                                 text20       000000
__Ltext21                                 text21       000000
__Ltext3                                  text3        000000
__Ltext4                                  text4        000000
__Ltext5                                  text5        000000
__Ltext6                                  text6        000000
__Ltext7                                  text7        000000
__Ltext8                                  text8        000000
__Ltext9                                  text9        000000
__S0                                      (abs)        000ED6
__S1                                      (abs)        00001E
__S4                                      (abs)        000000
__S5                                      (abs)        000000
___heap_hi                                (abs)        000000
___heap_lo                                (abs)        000000
___inthi_sp                               stack        000000
___inthi_stack_hi                         stack        000000
___inthi_stack_lo                         stack        000000
___intlo_sp                               stack        000000
___intlo_stack_hi                         stack        000000
___intlo_stack_lo                         stack        000000
___lwdiv                                  text4        000B3E
___lwdiv@counter                          cstackCOMRAM 000010
___lwdiv@dividend                         cstackCOMRAM 00000A
___lwdiv@divisor                          cstackCOMRAM 00000C
___lwdiv@quotient                         cstackCOMRAM 00000E
___lwmod                                  text3        000C22
___lwmod@counter                          cstackCOMRAM 000009
___lwmod@dividend                         cstackCOMRAM 000005
___lwmod@divisor                          cstackCOMRAM 000007
___param_bank                             (abs)        000000
___rparam_used                            (abs)        000001
___sp                                     stack        000000
___stack_hi                               stack        000000
___stack_lo                               stack        000000
__accesstop                               (abs)        000060
__activetblptr                            (abs)        000001
__end_of_ActualizarVelocidadLED           text18       000C22
__end_of_BitEN                            text12       000EB4
__end_of_ConfiguracionInterrupciones_TMR0 text17       000E7A
__end_of_Configuracion_inicialPIC         text16       000E92
__end_of_Delay1ms                         text14       000DF4
__end_of_DelayXms                         text13       000D3A
__end_of_InitADC                          text15       000EA6
__end_of_InitLCD                          text9        000D06
__end_of_InterrupcionHP                   intcode_body 000E44
__end_of_LCD_Caracter                     text7        000EC0
__end_of_LCD_Comando                      text10       000ECC
__end_of_LCD_DosLineas                    text5        000E60
__end_of_LCD_Linea2                       text8        000ED4
__end_of_LCD_Texto                        text6        000CC8
__end_of_LeerADC                          text20       000D9E
__end_of_MostrarADC                       text2        000B3E
__end_of_TxDato                           text11       000A7E
__end_of___lwdiv                          text4        000BB2
__end_of___lwmod                          text3        000C86
__end_of__initialization                  cinit        000D5A
__end_of_led_blink                        text1        000DCA
__end_of_main                             text0        000984
__end_ofi2_Delay1ms                       text21       000E1E
__initialization                          cinit        000D3A
__mediumconst                             mediumconst  000000
__pbssCOMRAM                              bssCOMRAM    000017
__pcinit                                  cinit        000D3A
__pcstackCOMRAM                           cstackCOMRAM 000001
__pdataCOMRAM                             dataCOMRAM   00001B
__pidataCOMRAM                            idataCOMRAM  000ED4
__pintcode                                intcode      000008
__pintcode_body                           intcode_body 000E1E
__psmallconst                             smallconst   000800
__ptext0                                  text0        000848
__ptext1                                  text1        000D9E
__ptext10                                 text10       000EC0
__ptext11                                 text11       000984
__ptext12                                 text12       000EA6
__ptext13                                 text13       000D06
__ptext14                                 text14       000DCA
__ptext15                                 text15       000E92
__ptext16                                 text16       000E7A
__ptext17                                 text17       000E60
__ptext18                                 text18       000BB2
__ptext2                                  text2        000A7E
__ptext20                                 text20       000D6C
__ptext21                                 text21       000DF4
__ptext3                                  text3        000C22
__ptext4                                  text4        000B3E
__ptext5                                  text5        000E44
__ptext6                                  text6        000C86
__ptext7                                  text7        000EB4
__ptext8                                  text8        000ECC
__ptext9                                  text9        000CC8
__ramtop                                  ramtop       000800
__smallconst                              smallconst   000800
_adcValue                                 bssCOMRAM    000017
_flagADC                                  bssCOMRAM    000019
_ledPeriodo                               dataCOMRAM   00001B
_led_blink                                text1        000D9E
_main                                     text0        000848
_temp                                     bssCOMRAM    00001A
btemp                                     temp         00001D
end_of_initialization                     cinit        000D5A
i2Delay1ms@veces                          cstackCOMRAM 000001
i2_Delay1ms                               text21       000DF4
int$flags                                 temp         00001D
int_func                                  intcode_body 000E1E
intlevel0                                 text         000000
intlevel1                                 text         000000
intlevel2                                 text         000000
intlevel3                                 text         000000
isa$std                                   (abs)        000001
isa$xinst                                 (abs)        000000
led_blink@tiempo_ms                       cstackCOMRAM 00000C
main@i                                    cstackCOMRAM 000015
main@i_435                                cstackCOMRAM 000016
stackhi                                   (abs)        000000
stacklo                                   (abs)        000000
start                                     init         00000E
start_initialization                      cinit        000D3A
ttemp5                                    temp         00001E
ttemp6                                    temp         000021
ttemp7                                    temp         000025
wtemp8                                    temp         00001E


MODULE INFORMATION

Module		Function		Class		Link	Load	Size
Codigo_Pr5_Parte3.c
		_DelayXms      		CODE           	0D06	0000	52
		_led_blink     		CODE           	0D9E	0000	44
		_LCD_Comando   		CODE           	0EC0	0000	12
		_LCD_Texto     		CODE           	0C86	0000	66
		_Configuracion_inicialPIC		CODE           	0E7A	0000	24
		_LCD_Linea2    		CODE           	0ECC	0000	8
		_main          		CODE           	0848	0000	316
		_BitEN         		CODE           	0EA6	0000	14
		_InitADC       		CODE           	0E92	0000	20
		_ActualizarVelocidadLED		CODE           	0BB2	0000	112
		_InterrupcionHP		CODE           	0008	0000	44
		_LCD_DosLineas 		CODE           	0E44	0000	28
		_ConfiguracionInterrupciones_TMR0		CODE           	0E60	0000	26
		_InitLCD       		CODE           	0CC8	0000	62
		_Delay1ms      		CODE           	0DCA	0000	42
		_MostrarADC    		CODE           	0A7E	0000	192
		_LCD_Caracter  		CODE           	0EB4	0000	12
		_LeerADC       		CODE           	0D6C	0000	50
		_TxDato        		CODE           	0984	0000	250

Codigo_Pr5_Parte3.c estimated size: 1374

C:\Program Files\Microchip\xc8\v2.45\pic\sources\c99\common\lwmod.c
		___lwmod       		CODE           	0C22	0000	100

C:\Program Files\Microchip\xc8\v2.45\pic\sources\c99\common\lwmod.c estimated size: 100

shared
		__initialization		CODE           	0D3A	0000	32
		i2_Delay1ms    		CODE           	0DF4	0000	42

shared estimated size: 74

C:\Program Files\Microchip\xc8\v2.45\pic\sources\c99\common\lwdiv.c
		___lwdiv       		CODE           	0B3E	0000	116

C:\Program Files\Microchip\xc8\v2.45\pic\sources\c99\common\lwdiv.c estimated size: 116

