Microchip MPLAB XC8 Compiler V2.45

Linker command line:

-W-3 \
  --edf=C:\Program Files\Microchip\xc8\v2.45\pic\dat\20230818022343_en.msgs \
  -cn -h+dist/default/production\Practica6_Parte4.X.production.sym \
  --cmf=dist/default/production\Practica6_Parte4.X.production.cmf -z \
  -Q18F4550 -oC:\Users\UsuarioF\AppData\Local\Temp\xcAsc18.\driver_tmp_3.o \
  --defsym=__MPLAB_BUILD=1 --fixupoverflow=error \
  -Mdist/default/production/Practica6_Parte4.X.production.map \
  --md=C:\Users\UsuarioF\AppData\Local\Temp\xcAsc18.\driver_tmp_0.dat -E1 \
  -ver=XC8 Compiler --acfsm=1493 -ACODE=00h-07FFFh -ACONST=00h-07FFFh \
  -ASMALLCONST=0800h-08FFhx120 -AMEDIUMCONST=0800h-07FFFh -ACOMRAM=01h-05Fh \
  -AABS1=00h-07FFh -ABIGRAM=01h-07FFh -ARAM=060h-0FFh,0100h-01FFhx7 \
  -ABANK0=060h-0FFh -ABANK1=0100h-01FFh -ABANK2=0200h-02FFh \
  -ABANK3=0300h-03FFh -ABANK4=0400h-04FFh -ABANK5=0500h-05FFh \
  -ABANK6=0600h-06FFh -ABANK7=0700h-07FFh -ASFR=0F60h-0FFFh \
  -ABIGSFR=0F60h-0FFFh -ACONFIG=0300000h-030000Dh -AIDLOC=0200000h-0200007h \
  -AEEDATA=0F00000h-0F000FFh -peeprom_data=EEDATA \
  -preset_vec=00h,intcode,intcodelo,powerup,init -pramtop=0800h \
  -psmallconst=SMALLCONST -pmediumconst=MEDIUMCONST -pconst=CONST \
  -AFARRAM=00h-00h \
  -prdata=COMRAM,nvrram=COMRAM,nvbit=COMRAM,rbss=COMRAM,rbit=COMRAM \
  -pfarbss=FARRAM,fardata=FARRAM,nvFARRAM=FARRAM \
  -pintsave_regs=BIGRAM,bigbss=BIGRAM,bigdata=BIGRAM -pbss=RAM \
  -pidata=CODE,irdata=CODE,ibigdata=CODE,ifardata=CODE -prparam=COMRAM \
  C:\Users\UsuarioF\AppData\Local\Temp\xcAsc18.\driver_tmp_9.o \
  dist/default/production\Practica6_Parte4.X.production.o 

Object code version is 3.11

Machine type is 18F4550



                Name                               Link     Load   Length Selector   Space Scale
C:\Users\UsuarioF\AppData\Local\Temp\xcAsc18.\driver_tmp_9.o
                idloc                            200000   200000        8        0       5
                config                           300000   300000        E        0       4
                init                                  0        0        4        0       0
dist/default/production\Practica6_Parte4.X.production.o
                idloc                            200000   200000        8        0       5
                config                           300000   300000        E        0       4
                smallconst                          800      800       68      400       0
                text18                             1E4A     1E4A       10      434       0
                text17                             1D80     1D80       30      434       0
                text16                             1E38     1E38       12      434       0
                text15                             1CBA     1CBA       50      434       0
                text14                             1E08     1E08       1A      434       0
                text13                             1DDC     1DDC       2C      434       0
                text12                             1C54     1C54       66      434       0
                text11                             1D48     1D48       38      434       0
                text10                             1D0A     1D0A       3E      434       0
                text9                               E50      E50      4C0      434       0
                text8                              1310     1310      39A      434       0
                text7                              19E2     19E2      106      434       0
                text6                              16AA     16AA      1B4      434       0
                text5                              1AE8     1AE8       BE      434       0
                text4                              1E22     1E22       16      434       0
                text3                              1DB0     1DB0       2C      434       0
                text2                              1BA6     1BA6       AE      434       0
                text1                              185E     185E      184      434       0
                text0                               868      868      5E8      434       0
                cstackCOMRAM                          1        1       59        1       1
                cinit                              1E5A     1E5A        A      434       0

TOTAL           Name                               Link     Load   Length     Space
        CLASS   CODE           
                init                                  0        0        4         0
                text18                             1E4A     1E4A       10         0
                text17                             1D80     1D80       30         0
                text16                             1E38     1E38       12         0
                text15                             1CBA     1CBA       50         0
                text14                             1E08     1E08       1A         0
                text13                             1DDC     1DDC       2C         0
                text12                             1C54     1C54       66         0
                text11                             1D48     1D48       38         0
                text10                             1D0A     1D0A       3E         0
                text9                               E50      E50      4C0         0
                text8                              1310     1310      39A         0
                text7                              19E2     19E2      106         0
                text6                              16AA     16AA      1B4         0
                text5                              1AE8     1AE8       BE         0
                text4                              1E22     1E22       16         0
                text3                              1DB0     1DB0       2C         0
                text2                              1BA6     1BA6       AE         0
                text1                              185E     185E      184         0
                text0                               868      868      5E8         0
                cinit                              1E5A     1E5A        A         0

        CLASS   CONST          

        CLASS   SMALLCONST     
                smallconst                          800      800       68         0

        CLASS   MEDIUMCONST    

        CLASS   COMRAM         
                cstackCOMRAM                          1        1       59         1

        CLASS   ABS1           

        CLASS   BIGRAM         

        CLASS   RAM            

        CLASS   BANK0          

        CLASS   BANK1          

        CLASS   BANK2          

        CLASS   BANK3          

        CLASS   BANK4          

        CLASS   BANK5          

        CLASS   BANK6          

        CLASS   BANK7          

        CLASS   SFR            

        CLASS   BIGSFR         

        CLASS   CONFIG         
                config                           300000   300000        E         4

        CLASS   IDLOC          
                idloc                            200000   200000        8         5

        CLASS   EEDATA         

        CLASS   FARRAM         

        CLASS   HEAP           

        CLASS   STACK          



SEGMENTS        Name                           Load    Length   Top    Selector   Space  Class

                reset_vec                      000000  000004  000004         0       0  CODE    
                cstackCOMRAM                   000001  000059  00005A         1       1  COMRAM  
                smallconst                     000800  000068  000868       400       0  SMALLCON
                text0                          000868  0015FC  001E64       434       0  CODE    


UNUSED ADDRESS RANGES

        Name                Unused          Largest block    Delta
        BANK0            000060-0000FF               A0
        BANK1            000100-0001FF              100
        BANK2            000200-0002FF              100
        BANK3            000300-0003FF              100
        BANK4            000400-0004FF              100
        BANK5            000500-0005FF              100
        BANK6            000600-0006FF              100
        BANK7            000700-0007FF              100
        BIGRAM           00005A-0007FF              7A6
        BIGSFR           000F60-000FFF               A0
        CODE             000004-0007FF              7FC
                         001E64-007FFF             619C
        COMRAM           00005A-00005F                6
        CONST            000004-0007FF              7FC
                         001E64-007FFF             619C
        EEDATA           F00000-F000FF              100
        MEDIUMCONST      001E64-007FFF             619C
        RAM              000060-0007FF              100
        SFR              000F60-000FFF               A0
        SMALLCONST       001E64-007FFF              100

                                  Symbol Table

?___fladd                 cstackCOMRAM 000028
?___fldiv                 cstackCOMRAM 00000F
?___fltol                 cstackCOMRAM 000001
?___xxtofl                cstackCOMRAM 000001
EEPROM_Read@address       cstackCOMRAM 000001
EEPROM_Write@address      cstackCOMRAM 000002
EEPROM_Write@data         cstackCOMRAM 000001
LCD_cursor_blink@enable   cstackCOMRAM 000005
LCD_print@str             cstackCOMRAM 000005
LCD_set_cursor@cmd        cstackCOMRAM 000009
LCD_set_cursor@col        cstackCOMRAM 000005
LCD_set_cursor@row        cstackCOMRAM 000006
Tx_DATO@DATO              cstackCOMRAM 000003
Tx_DATO@is_char           cstackCOMRAM 000001
Tx_DATO@led_state         cstackCOMRAM 000004
UART_Initial@baud_rate    cstackCOMRAM 000038
UART_Initial@bps          cstackCOMRAM 000040
UART_Write@data           cstackCOMRAM 000001
_ADCON1                   (abs)        000FC1
_BAUDCONbits              (abs)        000FB8
_BitEN                    text16       001E38
_CMCON                    (abs)        000FB4
_CREN                     (abs)        007D5C
_EEADR                    (abs)        000FA9
_EECON1bits               (abs)        000FA6
_EECON2                   (abs)        000FA7
_EEDATA                   (abs)        000FA8
_EEPROM_Read              text18       001E4A
_EEPROM_Write             text17       001D80
_INTCONbits               (abs)        000FF2
_LATB                     (abs)        000F8A
_LATD                     (abs)        000F8C
_LATDbits                 (abs)        000F8C
_LCD_clear                text14       001E08
_LCD_cursor_blink         text13       001DDC
_LCD_init                 text12       001C54
_LCD_print                text11       001D48
_LCD_set_cursor           text10       001D0A
_LCD_set_cursor$430       cstackCOMRAM 000007
_PORTB                    (abs)        000F81
_RCIF                     (abs)        007CF5
_RCREG                    (abs)        000FAE
_RCSTA                    (abs)        000FAB
_RCSTAbits                (abs)        000FAB
_SPBRG                    (abs)        000FAF
_TRISB                    (abs)        000F93
_TRISCbits                (abs)        000F94
_TRISD                    (abs)        000F95
_TRMT                     (abs)        007D61
_TXREG                    (abs)        000FAD
_TXSTAbits                (abs)        000FAC
_Tx_DATO                  text15       001CBA
_UART_Initial             text5        001AE8
_UART_Write               text4        001E22
_USART_Read               text3        001DB0
__HRAM                    (abs)        000000
__H__absolute__           __absolute__ 000000
__Habs1                   abs1         000000
__Hbank0                  bank0        000000
__Hbank1                  bank1        000000
__Hbank2                  bank2        000000
__Hbank3                  bank3        000000
__Hbank4                  bank4        000000
__Hbank5                  bank5        000000
__Hbank6                  bank6        000000
__Hbank7                  bank7        000000
__Hbigbss                 bigbss       000000
__Hbigdata                bigdata      000000
__Hbigram                 bigram       000000
__Hbigsfr                 bigsfr       000000
__Hbss                    bss          000000
__Hcinit                  cinit        000000
__Hclrtext                clrtext      000000
__Hcomram                 comram       000000
__Hconfig                 config       30000E
__Hconst                  const        000000
__HcstackCOMRAM           cstackCOMRAM 000000
__Hdata                   data         000000
__Heeprom_data            eeprom_data  000000
__Hfarbss                 farbss       000000
__Hfardata                fardata      000000
__Hheap                   heap         000000
__Hibigdata               ibigdata     000000
__Hidata                  idata        000000
__Hidloc                  idloc        200008
__Hifardata               ifardata     000000
__Hinit                   init         000004
__Hintcode                intcode      000000
__Hintcode_body           intcode_body 000000
__Hintcodelo              intcodelo    000000
__Hintentry               intentry     000000
__Hintret                 intret       000000
__Hintsave_regs           intsave_regs 000000
__Hirdata                 irdata       000000
__Hmediumconst            mediumconst  000000
__HnvFARRAM               nvFARRAM     000000
__Hnvbit                  nvbit        000000
__Hnvrram                 nvrram       000000
__Hparam                  rparam       000000
__Hpowerup                powerup      000000
__Hram                    ram          000000
__Hramtop                 ramtop       000800
__Hrbit                   rbit         000000
__Hrbss                   rbss         000000
__Hrdata                  rdata        000000
__Hreset_vec              reset_vec    000000
__Hrparam                 rparam       000000
__Hsfr                    sfr          000000
__Hsmallconst             smallconst   000868
__Hspace_0                (abs)        001E64
__Hspace_1                (abs)        00005A
__Hspace_2                (abs)        000000
__Hspace_4                (abs)        60000E
__Hstack                  stack        000000
__Hstruct                 struct       000000
__Htemp                   temp         000000
__Htext                   text         000000
__Htext0                  text0        000000
__Htext1                  text1        000000
__Htext10                 text10       000000
__Htext11                 text11       000000
__Htext12                 text12       000000
__Htext13                 text13       000000
__Htext14                 text14       000000
__Htext15                 text15       000000
__Htext16                 text16       000000
__Htext17                 text17       000000
__Htext18                 text18       000000
__Htext2                  text2        000000
__Htext3                  text3        000000
__Htext4                  text4        000000
__Htext5                  text5        000000
__Htext6                  text6        000000
__Htext7                  text7        000000
__Htext8                  text8        000000
__Htext9                  text9        000000
__LRAM                    (abs)        000001
__L__absolute__           __absolute__ 000000
__Labs1                   abs1         000000
__Lbank0                  bank0        000000
__Lbank1                  bank1        000000
__Lbank2                  bank2        000000
__Lbank3                  bank3        000000
__Lbank4                  bank4        000000
__Lbank5                  bank5        000000
__Lbank6                  bank6        000000
__Lbank7                  bank7        000000
__Lbigbss                 bigbss       000000
__Lbigdata                bigdata      000000
__Lbigram                 bigram       000000
__Lbigsfr                 bigsfr       000000
__Lbss                    bss          000000
__Lcinit                  cinit        000000
__Lclrtext                clrtext      000000
__Lcomram                 comram       000000
__Lconfig                 config       000000
__Lconst                  const        000000
__LcstackCOMRAM           cstackCOMRAM 000000
__Ldata                   data         000000
__Leeprom_data            eeprom_data  000000
__Lfarbss                 farbss       000000
__Lfardata                fardata      000000
__Lheap                   heap         000000
__Libigdata               ibigdata     000000
__Lidata                  idata        000000
__Lidloc                  idloc        000000
__Lifardata               ifardata     000000
__Linit                   init         000000
__Lintcode                intcode      000000
__Lintcode_body           intcode_body 000000
__Lintcodelo              intcodelo    000000
__Lintentry               intentry     000000
__Lintret                 intret       000000
__Lintsave_regs           intsave_regs 000000
__Lirdata                 irdata       000000
__Lmediumconst            mediumconst  000000
__LnvFARRAM               nvFARRAM     000000
__Lnvbit                  nvbit        000000
__Lnvrram                 nvrram       000000
__Lparam                  rparam       000000
__Lpowerup                powerup      000000
__Lram                    ram          000000
__Lramtop                 ramtop       000800
__Lrbit                   rbit         000000
__Lrbss                   rbss         000000
__Lrdata                  rdata        000000
__Lreset_vec              reset_vec    000000
__Lrparam                 rparam       000000
__Lsfr                    sfr          000000
__Lsmallconst             smallconst   000800
__Lspace_0                (abs)        000000
__Lspace_1                (abs)        000000
__Lspace_2                (abs)        000000
__Lspace_4                (abs)        000000
__Lstack                  stack        000000
__Lstruct                 struct       000000
__Ltemp                   temp         000000
__Ltext                   text         000000
__Ltext0                  text0        000000
__Ltext1                  text1        000000
__Ltext10                 text10       000000
__Ltext11                 text11       000000
__Ltext12                 text12       000000
__Ltext13                 text13       000000
__Ltext14                 text14       000000
__Ltext15                 text15       000000
__Ltext16                 text16       000000
__Ltext17                 text17       000000
__Ltext18                 text18       000000
__Ltext2                  text2        000000
__Ltext3                  text3        000000
__Ltext4                  text4        000000
__Ltext5                  text5        000000
__Ltext6                  text6        000000
__Ltext7                  text7        000000
__Ltext8                  text8        000000
__Ltext9                  text9        000000
__S0                      (abs)        001E64
__S1                      (abs)        00005A
__S4                      (abs)        000000
__S5                      (abs)        000000
___fladd                  text9        000E50
___fladd@a                cstackCOMRAM 00002C
___fladd@aexp             cstackCOMRAM 000035
___fladd@b                cstackCOMRAM 000028
___fladd@bexp             cstackCOMRAM 000036
___fladd@grs              cstackCOMRAM 000037
___fladd@signs            cstackCOMRAM 000034
___fldiv                  text8        001310
___fldiv@a                cstackCOMRAM 000013
___fldiv@aexp             cstackCOMRAM 000027
___fldiv@b                cstackCOMRAM 00000F
___fldiv@bexp             cstackCOMRAM 000026
___fldiv@grs              cstackCOMRAM 000022
___fldiv@new_exp          cstackCOMRAM 000020
___fldiv@rem              cstackCOMRAM 00001B
___fldiv@sign             cstackCOMRAM 00001F
___fltol                  text7        0019E2
___fltol@exp1             cstackCOMRAM 00000A
___fltol@f1               cstackCOMRAM 000001
___fltol@sign1            cstackCOMRAM 000009
___heap_hi                (abs)        000000
___heap_lo                (abs)        000000
___inthi_sp               stack        000000
___inthi_stack_hi         stack        000000
___inthi_stack_lo         stack        000000
___intlo_sp               stack        000000
___intlo_stack_hi         stack        000000
___intlo_stack_lo         stack        000000
___param_bank             (abs)        000000
___rparam_used            (abs)        000001
___sp                     stack        000000
___stack_hi               stack        000000
___stack_lo               stack        000000
___xxtofl                 text6        0016AA
___xxtofl@arg             cstackCOMRAM 00000B
___xxtofl@exp             cstackCOMRAM 00000A
___xxtofl@sign            cstackCOMRAM 000009
___xxtofl@val             cstackCOMRAM 000001
__accesstop               (abs)        000060
__activetblptr            (abs)        000002
__end_of_BitEN            text16       001E4A
__end_of_EEPROM_Read      text18       001E5A
__end_of_EEPROM_Write     text17       001DB0
__end_of_LCD_clear        text14       001E22
__end_of_LCD_cursor_blink text13       001E08
__end_of_LCD_init         text12       001CBA
__end_of_LCD_print        text11       001D80
__end_of_LCD_set_cursor   text10       001D48
__end_of_Tx_DATO          text15       001D0A
__end_of_UART_Initial     text5        001BA6
__end_of_UART_Write       text4        001E38
__end_of_USART_Read       text3        001DDC
__end_of___fladd          text9        001310
__end_of___fldiv          text8        0016AA
__end_of___fltol          text7        001AE8
__end_of___xxtofl         text6        00185E
__end_of__initialization  cinit        001E5A
__end_of_main             text0        000E50
__end_of_mapear_tecla     text2        001C54
__end_of_teclado          text1        0019E2
__initialization          cinit        001E5A
__mediumconst             mediumconst  000000
__pcinit                  cinit        001E5A
__pcstackCOMRAM           cstackCOMRAM 000001
__psmallconst             smallconst   000800
__ptext0                  text0        000868
__ptext1                  text1        00185E
__ptext10                 text10       001D0A
__ptext11                 text11       001D48
__ptext12                 text12       001C54
__ptext13                 text13       001DDC
__ptext14                 text14       001E08
__ptext15                 text15       001CBA
__ptext16                 text16       001E38
__ptext17                 text17       001D80
__ptext18                 text18       001E4A
__ptext2                  text2        001BA6
__ptext3                  text3        001DB0
__ptext4                  text4        001E22
__ptext5                  text5        001AE8
__ptext6                  text6        0016AA
__ptext7                  text7        0019E2
__ptext8                  text8        001310
__ptext9                  text9        000E50
__ramtop                  ramtop       000800
__smallconst              smallconst   000800
_main                     text0        000868
_mapear_tecla             text2        001BA6
_teclado                  text1        00185E
end_of_initialization     cinit        001E5A
intlevel0                 text         000000
intlevel1                 text         000000
intlevel2                 text         000000
intlevel3                 text         000000
isa$std                   (abs)        000001
isa$xinst                 (abs)        000000
main@client_state         cstackCOMRAM 000056
main@comando_pendiente    cstackCOMRAM 000049
main@data                 cstackCOMRAM 000058
main@i                    cstackCOMRAM 000050
main@i_474                cstackCOMRAM 000051
main@pass_buffer          cstackCOMRAM 000046
main@pass_index           cstackCOMRAM 000059
main@rx_buffer            cstackCOMRAM 00004D
main@rx_index             cstackCOMRAM 000054
main@server_state         cstackCOMRAM 000052
main@tecla_actual         cstackCOMRAM 000055
main@tecla_ascii          cstackCOMRAM 000057
main@tx_index             cstackCOMRAM 000053
main@v1                   cstackCOMRAM 00004A
main@v2                   cstackCOMRAM 00004B
main@v3                   cstackCOMRAM 00004C
mapear_tecla@valor        cstackCOMRAM 000001
stackhi                   (abs)        000000
stacklo                   (abs)        000000
start                     init         000000
start_initialization      cinit        001E5A


MODULE INFORMATION

Module		Function		Class		Link	Load	Size
Codigo_Practica6_Parte4.c
		_LCD_set_cursor		CODE           	1D0A	0000	62
		_LCD_clear     		CODE           	1E08	0000	26
		_LCD_print     		CODE           	1D48	0000	56
		_mapear_tecla  		CODE           	1BA6	0000	174
		_USART_Read    		CODE           	1DB0	0000	44
		_EEPROM_Read   		CODE           	1E4A	0000	16
		_LCD_cursor_blink		CODE           	1DDC	0000	44
		_EEPROM_Write  		CODE           	1D80	0000	48
		_main          		CODE           	0868	0000	1512
		_UART_Initial  		CODE           	1AE8	0000	190
		_BitEN         		CODE           	1E38	0000	18
		_teclado       		CODE           	185E	0000	388
		_LCD_init      		CODE           	1C54	0000	102
		_UART_Write    		CODE           	1E22	0000	22
		_Tx_DATO       		CODE           	1CBA	0000	80

Codigo_Practica6_Parte4.c estimated size: 2782

C:\Program Files\Microchip\xc8\v2.45\pic\sources\c99\common\sprcdiv.c
		___fldiv       		CODE           	1310	0000	922

C:\Program Files\Microchip\xc8\v2.45\pic\sources\c99\common\sprcdiv.c estimated size: 922

shared
		__initialization		CODE           	1E5A	0000	1

shared estimated size: 1

C:\Program Files\Microchip\xc8\v2.45\pic\sources\c99\common\xxtofl.c
		___xxtofl      		CODE           	16AA	0000	436

C:\Program Files\Microchip\xc8\v2.45\pic\sources\c99\common\xxtofl.c estimated size: 436

C:\Program Files\Microchip\xc8\v2.45\pic\sources\c99\common\sprcadd.c
		___fladd       		CODE           	0E50	0000	1216

C:\Program Files\Microchip\xc8\v2.45\pic\sources\c99\common\sprcadd.c estimated size: 1216

C:\Program Files\Microchip\xc8\v2.45\pic\sources\c99\common\fltol.c
		___fltol       		CODE           	19E2	0000	262

C:\Program Files\Microchip\xc8\v2.45\pic\sources\c99\common\fltol.c estimated size: 262

