MPLINK 4.49, Linker
Linker Map File - Created Wed May 13 00:56:07 2026

                                 Section Info
                  Section       Type    Address   Location Size(Bytes)
                ---------  ---------  ---------  ---------  ---------
                   .org_0       code   0x000000    program   0x000004
                   .cinit    romdata   0x000004    program   0x000002
                   .org_1       code   0x000008    program   0x000004
                   .org_2       code   0x000020    program   0x00015a



                              Program Memory Usage 
                               Start         End      
                           ---------   ---------      
                            0x000000    0x000005      
                            0x000008    0x00000b      
                            0x000020    0x000179      
            356 out of 33048 program addresses used, program memory utilization is 1%



                              Symbols - Sorted by Name
                     Name    Address   Location    Storage File                     
                ---------  ---------  ---------  --------- ---------                
               Boton_S3_D   0x0000e4    program     static C:\Users\UsuarioF\Desktop\CLASES\Sexto ciclo\Microprocesadores\Practicas\Codigos\Pr2\Parte4\Codigo.asm
              BucleInicio   0x00005a    program     static C:\Users\UsuarioF\Desktop\CLASES\Sexto ciclo\Microprocesadores\Practicas\Codigos\Pr2\Parte4\Codigo.asm
             Continuar_s2   0x000100    program     static C:\Users\UsuarioF\Desktop\CLASES\Sexto ciclo\Microprocesadores\Practicas\Codigos\Pr2\Parte4\Codigo.asm
               Delay100ms   0x000124    program     static C:\Users\UsuarioF\Desktop\CLASES\Sexto ciclo\Microprocesadores\Practicas\Codigos\Pr2\Parte4\Codigo.asm
                 Delay1ms   0x000134    program     static C:\Users\UsuarioF\Desktop\CLASES\Sexto ciclo\Microprocesadores\Practicas\Codigos\Pr2\Parte4\Codigo.asm
                 DelayXms   0x000116    program     static C:\Users\UsuarioF\Desktop\CLASES\Sexto ciclo\Microprocesadores\Practicas\Codigos\Pr2\Parte4\Codigo.asm
        Detener_Secuencia   0x0000e0    program     static C:\Users\UsuarioF\Desktop\CLASES\Sexto ciclo\Microprocesadores\Practicas\Codigos\Pr2\Parte4\Codigo.asm
               EncuestaON   0x00007e    program     static C:\Users\UsuarioF\Desktop\CLASES\Sexto ciclo\Microprocesadores\Practicas\Codigos\Pr2\Parte4\Codigo.asm
               Espera_Der   0x0000c2    program     static C:\Users\UsuarioF\Desktop\CLASES\Sexto ciclo\Microprocesadores\Practicas\Codigos\Pr2\Parte4\Codigo.asm
               Espera_Izq   0x00009e    program     static C:\Users\UsuarioF\Desktop\CLASES\Sexto ciclo\Microprocesadores\Practicas\Codigos\Pr2\Parte4\Codigo.asm
         Est_transistorio   0x000088    program     static C:\Users\UsuarioF\Desktop\CLASES\Sexto ciclo\Microprocesadores\Practicas\Codigos\Pr2\Parte4\Codigo.asm
                  Fin_ISR   0x000178    program     static C:\Users\UsuarioF\Desktop\CLASES\Sexto ciclo\Microprocesadores\Practicas\Codigos\Pr2\Parte4\Codigo.asm
                   Inicio   0x000020    program     static C:\Users\UsuarioF\Desktop\CLASES\Sexto ciclo\Microprocesadores\Practicas\Codigos\Pr2\Parte4\Codigo.asm
           InterrupcionHP   0x000152    program     static C:\Users\UsuarioF\Desktop\CLASES\Sexto ciclo\Microprocesadores\Practicas\Codigos\Pr2\Parte4\Codigo.asm
            Ola_Hacia_Der   0x0000b8    program     static C:\Users\UsuarioF\Desktop\CLASES\Sexto ciclo\Microprocesadores\Practicas\Codigos\Pr2\Parte4\Codigo.asm
            Ola_Hacia_Izq   0x000094    program     static C:\Users\UsuarioF\Desktop\CLASES\Sexto ciclo\Microprocesadores\Practicas\Codigos\Pr2\Parte4\Codigo.asm
           Reiniciar_Todo   0x000072    program     static C:\Users\UsuarioF\Desktop\CLASES\Sexto ciclo\Microprocesadores\Practicas\Codigos\Pr2\Parte4\Codigo.asm
                 Trans_s2   0x0000f0    program     static C:\Users\UsuarioF\Desktop\CLASES\Sexto ciclo\Microprocesadores\Practicas\Codigos\Pr2\Parte4\Codigo.asm
                   bucle1   0x00013e    program     static C:\Users\UsuarioF\Desktop\CLASES\Sexto ciclo\Microprocesadores\Practicas\Codigos\Pr2\Parte4\Codigo.asm
               bucleVeces   0x000118    program     static C:\Users\UsuarioF\Desktop\CLASES\Sexto ciclo\Microprocesadores\Practicas\Codigos\Pr2\Parte4\Codigo.asm
                    salir   0x00014c    program     static C:\Users\UsuarioF\Desktop\CLASES\Sexto ciclo\Microprocesadores\Practicas\Codigos\Pr2\Parte4\Codigo.asm



                              Symbols - Sorted by Address
                     Name    Address   Location    Storage File                     
                ---------  ---------  ---------  --------- ---------                
                   Inicio   0x000020    program     static C:\Users\UsuarioF\Desktop\CLASES\Sexto ciclo\Microprocesadores\Practicas\Codigos\Pr2\Parte4\Codigo.asm
              BucleInicio   0x00005a    program     static C:\Users\UsuarioF\Desktop\CLASES\Sexto ciclo\Microprocesadores\Practicas\Codigos\Pr2\Parte4\Codigo.asm
           Reiniciar_Todo   0x000072    program     static C:\Users\UsuarioF\Desktop\CLASES\Sexto ciclo\Microprocesadores\Practicas\Codigos\Pr2\Parte4\Codigo.asm
               EncuestaON   0x00007e    program     static C:\Users\UsuarioF\Desktop\CLASES\Sexto ciclo\Microprocesadores\Practicas\Codigos\Pr2\Parte4\Codigo.asm
         Est_transistorio   0x000088    program     static C:\Users\UsuarioF\Desktop\CLASES\Sexto ciclo\Microprocesadores\Practicas\Codigos\Pr2\Parte4\Codigo.asm
            Ola_Hacia_Izq   0x000094    program     static C:\Users\UsuarioF\Desktop\CLASES\Sexto ciclo\Microprocesadores\Practicas\Codigos\Pr2\Parte4\Codigo.asm
               Espera_Izq   0x00009e    program     static C:\Users\UsuarioF\Desktop\CLASES\Sexto ciclo\Microprocesadores\Practicas\Codigos\Pr2\Parte4\Codigo.asm
            Ola_Hacia_Der   0x0000b8    program     static C:\Users\UsuarioF\Desktop\CLASES\Sexto ciclo\Microprocesadores\Practicas\Codigos\Pr2\Parte4\Codigo.asm
               Espera_Der   0x0000c2    program     static C:\Users\UsuarioF\Desktop\CLASES\Sexto ciclo\Microprocesadores\Practicas\Codigos\Pr2\Parte4\Codigo.asm
        Detener_Secuencia   0x0000e0    program     static C:\Users\UsuarioF\Desktop\CLASES\Sexto ciclo\Microprocesadores\Practicas\Codigos\Pr2\Parte4\Codigo.asm
               Boton_S3_D   0x0000e4    program     static C:\Users\UsuarioF\Desktop\CLASES\Sexto ciclo\Microprocesadores\Practicas\Codigos\Pr2\Parte4\Codigo.asm
                 Trans_s2   0x0000f0    program     static C:\Users\UsuarioF\Desktop\CLASES\Sexto ciclo\Microprocesadores\Practicas\Codigos\Pr2\Parte4\Codigo.asm
             Continuar_s2   0x000100    program     static C:\Users\UsuarioF\Desktop\CLASES\Sexto ciclo\Microprocesadores\Practicas\Codigos\Pr2\Parte4\Codigo.asm
                 DelayXms   0x000116    program     static C:\Users\UsuarioF\Desktop\CLASES\Sexto ciclo\Microprocesadores\Practicas\Codigos\Pr2\Parte4\Codigo.asm
               bucleVeces   0x000118    program     static C:\Users\UsuarioF\Desktop\CLASES\Sexto ciclo\Microprocesadores\Practicas\Codigos\Pr2\Parte4\Codigo.asm
               Delay100ms   0x000124    program     static C:\Users\UsuarioF\Desktop\CLASES\Sexto ciclo\Microprocesadores\Practicas\Codigos\Pr2\Parte4\Codigo.asm
                 Delay1ms   0x000134    program     static C:\Users\UsuarioF\Desktop\CLASES\Sexto ciclo\Microprocesadores\Practicas\Codigos\Pr2\Parte4\Codigo.asm
                   bucle1   0x00013e    program     static C:\Users\UsuarioF\Desktop\CLASES\Sexto ciclo\Microprocesadores\Practicas\Codigos\Pr2\Parte4\Codigo.asm
                    salir   0x00014c    program     static C:\Users\UsuarioF\Desktop\CLASES\Sexto ciclo\Microprocesadores\Practicas\Codigos\Pr2\Parte4\Codigo.asm
           InterrupcionHP   0x000152    program     static C:\Users\UsuarioF\Desktop\CLASES\Sexto ciclo\Microprocesadores\Practicas\Codigos\Pr2\Parte4\Codigo.asm
                  Fin_ISR   0x000178    program     static C:\Users\UsuarioF\Desktop\CLASES\Sexto ciclo\Microprocesadores\Practicas\Codigos\Pr2\Parte4\Codigo.asm


