MPLINK 4.49, Linker
Linker Map File - Created Mon May 04 22:46:21 2026

                                 Section Info
                  Section       Type    Address   Location Size(Bytes)
                ---------  ---------  ---------  ---------  ---------
                   .org_0       code   0x000000    program   0x000004
                   .cinit    romdata   0x000004    program   0x000002
                   .org_1       code   0x000020    program   0x0000b4



                              Program Memory Usage 
                               Start         End      
                           ---------   ---------      
                            0x000000    0x000005      
                            0x000020    0x0000d3      
            186 out of 33048 program addresses used, program memory utilization is 0%



                              Symbols - Sorted by Name
                     Name    Address   Location    Storage File                     
                ---------  ---------  ---------  --------- ---------                
              Apagar_Todo   0x00008c    program     static C:\Users\UsuarioF\Desktop\CLASES\Sexto ciclo\Microprocesadores\Practicas\Codigos\Pr1\Parte1\Codigo.asm
                 Boton_S3   0x00008e    program     static C:\Users\UsuarioF\Desktop\CLASES\Sexto ciclo\Microprocesadores\Practicas\Codigos\Pr1\Parte1\Codigo.asm
              BucleInicio   0x000038    program     static C:\Users\UsuarioF\Desktop\CLASES\Sexto ciclo\Microprocesadores\Practicas\Codigos\Pr1\Parte1\Codigo.asm
                  Cortina   0x00005e    program     static C:\Users\UsuarioF\Desktop\CLASES\Sexto ciclo\Microprocesadores\Practicas\Codigos\Pr1\Parte1\Codigo.asm
               Delay100ms   0x0000a6    program     static C:\Users\UsuarioF\Desktop\CLASES\Sexto ciclo\Microprocesadores\Practicas\Codigos\Pr1\Parte1\Codigo.asm
                 Delay1ms   0x0000b6    program     static C:\Users\UsuarioF\Desktop\CLASES\Sexto ciclo\Microprocesadores\Practicas\Codigos\Pr1\Parte1\Codigo.asm
                 DelayXms   0x000098    program     static C:\Users\UsuarioF\Desktop\CLASES\Sexto ciclo\Microprocesadores\Practicas\Codigos\Pr1\Parte1\Codigo.asm
               EncuestaON   0x000058    program     static C:\Users\UsuarioF\Desktop\CLASES\Sexto ciclo\Microprocesadores\Practicas\Codigos\Pr1\Parte1\Codigo.asm
                   Inicio   0x000020    program     static C:\Users\UsuarioF\Desktop\CLASES\Sexto ciclo\Microprocesadores\Practicas\Codigos\Pr1\Parte1\Codigo.asm
              Reset_NH_NL   0x000050    program     static C:\Users\UsuarioF\Desktop\CLASES\Sexto ciclo\Microprocesadores\Practicas\Codigos\Pr1\Parte1\Codigo.asm
                    Rota1   0x000084    program     static C:\Users\UsuarioF\Desktop\CLASES\Sexto ciclo\Microprocesadores\Practicas\Codigos\Pr1\Parte1\Codigo.asm
                    Sigue   0x00007e    program     static C:\Users\UsuarioF\Desktop\CLASES\Sexto ciclo\Microprocesadores\Practicas\Codigos\Pr1\Parte1\Codigo.asm
                   bucle1   0x0000c0    program     static C:\Users\UsuarioF\Desktop\CLASES\Sexto ciclo\Microprocesadores\Practicas\Codigos\Pr1\Parte1\Codigo.asm
               bucleVeces   0x00009a    program     static C:\Users\UsuarioF\Desktop\CLASES\Sexto ciclo\Microprocesadores\Practicas\Codigos\Pr1\Parte1\Codigo.asm
                    salir   0x0000ce    program     static C:\Users\UsuarioF\Desktop\CLASES\Sexto ciclo\Microprocesadores\Practicas\Codigos\Pr1\Parte1\Codigo.asm



                              Symbols - Sorted by Address
                     Name    Address   Location    Storage File                     
                ---------  ---------  ---------  --------- ---------                
                   Inicio   0x000020    program     static C:\Users\UsuarioF\Desktop\CLASES\Sexto ciclo\Microprocesadores\Practicas\Codigos\Pr1\Parte1\Codigo.asm
              BucleInicio   0x000038    program     static C:\Users\UsuarioF\Desktop\CLASES\Sexto ciclo\Microprocesadores\Practicas\Codigos\Pr1\Parte1\Codigo.asm
              Reset_NH_NL   0x000050    program     static C:\Users\UsuarioF\Desktop\CLASES\Sexto ciclo\Microprocesadores\Practicas\Codigos\Pr1\Parte1\Codigo.asm
               EncuestaON   0x000058    program     static C:\Users\UsuarioF\Desktop\CLASES\Sexto ciclo\Microprocesadores\Practicas\Codigos\Pr1\Parte1\Codigo.asm
                  Cortina   0x00005e    program     static C:\Users\UsuarioF\Desktop\CLASES\Sexto ciclo\Microprocesadores\Practicas\Codigos\Pr1\Parte1\Codigo.asm
                    Sigue   0x00007e    program     static C:\Users\UsuarioF\Desktop\CLASES\Sexto ciclo\Microprocesadores\Practicas\Codigos\Pr1\Parte1\Codigo.asm
                    Rota1   0x000084    program     static C:\Users\UsuarioF\Desktop\CLASES\Sexto ciclo\Microprocesadores\Practicas\Codigos\Pr1\Parte1\Codigo.asm
              Apagar_Todo   0x00008c    program     static C:\Users\UsuarioF\Desktop\CLASES\Sexto ciclo\Microprocesadores\Practicas\Codigos\Pr1\Parte1\Codigo.asm
                 Boton_S3   0x00008e    program     static C:\Users\UsuarioF\Desktop\CLASES\Sexto ciclo\Microprocesadores\Practicas\Codigos\Pr1\Parte1\Codigo.asm
                 DelayXms   0x000098    program     static C:\Users\UsuarioF\Desktop\CLASES\Sexto ciclo\Microprocesadores\Practicas\Codigos\Pr1\Parte1\Codigo.asm
               bucleVeces   0x00009a    program     static C:\Users\UsuarioF\Desktop\CLASES\Sexto ciclo\Microprocesadores\Practicas\Codigos\Pr1\Parte1\Codigo.asm
               Delay100ms   0x0000a6    program     static C:\Users\UsuarioF\Desktop\CLASES\Sexto ciclo\Microprocesadores\Practicas\Codigos\Pr1\Parte1\Codigo.asm
                 Delay1ms   0x0000b6    program     static C:\Users\UsuarioF\Desktop\CLASES\Sexto ciclo\Microprocesadores\Practicas\Codigos\Pr1\Parte1\Codigo.asm
                   bucle1   0x0000c0    program     static C:\Users\UsuarioF\Desktop\CLASES\Sexto ciclo\Microprocesadores\Practicas\Codigos\Pr1\Parte1\Codigo.asm
                    salir   0x0000ce    program     static C:\Users\UsuarioF\Desktop\CLASES\Sexto ciclo\Microprocesadores\Practicas\Codigos\Pr1\Parte1\Codigo.asm


