MPLINK 4.49, Linker
Linker Map File - Created Fri May 22 18:08:22 2026

                                 Section Info
                  Section       Type    Address   Location Size(Bytes)
                ---------  ---------  ---------  ---------  ---------
                   .org_0       code   0x000000    program   0x000004
                   .cinit    romdata   0x000004    program   0x000002
                   .org_1       code   0x000008    program   0x000004
                   .org_2       code   0x000020    program   0x00014c



                              Program Memory Usage 
                               Start         End      
                           ---------   ---------      
                            0x000000    0x000005      
                            0x000008    0x00000b      
                            0x000020    0x00016b      
            342 out of 33048 program addresses used, program memory utilization is 1%



                              Symbols - Sorted by Name
                     Name    Address   Location    Storage File                     
                ---------  ---------  ---------  --------- ---------                
               Boton_S3_D   0x0000e0    program     static C:\Users\UsuarioF\Desktop\CLASES\6 Sexto ciclo\Microprocesadores\Practicas\Codigos\Pr2\Parte3\Codigo.asm
              BucleInicio   0x00005a    program     static C:\Users\UsuarioF\Desktop\CLASES\6 Sexto ciclo\Microprocesadores\Practicas\Codigos\Pr2\Parte3\Codigo.asm
             Continuar_s2   0x0000fc    program     static C:\Users\UsuarioF\Desktop\CLASES\6 Sexto ciclo\Microprocesadores\Practicas\Codigos\Pr2\Parte3\Codigo.asm
               Delay100ms   0x000120    program     static C:\Users\UsuarioF\Desktop\CLASES\6 Sexto ciclo\Microprocesadores\Practicas\Codigos\Pr2\Parte3\Codigo.asm
                 Delay1ms   0x000130    program     static C:\Users\UsuarioF\Desktop\CLASES\6 Sexto ciclo\Microprocesadores\Practicas\Codigos\Pr2\Parte3\Codigo.asm
                 DelayXms   0x000112    program     static C:\Users\UsuarioF\Desktop\CLASES\6 Sexto ciclo\Microprocesadores\Practicas\Codigos\Pr2\Parte3\Codigo.asm
        Detener_Secuencia   0x0000dc    program     static C:\Users\UsuarioF\Desktop\CLASES\6 Sexto ciclo\Microprocesadores\Practicas\Codigos\Pr2\Parte3\Codigo.asm
               EncuestaON   0x00007a    program     static C:\Users\UsuarioF\Desktop\CLASES\6 Sexto ciclo\Microprocesadores\Practicas\Codigos\Pr2\Parte3\Codigo.asm
               Espera_Der   0x0000be    program     static C:\Users\UsuarioF\Desktop\CLASES\6 Sexto ciclo\Microprocesadores\Practicas\Codigos\Pr2\Parte3\Codigo.asm
               Espera_Izq   0x00009a    program     static C:\Users\UsuarioF\Desktop\CLASES\6 Sexto ciclo\Microprocesadores\Practicas\Codigos\Pr2\Parte3\Codigo.asm
         Est_transistorio   0x000084    program     static C:\Users\UsuarioF\Desktop\CLASES\6 Sexto ciclo\Microprocesadores\Practicas\Codigos\Pr2\Parte3\Codigo.asm
                  Fin_ISR   0x00016a    program     static C:\Users\UsuarioF\Desktop\CLASES\6 Sexto ciclo\Microprocesadores\Practicas\Codigos\Pr2\Parte3\Codigo.asm
                   Inicio   0x000020    program     static C:\Users\UsuarioF\Desktop\CLASES\6 Sexto ciclo\Microprocesadores\Practicas\Codigos\Pr2\Parte3\Codigo.asm
           InterrupcionHP   0x00014e    program     static C:\Users\UsuarioF\Desktop\CLASES\6 Sexto ciclo\Microprocesadores\Practicas\Codigos\Pr2\Parte3\Codigo.asm
            Ola_Hacia_Der   0x0000b4    program     static C:\Users\UsuarioF\Desktop\CLASES\6 Sexto ciclo\Microprocesadores\Practicas\Codigos\Pr2\Parte3\Codigo.asm
            Ola_Hacia_Izq   0x000090    program     static C:\Users\UsuarioF\Desktop\CLASES\6 Sexto ciclo\Microprocesadores\Practicas\Codigos\Pr2\Parte3\Codigo.asm
           Reiniciar_Todo   0x000072    program     static C:\Users\UsuarioF\Desktop\CLASES\6 Sexto ciclo\Microprocesadores\Practicas\Codigos\Pr2\Parte3\Codigo.asm
                 Trans_s2   0x0000ec    program     static C:\Users\UsuarioF\Desktop\CLASES\6 Sexto ciclo\Microprocesadores\Practicas\Codigos\Pr2\Parte3\Codigo.asm
                   bucle1   0x00013a    program     static C:\Users\UsuarioF\Desktop\CLASES\6 Sexto ciclo\Microprocesadores\Practicas\Codigos\Pr2\Parte3\Codigo.asm
               bucleVeces   0x000114    program     static C:\Users\UsuarioF\Desktop\CLASES\6 Sexto ciclo\Microprocesadores\Practicas\Codigos\Pr2\Parte3\Codigo.asm
                    salir   0x000148    program     static C:\Users\UsuarioF\Desktop\CLASES\6 Sexto ciclo\Microprocesadores\Practicas\Codigos\Pr2\Parte3\Codigo.asm



                              Symbols - Sorted by Address
                     Name    Address   Location    Storage File                     
                ---------  ---------  ---------  --------- ---------                
                   Inicio   0x000020    program     static C:\Users\UsuarioF\Desktop\CLASES\6 Sexto ciclo\Microprocesadores\Practicas\Codigos\Pr2\Parte3\Codigo.asm
              BucleInicio   0x00005a    program     static C:\Users\UsuarioF\Desktop\CLASES\6 Sexto ciclo\Microprocesadores\Practicas\Codigos\Pr2\Parte3\Codigo.asm
           Reiniciar_Todo   0x000072    program     static C:\Users\UsuarioF\Desktop\CLASES\6 Sexto ciclo\Microprocesadores\Practicas\Codigos\Pr2\Parte3\Codigo.asm
               EncuestaON   0x00007a    program     static C:\Users\UsuarioF\Desktop\CLASES\6 Sexto ciclo\Microprocesadores\Practicas\Codigos\Pr2\Parte3\Codigo.asm
         Est_transistorio   0x000084    program     static C:\Users\UsuarioF\Desktop\CLASES\6 Sexto ciclo\Microprocesadores\Practicas\Codigos\Pr2\Parte3\Codigo.asm
            Ola_Hacia_Izq   0x000090    program     static C:\Users\UsuarioF\Desktop\CLASES\6 Sexto ciclo\Microprocesadores\Practicas\Codigos\Pr2\Parte3\Codigo.asm
               Espera_Izq   0x00009a    program     static C:\Users\UsuarioF\Desktop\CLASES\6 Sexto ciclo\Microprocesadores\Practicas\Codigos\Pr2\Parte3\Codigo.asm
            Ola_Hacia_Der   0x0000b4    program     static C:\Users\UsuarioF\Desktop\CLASES\6 Sexto ciclo\Microprocesadores\Practicas\Codigos\Pr2\Parte3\Codigo.asm
               Espera_Der   0x0000be    program     static C:\Users\UsuarioF\Desktop\CLASES\6 Sexto ciclo\Microprocesadores\Practicas\Codigos\Pr2\Parte3\Codigo.asm
        Detener_Secuencia   0x0000dc    program     static C:\Users\UsuarioF\Desktop\CLASES\6 Sexto ciclo\Microprocesadores\Practicas\Codigos\Pr2\Parte3\Codigo.asm
               Boton_S3_D   0x0000e0    program     static C:\Users\UsuarioF\Desktop\CLASES\6 Sexto ciclo\Microprocesadores\Practicas\Codigos\Pr2\Parte3\Codigo.asm
                 Trans_s2   0x0000ec    program     static C:\Users\UsuarioF\Desktop\CLASES\6 Sexto ciclo\Microprocesadores\Practicas\Codigos\Pr2\Parte3\Codigo.asm
             Continuar_s2   0x0000fc    program     static C:\Users\UsuarioF\Desktop\CLASES\6 Sexto ciclo\Microprocesadores\Practicas\Codigos\Pr2\Parte3\Codigo.asm
                 DelayXms   0x000112    program     static C:\Users\UsuarioF\Desktop\CLASES\6 Sexto ciclo\Microprocesadores\Practicas\Codigos\Pr2\Parte3\Codigo.asm
               bucleVeces   0x000114    program     static C:\Users\UsuarioF\Desktop\CLASES\6 Sexto ciclo\Microprocesadores\Practicas\Codigos\Pr2\Parte3\Codigo.asm
               Delay100ms   0x000120    program     static C:\Users\UsuarioF\Desktop\CLASES\6 Sexto ciclo\Microprocesadores\Practicas\Codigos\Pr2\Parte3\Codigo.asm
                 Delay1ms   0x000130    program     static C:\Users\UsuarioF\Desktop\CLASES\6 Sexto ciclo\Microprocesadores\Practicas\Codigos\Pr2\Parte3\Codigo.asm
                   bucle1   0x00013a    program     static C:\Users\UsuarioF\Desktop\CLASES\6 Sexto ciclo\Microprocesadores\Practicas\Codigos\Pr2\Parte3\Codigo.asm
                    salir   0x000148    program     static C:\Users\UsuarioF\Desktop\CLASES\6 Sexto ciclo\Microprocesadores\Practicas\Codigos\Pr2\Parte3\Codigo.asm
           InterrupcionHP   0x00014e    program     static C:\Users\UsuarioF\Desktop\CLASES\6 Sexto ciclo\Microprocesadores\Practicas\Codigos\Pr2\Parte3\Codigo.asm
                  Fin_ISR   0x00016a    program     static C:\Users\UsuarioF\Desktop\CLASES\6 Sexto ciclo\Microprocesadores\Practicas\Codigos\Pr2\Parte3\Codigo.asm


