

Microchip MPLAB XC8 Assembler V2.45 build 20230818022343 
                                                                                               Tue Jun 16 14:48:54 2026

Microchip MPLAB XC8 C Compiler v2.45 (Free license) build 20230818022343 Og1 
     1                           	processor	18F4550
     2                           	fnconf	rparam,??,?,0
     3                           	pagewidth 120
     4                           	opt	flic
     5                           	psect	cinit,global,reloc=2,class=CODE,delta=1
     6                           	psect	cstackCOMRAM,global,class=COMRAM,space=1,delta=1,lowdata,noexec
     7                           	psect	text0,global,reloc=2,class=CODE,delta=1
     8                           	psect	text1,global,reloc=2,class=CODE,delta=1
     9                           	psect	text2,global,reloc=2,class=CODE,delta=1
    10                           	psect	smallconst,global,reloc=2,class=SMALLCONST,delta=1,noexec
    11                           	psect	intsave_regs,global,class=BIGRAM,space=1,delta=1,noexec
    12                           	psect	rparam,global,class=COMRAM,space=1,delta=1,noexec
    13                           	psect	idloc,global,abs,ovrld,class=IDLOC,space=5,delta=1,noexec
    14                           	psect	config,global,abs,ovrld,class=CONFIG,space=4,delta=1,noexec
    15   000000                     
    16                           ; Version 2.20
    17                           ; Generated 12/02/2020 GMT
    18                           ; 
    19                           ; Copyright © 2020, Microchip Technology Inc. and its subsidiaries ("Microchip")
    20                           ; All rights reserved.
    21                           ; 
    22                           ; This software is developed by Microchip Technology Inc. and its subsidiaries ("Microch
      +                          ip").
    23                           ; 
    24                           ; Redistribution and use in source and binary forms, with or without modification, are
    25                           ; permitted provided that the following conditions are met:
    26                           ; 
    27                           ;     1. Redistributions of source code must retain the above copyright notice, this lis
      +                          t of
    28                           ;        conditions and the following disclaimer.
    29                           ; 
    30                           ;     2. Redistributions in binary form must reproduce the above copyright notice, this 
      +                          list
    31                           ;        of conditions and the following disclaimer in the documentation and/or other
    32                           ;        materials provided with the distribution.
    33                           ; 
    34                           ;     3. Microchip's name may not be used to endorse or promote products derived from th
      +                          is
    35                           ;        software without specific prior written permission.
    36                           ; 
    37                           ; THIS SOFTWARE IS PROVIDED BY MICROCHIP "AS IS" AND ANY EXPRESS OR IMPLIED WARRANTIES,
    38                           ; INCLUDING, BUT NOT LIMITED TO, THE IMPLIED WARRANTIES OF MERCHANTABILITY AND FITNESS F
      +                          OR
    39                           ; PURPOSE ARE DISCLAIMED.  IN NO EVENT SHALL MICROCHIP BE LIABLE FOR ANY DIRECT, INDIREC
      +                          T,
    40                           ; INCIDENTAL, SPECIAL, EXEMPLARY, OR CONSEQUENTIAL DAMAGES (INCLUDING BUT NOT LIMITED TO
    41                           ; PROCUREMENT OF SUBSTITUTE GOODS OR SERVICES; LOSS OF USE, DATA OR PROFITS; OR BUSINESS
    42                           ; INTERRUPTION) HOWSOEVER CAUSED AND ON ANY THEORY OF LIABILITY, WHETHER IN CONTRACT, ST
      +                          RICT
    43                           ; LIABILITY, OR TORT (INCLUDING NEGLIGENCE OR OTHERWISE) ARISING IN ANY WAY OUT OF THE U
      +                          SE OF
    44                           ; THIS SOFTWARE, EVEN IF ADVISED OF THE POSSIBILITY OF SUCH DAMAGE.
    45                           ; 
    46                           ; 
    47                           ; Code-generator required, PIC18F4550 Definitions
    48                           ; 
    49                           ; SFR Addresses
    50   000000                     _LATDbits	set	3980
    51   000000                     _LATD	set	3980
    52   000000                     _TRISD	set	3989
    53   000000                     _ADCON1	set	4033
    54                           
    55                           ; #config settings
    56                           
    57                           	psect	cinit
    58   0008B6                     __pcinit:
    59                           	callstack 0
    60   0008B6                     start_initialization:
    61                           	callstack 0
    62   0008B6                     __initialization:
    63                           	callstack 0
    64   0008B6                     end_of_initialization:
    65                           	callstack 0
    66   0008B6                     __end_of__initialization:
    67                           	callstack 0
    68   0008B6  0100               	movlb	0
    69   0008B8  EF01  F004         	goto	_main	;jump to C main() function
    70                           
    71                           	psect	cstackCOMRAM
    72   000001                     __pcstackCOMRAM:
    73                           	callstack 0
    74   000001                     Delay1ms@veces:
    75                           	callstack 0
    76                           
    77                           ; 2 bytes @ 0x0
    78   000001                     	ds	2
    79   000003                     DelayXms@Milis:
    80                           	callstack 0
    81                           
    82                           ; 2 bytes @ 0x2
    83   000003                     	ds	2
    84   000005                     ??_DelayXms:
    85                           
    86                           ; 1 bytes @ 0x4
    87   000005                     	ds	1
    88   000006                     DelayXms@i:
    89                           	callstack 0
    90                           
    91                           ; 2 bytes @ 0x5
    92   000006                     	ds	2
    93   000008                     ??_main:
    94                           
    95                           ; 1 bytes @ 0x7
    96   000008                     	ds	1
    97   000009                     main@i:
    98                           	callstack 0
    99                           
   100                           ; 1 bytes @ 0x8
   101   000009                     	ds	1
   102                           
   103 ;;
   104 ;;Main: autosize = 0, tempsize = 1, incstack = 0, save=0
   105 ;;
   106 ;; *************** function _main *****************
   107 ;; Defined at:
   108 ;;		line 94 in file "Codigo_Pr5_Parte1.c"
   109 ;; Parameters:    Size  Location     Type
   110 ;;		None
   111 ;; Auto vars:     Size  Location     Type
   112 ;;  i               1    8[COMRAM] unsigned char 
   113 ;; Return value:  Size  Location     Type
   114 ;;                  1    wreg      void 
   115 ;; Registers used:
   116 ;;		wreg, status,2, status,0, cstack
   117 ;; Tracked objects:
   118 ;;		On entry : 0/0
   119 ;;		On exit  : 0/0
   120 ;;		Unchanged: 0/0
   121 ;; Data sizes:     COMRAM   BANK0   BANK1   BANK2   BANK3   BANK4   BANK5   BANK6   BANK7
   122 ;;      Params:         0       0       0       0       0       0       0       0       0
   123 ;;      Locals:         1       0       0       0       0       0       0       0       0
   124 ;;      Temps:          1       0       0       0       0       0       0       0       0
   125 ;;      Totals:         2       0       0       0       0       0       0       0       0
   126 ;;Total ram usage:        2 bytes
   127 ;; Hardware stack levels required when called: 2
   128 ;; This function calls:
   129 ;;		_DelayXms
   130 ;; This function is called by:
   131 ;;		Startup code after reset
   132 ;; This function uses a non-reentrant model
   133 ;;
   134                           
   135                           	psect	text0
   136   000802                     __ptext0:
   137                           	callstack 0
   138   000802                     _main:
   139                           	callstack 29
   140   000802                     
   141                           ;Codigo_Pr5_Parte1.c: 95:     ADCON1 = 0x0F;
   142   000802  0E0F               	movlw	15
   143   000804  6EC1               	movwf	193,c	;volatile
   144                           
   145                           ;Codigo_Pr5_Parte1.c: 97:     TRISD = 0x00;
   146   000806  0E00               	movlw	0
   147   000808  6E95               	movwf	149,c	;volatile
   148                           
   149                           ;Codigo_Pr5_Parte1.c: 98:     LATD = 0x00;
   150   00080A  0E00               	movlw	0
   151   00080C  6E8C               	movwf	140,c	;volatile
   152                           
   153                           ;Codigo_Pr5_Parte1.c: 100:     for(char i=0;i<10;i++) {
   154   00080E  0E00               	movlw	0
   155   000810  6E09               	movwf	main@i^0,c
   156   000812                     l751:
   157                           
   158                           ;Codigo_Pr5_Parte1.c: 101:         LATDbits.LATD0 = !LATDbits.LATD0;
   159   000812  A08C               	btfss	140,0,c	;volatile
   160   000814  EF0E  F004         	goto	u71
   161   000818  EF12  F004         	goto	u70
   162   00081C                     u71:
   163   00081C  6A08               	clrf	??_main^0,c
   164   00081E  2A08               	incf	??_main^0,f,c
   165   000820  EF13  F004         	goto	u88
   166   000824                     u70:
   167   000824  6A08               	clrf	??_main^0,c
   168   000826                     u88:
   169   000826  508C               	movf	140,w,c	;volatile
   170   000828  1808               	xorwf	??_main^0,w,c
   171   00082A  0BFE               	andlw	-2
   172   00082C  1808               	xorwf	??_main^0,w,c
   173   00082E  6E8C               	movwf	140,c	;volatile
   174   000830                     
   175                           ;Codigo_Pr5_Parte1.c: 102:         DelayXms(50);
   176   000830  0E00               	movlw	0
   177   000832  6E04               	movwf	(DelayXms@Milis+1)^0,c
   178   000834  0E32               	movlw	50
   179   000836  6E03               	movwf	DelayXms@Milis^0,c
   180   000838  EC2C  F004         	call	_DelayXms	;wreg free
   181   00083C                     
   182                           ;Codigo_Pr5_Parte1.c: 103:     }
   183   00083C  2A09               	incf	main@i^0,f,c
   184   00083E  0E09               	movlw	9
   185   000840  6409               	cpfsgt	main@i^0,c
   186   000842  EF25  F004         	goto	u91
   187   000846  EF27  F004         	goto	u90
   188   00084A                     u91:
   189   00084A  EF09  F004         	goto	l751
   190   00084E                     u90:
   191   00084E                     
   192                           ;Codigo_Pr5_Parte1.c: 105:     LATDbits.LATD0 = 1;
   193   00084E  808C               	bsf	140,0,c	;volatile
   194   000850                     l26:
   195   000850  EF28  F004         	goto	l26
   196   000854  EF00  F000         	goto	start
   197   000858                     __end_of_main:
   198                           	callstack 0
   199                           
   200 ;; *************** function _DelayXms *****************
   201 ;; Defined at:
   202 ;;		line 85 in file "Codigo_Pr5_Parte1.c"
   203 ;; Parameters:    Size  Location     Type
   204 ;;  Milis           2    2[COMRAM] int 
   205 ;; Auto vars:     Size  Location     Type
   206 ;;  i               2    5[COMRAM] int 
   207 ;; Return value:  Size  Location     Type
   208 ;;                  1    wreg      void 
   209 ;; Registers used:
   210 ;;		wreg, status,2, status,0, cstack
   211 ;; Tracked objects:
   212 ;;		On entry : 0/0
   213 ;;		On exit  : 0/0
   214 ;;		Unchanged: 0/0
   215 ;; Data sizes:     COMRAM   BANK0   BANK1   BANK2   BANK3   BANK4   BANK5   BANK6   BANK7
   216 ;;      Params:         2       0       0       0       0       0       0       0       0
   217 ;;      Locals:         2       0       0       0       0       0       0       0       0
   218 ;;      Temps:          1       0       0       0       0       0       0       0       0
   219 ;;      Totals:         5       0       0       0       0       0       0       0       0
   220 ;;Total ram usage:        5 bytes
   221 ;; Hardware stack levels used: 1
   222 ;; Hardware stack levels required when called: 1
   223 ;; This function calls:
   224 ;;		_Delay1ms
   225 ;; This function is called by:
   226 ;;		_main
   227 ;; This function uses a non-reentrant model
   228 ;;
   229                           
   230                           	psect	text1
   231   000858                     __ptext1:
   232                           	callstack 0
   233   000858                     _DelayXms:
   234                           	callstack 29
   235   000858                     
   236                           ;Codigo_Pr5_Parte1.c: 86:     for (int i = 0; i <= Milis; i++) {
   237   000858  0E00               	movlw	0
   238   00085A  6E07               	movwf	(DelayXms@i+1)^0,c
   239   00085C  0E00               	movlw	0
   240   00085E  6E06               	movwf	DelayXms@i^0,c
   241   000860  EF36  F004         	goto	l743
   242   000864                     l739:
   243                           
   244                           ;Codigo_Pr5_Parte1.c: 87:         Delay1ms();
   245   000864  EC46  F004         	call	_Delay1ms	;wreg free
   246   000868                     
   247                           ;Codigo_Pr5_Parte1.c: 88:     }
   248   000868  4A06               	infsnz	DelayXms@i^0,f,c
   249   00086A  2A07               	incf	(DelayXms@i+1)^0,f,c
   250   00086C                     l743:
   251   00086C  5006               	movf	DelayXms@i^0,w,c
   252   00086E  5C03               	subwf	DelayXms@Milis^0,w,c
   253   000870  5004               	movf	(DelayXms@Milis+1)^0,w,c
   254   000872  0A80               	xorlw	128
   255   000874  6E05               	movwf	??_DelayXms^0,c
   256   000876  5007               	movf	(DelayXms@i+1)^0,w,c
   257   000878  0A80               	xorlw	128
   258   00087A  5805               	subwfb	??_DelayXms^0,w,c
   259   00087C  B0D8               	btfsc	status,0,c
   260   00087E  EF43  F004         	goto	u61
   261   000882  EF45  F004         	goto	u60
   262   000886                     u61:
   263   000886  EF32  F004         	goto	l739
   264   00088A                     u60:
   265   00088A  0012               	return		;funcret
   266   00088C                     __end_of_DelayXms:
   267                           	callstack 0
   268                           
   269 ;; *************** function _Delay1ms *****************
   270 ;; Defined at:
   271 ;;		line 80 in file "Codigo_Pr5_Parte1.c"
   272 ;; Parameters:    Size  Location     Type
   273 ;;		None
   274 ;; Auto vars:     Size  Location     Type
   275 ;;  veces           2    0[COMRAM] int 
   276 ;; Return value:  Size  Location     Type
   277 ;;                  1    wreg      void 
   278 ;; Registers used:
   279 ;;		wreg, status,2, status,0
   280 ;; Tracked objects:
   281 ;;		On entry : 0/0
   282 ;;		On exit  : 0/0
   283 ;;		Unchanged: 0/0
   284 ;; Data sizes:     COMRAM   BANK0   BANK1   BANK2   BANK3   BANK4   BANK5   BANK6   BANK7
   285 ;;      Params:         0       0       0       0       0       0       0       0       0
   286 ;;      Locals:         2       0       0       0       0       0       0       0       0
   287 ;;      Temps:          0       0       0       0       0       0       0       0       0
   288 ;;      Totals:         2       0       0       0       0       0       0       0       0
   289 ;;Total ram usage:        2 bytes
   290 ;; Hardware stack levels used: 1
   291 ;; This function calls:
   292 ;;		Nothing
   293 ;; This function is called by:
   294 ;;		_DelayXms
   295 ;; This function uses a non-reentrant model
   296 ;;
   297                           
   298                           	psect	text2
   299   00088C                     __ptext2:
   300                           	callstack 0
   301   00088C                     _Delay1ms:
   302                           	callstack 29
   303   00088C                     
   304                           ;Codigo_Pr5_Parte1.c: 81:     int veces;;Codigo_Pr5_Parte1.c: 82:     for (veces = 0; ve
      +                          ces <= 860; veces++);
   305   00088C  0E00               	movlw	0
   306   00088E  6E02               	movwf	(Delay1ms@veces+1)^0,c
   307   000890  0E00               	movlw	0
   308   000892  6E01               	movwf	Delay1ms@veces^0,c
   309   000894                     l711:
   310   000894  4A01               	infsnz	Delay1ms@veces^0,f,c
   311   000896  2A02               	incf	(Delay1ms@veces+1)^0,f,c
   312   000898  BE02               	btfsc	(Delay1ms@veces+1)^0,7,c
   313   00089A  EF58  F004         	goto	u11
   314   00089E  0E5D               	movlw	93
   315   0008A0  5C01               	subwf	Delay1ms@veces^0,w,c
   316   0008A2  0E03               	movlw	3
   317   0008A4  5802               	subwfb	(Delay1ms@veces+1)^0,w,c
   318   0008A6  A0D8               	btfss	status,0,c
   319   0008A8  EF58  F004         	goto	u11
   320   0008AC  EF5A  F004         	goto	u10
   321   0008B0                     u11:
   322   0008B0  EF4A  F004         	goto	l711
   323   0008B4                     u10:
   324   0008B4  0012               	return		;funcret
   325   0008B6                     __end_of_Delay1ms:
   326                           	callstack 0
   327                           
   328                           	psect	smallconst
   329   000800                     __psmallconst:
   330                           	callstack 0
   331   000800  00                 	db	0
   332   000801  00                 	db	0	; dummy byte at the end
   333   000000                     
   334                           	psect	rparam
   335   000000                     
   336                           	psect	idloc
   337                           
   338                           ;Config register IDLOC0 @ 0x200000
   339                           ;	unspecified, using default values
   340   200000                     	org	2097152
   341   200000  FF                 	db	255
   342                           
   343                           ;Config register IDLOC1 @ 0x200001
   344                           ;	unspecified, using default values
   345   200001                     	org	2097153
   346   200001  FF                 	db	255
   347                           
   348                           ;Config register IDLOC2 @ 0x200002
   349                           ;	unspecified, using default values
   350   200002                     	org	2097154
   351   200002  FF                 	db	255
   352                           
   353                           ;Config register IDLOC3 @ 0x200003
   354                           ;	unspecified, using default values
   355   200003                     	org	2097155
   356   200003  FF                 	db	255
   357                           
   358                           ;Config register IDLOC4 @ 0x200004
   359                           ;	unspecified, using default values
   360   200004                     	org	2097156
   361   200004  FF                 	db	255
   362                           
   363                           ;Config register IDLOC5 @ 0x200005
   364                           ;	unspecified, using default values
   365   200005                     	org	2097157
   366   200005  FF                 	db	255
   367                           
   368                           ;Config register IDLOC6 @ 0x200006
   369                           ;	unspecified, using default values
   370   200006                     	org	2097158
   371   200006  FF                 	db	255
   372                           
   373                           ;Config register IDLOC7 @ 0x200007
   374                           ;	unspecified, using default values
   375   200007                     	org	2097159
   376   200007  FF                 	db	255
   377                           
   378                           	psect	config
   379                           
   380                           ;Config register CONFIG1L @ 0x300000
   381                           ;	PLL Prescaler Selection bits
   382                           ;	PLLDIV = 5, Divide by 5 (20 MHz oscillator input)
   383                           ;	System Clock Postscaler Selection bits
   384                           ;	CPUDIV = OSC1_PLL2, [Primary Oscillator Src: /1][96 MHz PLL Src: /2]
   385                           ;	USB Clock Selection bit (used in Full-Speed USB mode only; UCFG:FSEN = 1)
   386                           ;	USBDIV = 1, USB clock source comes directly from the primary oscillator block with no 
      +                          postscale
   387   300000                     	org	3145728
   388   300000  04                 	db	4
   389                           
   390                           ;Config register CONFIG1H @ 0x300001
   391                           ;	Oscillator Selection bits
   392                           ;	FOSC = HSPLL_HS, HS oscillator, PLL enabled (HSPLL)
   393                           ;	Fail-Safe Clock Monitor Enable bit
   394                           ;	FCMEN = OFF, Fail-Safe Clock Monitor disabled
   395                           ;	Internal/External Oscillator Switchover bit
   396                           ;	IESO = OFF, Oscillator Switchover mode disabled
   397   300001                     	org	3145729
   398   300001  0E                 	db	14
   399                           
   400                           ;Config register CONFIG2L @ 0x300002
   401                           ;	Power-up Timer Enable bit
   402                           ;	PWRT = ON, PWRT enabled
   403                           ;	Brown-out Reset Enable bits
   404                           ;	BOR = ON, Brown-out Reset enabled in hardware only (SBOREN is disabled)
   405                           ;	Brown-out Reset Voltage bits
   406                           ;	BORV = 3, Minimum setting 2.05V
   407                           ;	USB Voltage Regulator Enable bit
   408                           ;	VREGEN = OFF, USB voltage regulator disabled
   409   300002                     	org	3145730
   410   300002  1E                 	db	30
   411                           
   412                           ;Config register CONFIG2H @ 0x300003
   413                           ;	Watchdog Timer Enable bit
   414                           ;	WDT = OFF, WDT disabled (control is placed on the SWDTEN bit)
   415                           ;	Watchdog Timer Postscale Select bits
   416                           ;	WDTPS = 32768, 1:32768
   417   300003                     	org	3145731
   418   300003  1E                 	db	30
   419                           
   420                           ; Padding undefined space
   421   300004                     	org	3145732
   422   300004  FF                 	db	255
   423                           
   424                           ;Config register CONFIG3H @ 0x300005
   425                           ;	CCP2 MUX bit
   426                           ;	CCP2MX = ON, CCP2 input/output is multiplexed with RC1
   427                           ;	PORTB A/D Enable bit
   428                           ;	PBADEN = OFF, PORTB<4:0> pins are configured as digital I/O on Reset
   429                           ;	Low-Power Timer 1 Oscillator Enable bit
   430                           ;	LPT1OSC = OFF, Timer1 configured for higher power operation
   431                           ;	MCLR Pin Enable bit
   432                           ;	MCLRE = ON, MCLR pin enabled; RE3 input pin disabled
   433   300005                     	org	3145733
   434   300005  81                 	db	129
   435                           
   436                           ;Config register CONFIG4L @ 0x300006
   437                           ;	Stack Full/Underflow Reset Enable bit
   438                           ;	STVREN = ON, Stack full/underflow will cause Reset
   439                           ;	Single-Supply ICSP Enable bit
   440                           ;	LVP = OFF, Single-Supply ICSP disabled
   441                           ;	Dedicated In-Circuit Debug/Programming Port (ICPORT) Enable bit
   442                           ;	ICPRT = OFF, ICPORT disabled
   443                           ;	Extended Instruction Set Enable bit
   444                           ;	XINST = OFF, Instruction set extension and Indexed Addressing mode disabled (Legacy mo
      +                          de)
   445                           ;	Background Debugger Enable bit
   446                           ;	DEBUG = 0x1, unprogrammed default
   447   300006                     	org	3145734
   448   300006  81                 	db	129
   449                           
   450                           ; Padding undefined space
   451   300007                     	org	3145735
   452   300007  FF                 	db	255
   453                           
   454                           ;Config register CONFIG5L @ 0x300008
   455                           ;	Code Protection bit
   456                           ;	CP0 = OFF, Block 0 (000800-001FFFh) is not code-protected
   457                           ;	Code Protection bit
   458                           ;	CP1 = OFF, Block 1 (002000-003FFFh) is not code-protected
   459                           ;	Code Protection bit
   460                           ;	CP2 = OFF, Block 2 (004000-005FFFh) is not code-protected
   461                           ;	Code Protection bit
   462                           ;	CP3 = OFF, Block 3 (006000-007FFFh) is not code-protected
   463   300008                     	org	3145736
   464   300008  0F                 	db	15
   465                           
   466                           ;Config register CONFIG5H @ 0x300009
   467                           ;	Boot Block Code Protection bit
   468                           ;	CPB = OFF, Boot block (000000-0007FFh) is not code-protected
   469                           ;	Data EEPROM Code Protection bit
   470                           ;	CPD = OFF, Data EEPROM is not code-protected
   471   300009                     	org	3145737
   472   300009  C0                 	db	192
   473                           
   474                           ;Config register CONFIG6L @ 0x30000A
   475                           ;	Write Protection bit
   476                           ;	WRT0 = OFF, Block 0 (000800-001FFFh) is not write-protected
   477                           ;	Write Protection bit
   478                           ;	WRT1 = OFF, Block 1 (002000-003FFFh) is not write-protected
   479                           ;	Write Protection bit
   480                           ;	WRT2 = OFF, Block 2 (004000-005FFFh) is not write-protected
   481                           ;	Write Protection bit
   482                           ;	WRT3 = OFF, Block 3 (006000-007FFFh) is not write-protected
   483   30000A                     	org	3145738
   484   30000A  0F                 	db	15
   485                           
   486                           ;Config register CONFIG6H @ 0x30000B
   487                           ;	Configuration Register Write Protection bit
   488                           ;	WRTC = OFF, Configuration registers (300000-3000FFh) are not write-protected
   489                           ;	Boot Block Write Protection bit
   490                           ;	WRTB = OFF, Boot block (000000-0007FFh) is not write-protected
   491                           ;	Data EEPROM Write Protection bit
   492                           ;	WRTD = OFF, Data EEPROM is not write-protected
   493   30000B                     	org	3145739
   494   30000B  E0                 	db	224
   495                           
   496                           ;Config register CONFIG7L @ 0x30000C
   497                           ;	Table Read Protection bit
   498                           ;	EBTR0 = OFF, Block 0 (000800-001FFFh) is not protected from table reads executed in ot
      +                          her blocks
   499                           ;	Table Read Protection bit
   500                           ;	EBTR1 = OFF, Block 1 (002000-003FFFh) is not protected from table reads executed in ot
      +                          her blocks
   501                           ;	Table Read Protection bit
   502                           ;	EBTR2 = OFF, Block 2 (004000-005FFFh) is not protected from table reads executed in ot
      +                          her blocks
   503                           ;	Table Read Protection bit
   504                           ;	EBTR3 = OFF, Block 3 (006000-007FFFh) is not protected from table reads executed in ot
      +                          her blocks
   505   30000C                     	org	3145740
   506   30000C  0F                 	db	15
   507                           
   508                           ;Config register CONFIG7H @ 0x30000D
   509                           ;	Boot Block Table Read Protection bit
   510                           ;	EBTRB = OFF, Boot block (000000-0007FFh) is not protected from table reads executed in
      +                           other blocks
   511   30000D                     	org	3145741
   512   30000D  40                 	db	64
   513                           tosu	equ	0xFFF
   514                           tosh	equ	0xFFE
   515                           tosl	equ	0xFFD
   516                           stkptr	equ	0xFFC
   517                           pclatu	equ	0xFFB
   518                           pclath	equ	0xFFA
   519                           pcl	equ	0xFF9
   520                           tblptru	equ	0xFF8
   521                           tblptrh	equ	0xFF7
   522                           tblptrl	equ	0xFF6
   523                           tablat	equ	0xFF5
   524                           prodh	equ	0xFF4
   525                           prodl	equ	0xFF3
   526                           indf0	equ	0xFEF
   527                           postinc0	equ	0xFEE
   528                           postdec0	equ	0xFED
   529                           preinc0	equ	0xFEC
   530                           plusw0	equ	0xFEB
   531                           fsr0h	equ	0xFEA
   532                           fsr0l	equ	0xFE9
   533                           wreg	equ	0xFE8
   534                           indf1	equ	0xFE7
   535                           postinc1	equ	0xFE6
   536                           postdec1	equ	0xFE5
   537                           preinc1	equ	0xFE4
   538                           plusw1	equ	0xFE3
   539                           fsr1h	equ	0xFE2
   540                           fsr1l	equ	0xFE1
   541                           bsr	equ	0xFE0
   542                           indf2	equ	0xFDF
   543                           postinc2	equ	0xFDE
   544                           postdec2	equ	0xFDD
   545                           preinc2	equ	0xFDC
   546                           plusw2	equ	0xFDB
   547                           fsr2h	equ	0xFDA
   548                           fsr2l	equ	0xFD9
   549                           status	equ	0xFD8

Data Sizes:
    Strings     0
    Constant    0
    Data        0
    BSS         0
    Persistent  0
    Stack       0

Auto Spaces:
    Space          Size  Autos    Used
    COMRAM           95      9       9
    BANK0           160      0       0
    BANK1           256      0       0
    BANK2           256      0       0
    BANK3           256      0       0
    BANK4           256      0       0
    BANK5           256      0       0
    BANK6           256      0       0
    BANK7           256      0       0

Pointer List with Targets:

    None.

Critical Paths under _main in COMRAM

    _main->_DelayXms
    _DelayXms->_Delay1ms

Critical Paths under _main in BANK0

    None.

Critical Paths under _main in BANK1

    None.

Critical Paths under _main in BANK2

    None.

Critical Paths under _main in BANK3

    None.

Critical Paths under _main in BANK4

    None.

Critical Paths under _main in BANK5

    None.

Critical Paths under _main in BANK6

    None.

Critical Paths under _main in BANK7

    None.

Call Graph Tables:

 ---------------------------------------------------------------------------------
 (Depth) Function   	        Calls       Base Space   Used Autos Params    Refs
 ---------------------------------------------------------------------------------
 (0) _main                                                 2     2      0     198
                                              7 COMRAM     2     2      0
                           _DelayXms
 ---------------------------------------------------------------------------------
 (1) _DelayXms                                             5     3      2     152
                                              2 COMRAM     5     3      2
                           _Delay1ms
 ---------------------------------------------------------------------------------
 (2) _Delay1ms                                             2     2      0      30
                                              0 COMRAM     2     2      0
 ---------------------------------------------------------------------------------
 Estimated maximum stack depth 2
 ---------------------------------------------------------------------------------

 Call Graph Graphs:

 _main (ROOT)
   _DelayXms
     _Delay1ms

 Address spaces:
Name               Size   Autos  Total    Cost      Usage
BITCOMRAM           5F      0       0       0        0.0%
EEDATA             100      0       0       0        0.0%
NULL                 0      0       0       0        0.0%
CODE                 0      0       0       0        0.0%
COMRAM              5F      9       9       1        9.5%
STACK                0      0       0       2        0.0%
DATA                 0      0       0       3        0.0%
BITBANK0            A0      0       0       4        0.0%
BANK0               A0      0       0       5        0.0%
BITBANK1           100      0       0       6        0.0%
BANK1              100      0       0       7        0.0%
BITBANK2           100      0       0       8        0.0%
BANK2              100      0       0       9        0.0%
BITBANK3           100      0       0      10        0.0%
BANK3              100      0       0      11        0.0%
BITBANK4           100      0       0      12        0.0%
BANK4              100      0       0      13        0.0%
BITBANK5           100      0       0      14        0.0%
BANK5              100      0       0      15        0.0%
BITBANK6           100      0       0      16        0.0%
BANK6              100      0       0      17        0.0%
BITBANK7           100      0       0      18        0.0%
BANK7              100      0       0      19        0.0%
BITBIGSFRh          3E      0       0      20        0.0%
BITBIGSFRlh         2B      0       0      21        0.0%
BITBIGSFRllh         8      0       0      22        0.0%
BITBIGSFRlll        2C      0       0      23        0.0%
ABS                  0      0       0      24        0.0%
BIGRAM             7FF      0       0      25        0.0%
BIGSFR               0      0       0     200        0.0%
BITSFR               0      0       0     200        0.0%
SFR                  0      0       0     200        0.0%


Microchip Technology PIC18 Macro Assembler V2.45 build 20230818022343 
Symbol Table                                                                                   Tue Jun 16 14:48:54 2026

                     l13 08B4                       l25 084E                       l26 0850  
                     l19 088A                       l27 0850                       u10 08B4  
                     u11 08B0                       u60 088A                       u61 0886  
                     u70 0824                       u71 081C                       u90 084E  
                     u91 084A                       u88 0826            Delay1ms@veces 0001  
                    l711 0894                      l713 0898                      l705 088C  
                    l741 0868                      l743 086C                      l751 0812  
                    l737 0858                      l753 0830                      l745 0802  
                    l739 0864                      l755 083C                      l757 083E  
                   _LATD 0F8C                     _main 0802                     start 0000  
           ___param_bank 0000                    ?_main 0001                    _TRISD 0F95  
                  main@i 0009                    status 0FD8         __end_of_Delay1ms 08B6  
       __end_of_DelayXms 088C          __initialization 08B6             __end_of_main 0858  
                 ??_main 0008            __activetblptr 0000                   _ADCON1 0FC1  
          DelayXms@Milis 0003                   isa$std 0001             __mediumconst 0000  
             __accesstop 0060  __end_of__initialization 08B6            ___rparam_used 0001  
         __pcstackCOMRAM 0001                ?_Delay1ms 0001                ?_DelayXms 0003  
             ??_Delay1ms 0001               ??_DelayXms 0005                  __Hparam 0000  
                __Lparam 0000             __psmallconst 0800                  __pcinit 08B6  
                __ramtop 0800                  __ptext0 0802                  __ptext1 0858  
                __ptext2 088C     end_of_initialization 08B6                DelayXms@i 0006  
    start_initialization 08B6              __smallconst 0800                 _LATDbits 0F8C  
               _Delay1ms 088C                 _DelayXms 0858                 __Hrparam 0000  
               __Lrparam 0000                 isa$xinst 0000  
