Microchip MPLAB XC8 Compiler V2.45

Linker command line:

-W-3 \
  --edf=C:\Program Files\Microchip\xc8\v2.45\pic\dat\20230818022343_en.msgs \
  -cn -h+dist/default/production\Pr5_Parte4.X.production.sym \
  --cmf=dist/default/production\Pr5_Parte4.X.production.cmf -z -Q18F4550 \
  -oC:\Users\UsuarioF\AppData\Local\Temp\xcBsem0.1\driver_tmp_3.o \
  --defsym=__MPLAB_BUILD=1 --fixupoverflow=error \
  -Mdist/default/production/Pr5_Parte4.X.production.map \
  --md=C:\Users\UsuarioF\AppData\Local\Temp\xcBsem0.1\driver_tmp_0.dat -E1 \
  -ver=XC8 Compiler --acfsm=1493 -ACODE=00h-07FFFh -ACONST=00h-07FFFh \
  -ASMALLCONST=0800h-08FFhx120 -AMEDIUMCONST=0800h-07FFFh -ACOMRAM=01h-05Fh \
  -AABS1=00h-07FFh -ABIGRAM=01h-07FFh -ARAM=060h-0FFh,0100h-01FFhx7 \
  -ABANK0=060h-0FFh -ABANK1=0100h-01FFh -ABANK2=0200h-02FFh \
  -ABANK3=0300h-03FFh -ABANK4=0400h-04FFh -ABANK5=0500h-05FFh \
  -ABANK6=0600h-06FFh -ABANK7=0700h-07FFh -ASFR=0F60h-0FFFh \
  -ABIGSFR=0F60h-0FFFh -ACONFIG=0300000h-030000Dh -AIDLOC=0200000h-0200007h \
  -AEEDATA=0F00000h-0F000FFh -peeprom_data=EEDATA \
  -preset_vec=00h,intcode=08h,intcodelo,powerup,init -pramtop=0800h \
  -psmallconst=SMALLCONST -pmediumconst=MEDIUMCONST -pconst=CONST \
  -AFARRAM=00h-00h \
  -prdata=COMRAM,nvrram=COMRAM,nvbit=COMRAM,rbss=COMRAM,rbit=COMRAM \
  -pfarbss=FARRAM,fardata=FARRAM,nvFARRAM=FARRAM \
  -pintsave_regs=BIGRAM,bigbss=BIGRAM,bigdata=BIGRAM -pbss=RAM \
  -pidata=CODE,irdata=CODE,ibigdata=CODE,ifardata=CODE -prparam=COMRAM \
  C:\Users\UsuarioF\AppData\Local\Temp\xcBsem0.1\driver_tmp_9.o \
  dist/default/production\Pr5_Parte4.X.production.o 

Object code version is 3.11

Machine type is 18F4550



                Name                               Link     Load   Length Selector   Space Scale
C:\Users\UsuarioF\AppData\Local\Temp\xcBsem0.1\driver_tmp_9.o
                idloc                            200000   200000        8        0       5
                config                           300000   300000        E        0       4
                init                                  E        E        4        4       0
                reset_vec                             0        0        4        0       0
dist/default/production\Pr5_Parte4.X.production.o
                intcode                               8        8        6        4       0
                idloc                            200000   200000        8        0       5
                config                           300000   300000        E        0       4
                temp                                 2A       2A        1        1       1
                smallconst                          800      800       6E      400       0
                text29                             140C     140C       2A      437       0
                text28                             1384     1384       32      437       0
                intcode_body                       131A     131A       36      437       0
                text26                             1116     1116       70      437       0
                text25                             10A4     10A4       72      437       0
                text24                             14A0     14A0       1A      437       0
                text23                             14BA     14BA       18      437       0
                text22                             14D2     14D2       14      437       0
                text21                             13E2     13E2       2A      437       0
                text20                             1350     1350       34      437       0
                text19                             14E6     14E6        E      437       0
                text18                              D48      D48       FA      437       0
                text17                             1500     1500        C      437       0
                text16                             12A2     12A2       3E      437       0
                text15                              B6E      B6E      1DA      437       0
                text14                             1516     1516        8      437       0
                text13                             14F4     14F4        C      437       0
                text12                             1258     1258       4A      437       0
                text11                             147E     147E       22      437       0
                text10                              FBE      FBE       74      437       0
                text9                              11F4     11F4       64      437       0
                text8                               F02      F02       BC      437       0
                text7                              1032     1032       72      437       0
                text6                               E42      E42       C0      437       0
                text5                              1186     1186       6E      437       0
                text4                              150C     150C        A      437       0
                text3                              145C     145C       22      437       0
                text2                              1436     1436       26      437       0
                text1                              13B6     13B6       2C      437       0
                text0                               86E      86E      300      437       0
                cstackCOMRAM                          1        1       1A        1       1
                dataCOMRAM                           25       25        5        1       1
                bssCOMRAM                            1B       1B        A        1       1
                cinit                              12E0     12E0       3A      437       0
                idataCOMRAM                        151E     151E        5      437       0

TOTAL           Name                               Link     Load   Length     Space
        CLASS   CODE           
                intcode                               8        8        6         0
                init                                  E        E        4         0
                reset_vec                             0        0        4         0
                text29                             140C     140C       2A         0
                text28                             1384     1384       32         0
                intcode_body                       131A     131A       36         0
                text26                             1116     1116       70         0
                text25                             10A4     10A4       72         0
                text24                             14A0     14A0       1A         0
                text23                             14BA     14BA       18         0
                text22                             14D2     14D2       14         0
                text21                             13E2     13E2       2A         0
                text20                             1350     1350       34         0
                text19                             14E6     14E6        E         0
                text18                              D48      D48       FA         0
                text17                             1500     1500        C         0
                text16                             12A2     12A2       3E         0
                text15                              B6E      B6E      1DA         0
                text14                             1516     1516        8         0
                text13                             14F4     14F4        C         0
                text12                             1258     1258       4A         0
                text11                             147E     147E       22         0
                text10                              FBE      FBE       74         0
                text9                              11F4     11F4       64         0
                text8                               F02      F02       BC         0
                text7                              1032     1032       72         0
                text6                               E42      E42       C0         0
                text5                              1186     1186       6E         0
                text4                              150C     150C        A         0
                text3                              145C     145C       22         0
                text2                              1436     1436       26         0
                text1                              13B6     13B6       2C         0
                text0                               86E      86E      300         0
                cinit                              12E0     12E0       3A         0
                idataCOMRAM                        151E     151E        5         0

        CLASS   CONST          

        CLASS   SMALLCONST     
                smallconst                          800      800       6E         0

        CLASS   MEDIUMCONST    

        CLASS   COMRAM         
                temp                                 2A       2A        1         1
                cstackCOMRAM                          1        1       1A         1
                dataCOMRAM                           25       25        5         1
                bssCOMRAM                            1B       1B        A         1

        CLASS   ABS1           

        CLASS   BIGRAM         

        CLASS   RAM            

        CLASS   BANK0          

        CLASS   BANK1          

        CLASS   BANK2          

        CLASS   BANK3          

        CLASS   BANK4          

        CLASS   BANK5          

        CLASS   BANK6          

        CLASS   BANK7          

        CLASS   SFR            

        CLASS   BIGSFR         

        CLASS   CONFIG         
                config                           300000   300000        E         4

        CLASS   IDLOC          
                idloc                            200000   200000        8         5

        CLASS   EEDATA         

        CLASS   FARRAM         

        CLASS   HEAP           

        CLASS   STACK          



SEGMENTS        Name                           Load    Length   Top    Selector   Space  Class

                reset_vec                      000000  000004  000004         0       0  CODE    
                cstackCOMRAM                   000001  00002A  00002B         1       1  COMRAM  
                intcode                        000008  00000A  000012         4       0  CODE    
                smallconst                     000800  00006E  00086E       400       0  SMALLCON
                text0                          00086E  000CB5  001523       437       0  CODE    


UNUSED ADDRESS RANGES

        Name                Unused          Largest block    Delta
        BANK0            000060-0000FF               A0
        BANK1            000100-0001FF              100
        BANK2            000200-0002FF              100
        BANK3            000300-0003FF              100
        BANK4            000400-0004FF              100
        BANK5            000500-0005FF              100
        BANK6            000600-0006FF              100
        BANK7            000700-0007FF              100
        BIGRAM           00002B-0007FF              7D5
        BIGSFR           000F60-000FFF               A0
        CODE             000004-000007                4
                         000012-0007FF              7EE
                         001523-007FFF             6ADD
        COMRAM           00002B-00005F               35
        CONST            000004-000007                4
                         000012-0007FF              7EE
                         001523-007FFF             6ADD
        EEDATA           F00000-F000FF              100
        MEDIUMCONST      001523-007FFF             6ADD
        RAM              000060-0007FF              100
        SFR              000F60-000FFF               A0
        SMALLCONST       001523-007FFF              100

                                  Symbol Table

?___lwdiv                                 cstackCOMRAM 00000A
?___lwmod                                 cstackCOMRAM 000005
?___wmul                                  cstackCOMRAM 000005
AjustarLEDManual@tecla                    cstackCOMRAM 000007
Delay1ms@veces                            cstackCOMRAM 000005
DelayXms@Milis                            cstackCOMRAM 000007
DelayXms@i                                cstackCOMRAM 00000A
LCD_Caracter@dato                         cstackCOMRAM 00000A
LCD_Comando@cmd                           cstackCOMRAM 00000A
LCD_Texto@PALABRA                         cstackCOMRAM 00000B
LCD_Texto@i                               cstackCOMRAM 00000D
LeerTeclado@tecla                         cstackCOMRAM 00000E
MostrarADC@centenas                       cstackCOMRAM 000012
MostrarADC@decenas                        cstackCOMRAM 000013
MostrarADC@miles                          cstackCOMRAM 000011
MostrarADC@unidades                       cstackCOMRAM 000014
MostrarBarraADC@barras                    cstackCOMRAM 000013
MostrarBarraADC@i                         cstackCOMRAM 000014
MostrarNumeroIngresado@centenas           cstackCOMRAM 000012
MostrarNumeroIngresado@decenas            cstackCOMRAM 000013
MostrarNumeroIngresado@miles              cstackCOMRAM 000011
MostrarNumeroIngresado@unidades           cstackCOMRAM 000014
MostrarScore@correcto                     cstackCOMRAM 000011
TxDato@dato                               cstackCOMRAM 000009
_ADCON1                                   (abs)        000FC1
_ADCON2                                   (abs)        000FC0
_ADON                                     (abs)        007E10
_ADRESH                                   (abs)        000FC4
_ADRESL                                   (abs)        000FC3
_ActualizarVelocidadLED                   text26       001116
_AjustarLEDManual                         text25       0010A4
_BitEN                                    text19       0014E6
_CHS0                                     (abs)        007E12
_CHS1                                     (abs)        007E13
_CHS2                                     (abs)        007E14
_CHS3                                     (abs)        007E15
_ConfiguracionInterrupciones_TMR0         text24       0014A0
_Configuracion_inicialPIC                 text23       0014BA
_Delay1ms                                 text21       0013E2
_DelayXms                                 text20       001350
_GO_DONE                                  (abs)        007E11
_INTCON2bits                              (abs)        000FF1
_INTCONbits                               (abs)        000FF2
_InitADC                                  text22       0014D2
_InitLCD                                  text16       0012A2
_InterrupcionHP                           intcode      000008
_LATA                                     (abs)        000F89
_LATAbits                                 (abs)        000F89
_LATB                                     (abs)        000F8A
_LATD                                     (abs)        000F8C
_LATDbits                                 (abs)        000F8C
_LCD_Caracter                             text13       0014F4
_LCD_Comando                              text17       001500
_LCD_Linea2                               text14       001516
_LCD_Texto                                text12       001258
_LeerADC                                  text28       001384
_LeerTeclado                              text15       000B6E
_MostrarADC                               text6        000E42
_MostrarBarraADC                          text5        001186
_MostrarMenuScroll                        text11       00147E
_MostrarNumeroIngresado                   text8        000F02
_MostrarScore                             text7        001032
_PORTB                                    (abs)        000F81
_PantallaLEDManual                        text4        00150C
_RCONbits                                 (abs)        000FD0
_ResetLCD                                 text3        00145C
_T0CON                                    (abs)        000FD5
_TMR0H                                    (abs)        000FD7
_TMR0L                                    (abs)        000FD6
_TRISAbits                                (abs)        000F92
_TRISB                                    (abs)        000F93
_TRISD                                    (abs)        000F95
_TxDato                                   text18       000D48
__HRAM                                    (abs)        000000
__H__absolute__                           __absolute__ 000000
__Habs1                                   abs1         000000
__Hbank0                                  bank0        000000
__Hbank1                                  bank1        000000
__Hbank2                                  bank2        000000
__Hbank3                                  bank3        000000
__Hbank4                                  bank4        000000
__Hbank5                                  bank5        000000
__Hbank6                                  bank6        000000
__Hbank7                                  bank7        000000
__Hbigbss                                 bigbss       000000
__Hbigdata                                bigdata      000000
__Hbigram                                 bigram       000000
__Hbigsfr                                 bigsfr       000000
__Hbss                                    bss          000000
__HbssCOMRAM                              bssCOMRAM    000000
__Hcinit                                  cinit        000000
__Hclrtext                                clrtext      000000
__Hcomram                                 comram       000000
__Hconfig                                 config       30000E
__Hconst                                  const        000000
__HcstackCOMRAM                           cstackCOMRAM 000000
__Hdata                                   data         000000
__HdataCOMRAM                             dataCOMRAM   000000
__Heeprom_data                            eeprom_data  000000
__Hfarbss                                 farbss       000000
__Hfardata                                fardata      000000
__Hheap                                   heap         000000
__Hibigdata                               ibigdata     000000
__Hidata                                  idata        000000
__HidataCOMRAM                            idataCOMRAM  000000
__Hidloc                                  idloc        200008
__Hifardata                               ifardata     000000
__Hinit                                   init         000012
__Hintcode                                intcode      00000E
__Hintcode_body                           intcode_body 000000
__Hintcodelo                              intcodelo    00000E
__Hintentry                               intentry     000000
__Hintret                                 intret       000000
__Hintsave_regs                           intsave_regs 000000
__Hirdata                                 irdata       000000
__Hmediumconst                            mediumconst  000000
__HnvFARRAM                               nvFARRAM     000000
__Hnvbit                                  nvbit        000000
__Hnvrram                                 nvrram       000000
__Hparam                                  rparam       000000
__Hpowerup                                powerup      00000E
__Hram                                    ram          000000
__Hramtop                                 ramtop       000800
__Hrbit                                   rbit         000000
__Hrbss                                   rbss         000000
__Hrdata                                  rdata        000000
__Hreset_vec                              reset_vec    000004
__Hrparam                                 rparam       000000
__Hsfr                                    sfr          000000
__Hsmallconst                             smallconst   00086E
__Hspace_0                                (abs)        001523
__Hspace_1                                (abs)        00002B
__Hspace_2                                (abs)        000000
__Hspace_4                                (abs)        60000E
__Hstack                                  stack        000000
__Hstruct                                 struct       000000
__Htemp                                   temp         00002B
__Htext                                   text         000000
__Htext0                                  text0        000000
__Htext1                                  text1        000000
__Htext10                                 text10       000000
__Htext11                                 text11       000000
__Htext12                                 text12       000000
__Htext13                                 text13       000000
__Htext14                                 text14       000000
__Htext15                                 text15       000000
__Htext16                                 text16       000000
__Htext17                                 text17       000000
__Htext18                                 text18       000000
__Htext19                                 text19       000000
__Htext2                                  text2        000000
__Htext20                                 text20       000000
__Htext21                                 text21       000000
__Htext22                                 text22       000000
__Htext23                                 text23       000000
__Htext24                                 text24       000000
__Htext25                                 text25       000000
__Htext26                                 text26       000000
__Htext28                                 text28       000000
__Htext29                                 text29       000000
__Htext3                                  text3        000000
__Htext4                                  text4        000000
__Htext5                                  text5        000000
__Htext6                                  text6        000000
__Htext7                                  text7        000000
__Htext8                                  text8        000000
__Htext9                                  text9        000000
__LRAM                                    (abs)        000001
__L__absolute__                           __absolute__ 000000
__Labs1                                   abs1         000000
__Lbank0                                  bank0        000000
__Lbank1                                  bank1        000000
__Lbank2                                  bank2        000000
__Lbank3                                  bank3        000000
__Lbank4                                  bank4        000000
__Lbank5                                  bank5        000000
__Lbank6                                  bank6        000000
__Lbank7                                  bank7        000000
__Lbigbss                                 bigbss       000000
__Lbigdata                                bigdata      000000
__Lbigram                                 bigram       000000
__Lbigsfr                                 bigsfr       000000
__Lbss                                    bss          000000
__LbssCOMRAM                              bssCOMRAM    000000
__Lcinit                                  cinit        000000
__Lclrtext                                clrtext      000000
__Lcomram                                 comram       000000
__Lconfig                                 config       000000
__Lconst                                  const        000000
__LcstackCOMRAM                           cstackCOMRAM 000000
__Ldata                                   data         000000
__LdataCOMRAM                             dataCOMRAM   000000
__Leeprom_data                            eeprom_data  000000
__Lfarbss                                 farbss       000000
__Lfardata                                fardata      000000
__Lheap                                   heap         000000
__Libigdata                               ibigdata     000000
__Lidata                                  idata        000000
__LidataCOMRAM                            idataCOMRAM  000000
__Lidloc                                  idloc        000000
__Lifardata                               ifardata     000000
__Linit                                   init         00000E
__Lintcode                                intcode      000008
__Lintcode_body                           intcode_body 000000
__Lintcodelo                              intcodelo    00000E
__Lintentry                               intentry     000000
__Lintret                                 intret       000000
__Lintsave_regs                           intsave_regs 000000
__Lirdata                                 irdata       000000
__Lmediumconst                            mediumconst  000000
__LnvFARRAM                               nvFARRAM     000000
__Lnvbit                                  nvbit        000000
__Lnvrram                                 nvrram       000000
__Lparam                                  rparam       000000
__Lpowerup                                powerup      00000E
__Lram                                    ram          000000
__Lramtop                                 ramtop       000800
__Lrbit                                   rbit         000000
__Lrbss                                   rbss         000000
__Lrdata                                  rdata        000000
__Lreset_vec                              reset_vec    000000
__Lrparam                                 rparam       000000
__Lsfr                                    sfr          000000
__Lsmallconst                             smallconst   000800
__Lspace_0                                (abs)        000000
__Lspace_1                                (abs)        000000
__Lspace_2                                (abs)        000000
__Lspace_4                                (abs)        000000
__Lstack                                  stack        000000
__Lstruct                                 struct       000000
__Ltemp                                   temp         00002A
__Ltext                                   text         000000
__Ltext0                                  text0        000000
__Ltext1                                  text1        000000
__Ltext10                                 text10       000000
__Ltext11                                 text11       000000
__Ltext12                                 text12       000000
__Ltext13                                 text13       000000
__Ltext14                                 text14       000000
__Ltext15                                 text15       000000
__Ltext16                                 text16       000000
__Ltext17                                 text17       000000
__Ltext18                                 text18       000000
__Ltext19                                 text19       000000
__Ltext2                                  text2        000000
__Ltext20                                 text20       000000
__Ltext21                                 text21       000000
__Ltext22                                 text22       000000
__Ltext23                                 text23       000000
__Ltext24                                 text24       000000
__Ltext25                                 text25       000000
__Ltext26                                 text26       000000
__Ltext28                                 text28       000000
__Ltext29                                 text29       000000
__Ltext3                                  text3        000000
__Ltext4                                  text4        000000
__Ltext5                                  text5        000000
__Ltext6                                  text6        000000
__Ltext7                                  text7        000000
__Ltext8                                  text8        000000
__Ltext9                                  text9        000000
__S0                                      (abs)        001523
__S1                                      (abs)        00002B
__S4                                      (abs)        000000
__S5                                      (abs)        000000
___heap_hi                                (abs)        000000
___heap_lo                                (abs)        000000
___inthi_sp                               stack        000000
___inthi_stack_hi                         stack        000000
___inthi_stack_lo                         stack        000000
___intlo_sp                               stack        000000
___intlo_stack_hi                         stack        000000
___intlo_stack_lo                         stack        000000
___lwdiv                                  text10       000FBE
___lwdiv@counter                          cstackCOMRAM 000010
___lwdiv@dividend                         cstackCOMRAM 00000A
___lwdiv@divisor                          cstackCOMRAM 00000C
___lwdiv@quotient                         cstackCOMRAM 00000E
___lwmod                                  text9        0011F4
___lwmod@counter                          cstackCOMRAM 000009
___lwmod@dividend                         cstackCOMRAM 000005
___lwmod@divisor                          cstackCOMRAM 000007
___param_bank                             (abs)        000000
___rparam_used                            (abs)        000001
___sp                                     stack        000000
___stack_hi                               stack        000000
___stack_lo                               stack        000000
___wmul                                   text2        001436
___wmul@multiplicand                      cstackCOMRAM 000007
___wmul@multiplier                        cstackCOMRAM 000005
___wmul@product                           cstackCOMRAM 000009
__accesstop                               (abs)        000060
__activetblptr                            (abs)        000002
__end_of_ActualizarVelocidadLED           text26       001186
__end_of_AjustarLEDManual                 text25       001116
__end_of_BitEN                            text19       0014F4
__end_of_ConfiguracionInterrupciones_TMR0 text24       0014BA
__end_of_Configuracion_inicialPIC         text23       0014D2
__end_of_Delay1ms                         text21       00140C
__end_of_DelayXms                         text20       001384
__end_of_InitADC                          text22       0014E6
__end_of_InitLCD                          text16       0012E0
__end_of_InterrupcionHP                   intcode_body 001350
__end_of_LCD_Caracter                     text13       001500
__end_of_LCD_Comando                      text17       00150C
__end_of_LCD_Linea2                       text14       00151E
__end_of_LCD_Texto                        text12       0012A2
__end_of_LeerADC                          text28       0013B6
__end_of_LeerTeclado                      text15       000D48
__end_of_MostrarADC                       text6        000F02
__end_of_MostrarBarraADC                  text5        0011F4
__end_of_MostrarMenuScroll                text11       0014A0
__end_of_MostrarNumeroIngresado           text8        000FBE
__end_of_MostrarScore                     text7        0010A4
__end_of_PantallaLEDManual                text4        001516
__end_of_ResetLCD                         text3        00147E
__end_of_TxDato                           text18       000E42
__end_of___lwdiv                          text10       001032
__end_of___lwmod                          text9        001258
__end_of___wmul                           text2        00145C
__end_of__initialization                  cinit        00130C
__end_of_led_blink                        text1        0013E2
__end_of_main                             text0        000B6E
__end_ofi2_Delay1ms                       text29       001436
__initialization                          cinit        0012E0
__mediumconst                             mediumconst  000000
__pbssCOMRAM                              bssCOMRAM    00001B
__pcinit                                  cinit        0012E0
__pcstackCOMRAM                           cstackCOMRAM 000001
__pdataCOMRAM                             dataCOMRAM   000025
__pidataCOMRAM                            idataCOMRAM  00151E
__pintcode                                intcode      000008
__pintcode_body                           intcode_body 00131A
__psmallconst                             smallconst   000800
__ptext0                                  text0        00086E
__ptext1                                  text1        0013B6
__ptext10                                 text10       000FBE
__ptext11                                 text11       00147E
__ptext12                                 text12       001258
__ptext13                                 text13       0014F4
__ptext14                                 text14       001516
__ptext15                                 text15       000B6E
__ptext16                                 text16       0012A2
__ptext17                                 text17       001500
__ptext18                                 text18       000D48
__ptext19                                 text19       0014E6
__ptext2                                  text2        001436
__ptext20                                 text20       001350
__ptext21                                 text21       0013E2
__ptext22                                 text22       0014D2
__ptext23                                 text23       0014BA
__ptext24                                 text24       0014A0
__ptext25                                 text25       0010A4
__ptext26                                 text26       001116
__ptext28                                 text28       001384
__ptext29                                 text29       00140C
__ptext3                                  text3        00145C
__ptext4                                  text4        00150C
__ptext5                                  text5        001186
__ptext6                                  text6        000E42
__ptext7                                  text7        001032
__ptext8                                  text8        000F02
__ptext9                                  text9        0011F4
__ramtop                                  ramtop       000800
__smallconst                              smallconst   000800
_adcValue                                 bssCOMRAM    00001F
_digitosIngresados                        bssCOMRAM    000021
_flagADC                                  bssCOMRAM    000023
_holdADC                                  bssCOMRAM    000022
_ledManual                                dataCOMRAM   000025
_ledPeriodo                               dataCOMRAM   000027
_led_blink                                text1        0013B6
_main                                     text0        00086E
_modo                                     dataCOMRAM   000029
_numeroIngresado                          bssCOMRAM    00001B
_puntaje                                  bssCOMRAM    00001D
_temp                                     bssCOMRAM    000024
btemp                                     temp         00002A
end_of_initialization                     cinit        00130C
i2Delay1ms@veces                          cstackCOMRAM 000001
i2_Delay1ms                               text29       00140C
int$flags                                 temp         00002A
int_func                                  intcode_body 00131A
intlevel0                                 text         000000
intlevel1                                 text         000000
intlevel2                                 text         000000
intlevel3                                 text         000000
isa$std                                   (abs)        000001
isa$xinst                                 (abs)        000000
led_blink@tiempo_ms                       cstackCOMRAM 00000C
main@diferencia                           cstackCOMRAM 000018
main@i                                    cstackCOMRAM 000017
main@tecla                                cstackCOMRAM 00001A
stackhi                                   (abs)        000000
stacklo                                   (abs)        000000
start                                     init         00000E
start_initialization                      cinit        0012E0
ttemp5                                    temp         00002B
ttemp6                                    temp         00002E
ttemp7                                    temp         000032
wtemp8                                    temp         00002B


MODULE INFORMATION

Module		Function		Class		Link	Load	Size
C:\Program Files\Microchip\xc8\v2.45\pic\sources\c99\common\Umul16.c
		___wmul        		CODE           	1436	0000	38

C:\Program Files\Microchip\xc8\v2.45\pic\sources\c99\common\Umul16.c estimated size: 38

C:\Program Files\Microchip\xc8\v2.45\pic\sources\c99\common\lwmod.c
		___lwmod       		CODE           	11F4	0000	100

C:\Program Files\Microchip\xc8\v2.45\pic\sources\c99\common\lwmod.c estimated size: 100

Codigo_Pr5_Parte4.c
		_DelayXms      		CODE           	1350	0000	52
		_PantallaLEDManual		CODE           	150C	0000	10
		_led_blink     		CODE           	13B6	0000	44
		_LCD_Comando   		CODE           	1500	0000	12
		_LCD_Texto     		CODE           	1258	0000	74
		_Configuracion_inicialPIC		CODE           	14BA	0000	24
		_LCD_Linea2    		CODE           	1516	0000	8
		_main          		CODE           	086E	0000	768
		_BitEN         		CODE           	14E6	0000	14
		_InitADC       		CODE           	14D2	0000	20
		_ActualizarVelocidadLED		CODE           	1116	0000	112
		_InterrupcionHP		CODE           	0008	0000	60
		_LeerTeclado   		CODE           	0B6E	0000	474
		_ConfiguracionInterrupciones_TMR0		CODE           	14A0	0000	26
		_InitLCD       		CODE           	12A2	0000	62
		_Delay1ms      		CODE           	13E2	0000	42
		_MostrarADC    		CODE           	0E42	0000	192
		_MostrarScore  		CODE           	1032	0000	114
		_MostrarNumeroIngresado		CODE           	0F02	0000	188
		_LCD_Caracter  		CODE           	14F4	0000	12
		_AjustarLEDManual		CODE           	10A4	0000	114
		_LeerADC       		CODE           	1384	0000	50
		_MostrarMenuScroll		CODE           	147E	0000	34
		_ResetLCD      		CODE           	145C	0000	34
		_TxDato        		CODE           	0D48	0000	250
		_MostrarBarraADC		CODE           	1186	0000	110

Codigo_Pr5_Parte4.c estimated size: 2900

shared
		__initialization		CODE           	12E0	0000	44
		i2_Delay1ms    		CODE           	140C	0000	42

shared estimated size: 86

C:\Program Files\Microchip\xc8\v2.45\pic\sources\c99\common\lwdiv.c
		___lwdiv       		CODE           	0FBE	0000	116

C:\Program Files\Microchip\xc8\v2.45\pic\sources\c99\common\lwdiv.c estimated size: 116

