Microchip MPLAB XC8 Compiler V2.45

Linker command line:

-W-3 \
  --edf=C:\Program Files\Microchip\xc8\v2.45\pic\dat\20230818022343_en.msgs \
  -cn -h+dist/default/production\Parte2.X.production.sym \
  --cmf=dist/default/production\Parte2.X.production.cmf -z -Q18F4550 \
  -oC:\Users\UsuarioF\AppData\Local\Temp\xcAsaus.\driver_tmp_3.o \
  --defsym=__MPLAB_BUILD=1 --fixupoverflow=error \
  -Mdist/default/production/Parte2.X.production.map \
  --md=C:\Users\UsuarioF\AppData\Local\Temp\xcAsaus.\driver_tmp_0.dat -E1 \
  -ver=XC8 Compiler --acfsm=1493 -ACODE=00h-07FFFh -ACONST=00h-07FFFh \
  -ASMALLCONST=0800h-08FFhx120 -AMEDIUMCONST=0800h-07FFFh -ACOMRAM=01h-05Fh \
  -AABS1=00h-07FFh -ABIGRAM=01h-07FFh -ARAM=060h-0FFh,0100h-01FFhx7 \
  -ABANK0=060h-0FFh -ABANK1=0100h-01FFh -ABANK2=0200h-02FFh \
  -ABANK3=0300h-03FFh -ABANK4=0400h-04FFh -ABANK5=0500h-05FFh \
  -ABANK6=0600h-06FFh -ABANK7=0700h-07FFh -ASFR=0F60h-0FFFh \
  -ABIGSFR=0F60h-0FFFh -ACONFIG=0300000h-030000Dh -AIDLOC=0200000h-0200007h \
  -AEEDATA=0F00000h-0F000FFh -peeprom_data=EEDATA \
  -preset_vec=00h,intcode=08h,intcodelo,powerup,init -pramtop=0800h \
  -psmallconst=SMALLCONST -pmediumconst=MEDIUMCONST -pconst=CONST \
  -AFARRAM=00h-00h \
  -prdata=COMRAM,nvrram=COMRAM,nvbit=COMRAM,rbss=COMRAM,rbit=COMRAM \
  -pfarbss=FARRAM,fardata=FARRAM,nvFARRAM=FARRAM \
  -pintsave_regs=BIGRAM,bigbss=BIGRAM,bigdata=BIGRAM -pbss=RAM \
  -pidata=CODE,irdata=CODE,ibigdata=CODE,ifardata=CODE -prparam=COMRAM \
  C:\Users\UsuarioF\AppData\Local\Temp\xcAsaus.\driver_tmp_9.o \
  dist/default/production\Parte2.X.production.o 

Object code version is 3.11

Machine type is 18F4550



                Name                               Link     Load   Length Selector   Space Scale
C:\Users\UsuarioF\AppData\Local\Temp\xcAsaus.\driver_tmp_9.o
                idloc                            200000   200000        8        0       5
                config                           300000   300000        E        0       4
                init                                  E        E        4        4       0
                reset_vec                             0        0        4        0       0
dist/default/production\Parte2.X.production.o
                intcode                               8        8        6        4       0
                idloc                            200000   200000        8        0       5
                config                           300000   300000        E        0       4
                temp                                 33       33        1        1       1
                smallconst                          800      800       12      400       0
                intcode_body                        F72      F72       CA      409       0
                text9                              1288     1288       2A      409       0
                text8                              1254     1254       34      409       0
                text7                              12CC     12CC       12      409       0
                text6                              103C     103C       C4      409       0
                text5                              1100     1100       B0      409       0
                text4                               E84      E84       EE      409       0
                text3                              1206     1206       4E      409       0
                text2                              11B0     11B0       56      409       0
                text1                               C68      C68      21C      409       0
                text0                               812      812      456      409       0
                cstackCOMRAM                          1        1       21        1       1
                bssCOMRAM                            22       22       11        1       1
                cinit                              12B2     12B2       1A      409       0

TOTAL           Name                               Link     Load   Length     Space
        CLASS   CODE           
                intcode                               8        8        6         0
                init                                  E        E        4         0
                reset_vec                             0        0        4         0
                intcode_body                        F72      F72       CA         0
                text9                              1288     1288       2A         0
                text8                              1254     1254       34         0
                text7                              12CC     12CC       12         0
                text6                              103C     103C       C4         0
                text5                              1100     1100       B0         0
                text4                               E84      E84       EE         0
                text3                              1206     1206       4E         0
                text2                              11B0     11B0       56         0
                text1                               C68      C68      21C         0
                text0                               812      812      456         0
                cinit                              12B2     12B2       1A         0

        CLASS   CONST          

        CLASS   SMALLCONST     
                smallconst                          800      800       12         0

        CLASS   MEDIUMCONST    

        CLASS   COMRAM         
                temp                                 33       33        1         1
                cstackCOMRAM                          1        1       21         1
                bssCOMRAM                            22       22       11         1

        CLASS   ABS1           

        CLASS   BIGRAM         

        CLASS   RAM            

        CLASS   BANK0          

        CLASS   BANK1          

        CLASS   BANK2          

        CLASS   BANK3          

        CLASS   BANK4          

        CLASS   BANK5          

        CLASS   BANK6          

        CLASS   BANK7          

        CLASS   SFR            

        CLASS   BIGSFR         

        CLASS   CONFIG         
                config                           300000   300000        E         4

        CLASS   IDLOC          
                idloc                            200000   200000        8         5

        CLASS   EEDATA         

        CLASS   FARRAM         

        CLASS   HEAP           

        CLASS   STACK          



SEGMENTS        Name                           Load    Length   Top    Selector   Space  Class

                reset_vec                      000000  000004  000004         0       0  CODE    
                cstackCOMRAM                   000001  000033  000034         1       1  COMRAM  
                intcode                        000008  00000A  000012         4       0  CODE    
                smallconst                     000800  000012  000812       400       0  SMALLCON
                text0                          000812  000ACC  0012DE       409       0  CODE    


UNUSED ADDRESS RANGES

        Name                Unused          Largest block    Delta
        BANK0            000060-0000FF               A0
        BANK1            000100-0001FF              100
        BANK2            000200-0002FF              100
        BANK3            000300-0003FF              100
        BANK4            000400-0004FF              100
        BANK5            000500-0005FF              100
        BANK6            000600-0006FF              100
        BANK7            000700-0007FF              100
        BIGRAM           000034-0007FF              7CC
        BIGSFR           000F60-000FFF               A0
        CODE             000004-000007                4
                         000012-0007FF              7EE
                         0012DE-007FFF             6D22
        COMRAM           000034-00005F               2C
        CONST            000004-000007                4
                         000012-0007FF              7EE
                         0012DE-007FFF             6D22
        EEDATA           F00000-F000FF              100
        MEDIUMCONST      0012DE-007FFF             6D22
        RAM              000060-0007FF              100
        SFR              000F60-000FFF               A0
        SMALLCONST       0012DE-007FFF              100

                                  Symbol Table

?___awdiv                   cstackCOMRAM 000005
?___awmod                   cstackCOMRAM 000005
Delay1ms@veces              cstackCOMRAM 000005
DelayXms@Milis              cstackCOMRAM 000007
DelayXms@i                  cstackCOMRAM 00000A
LeerTeclado@tecla           cstackCOMRAM 00000E
_ADCON1                     (abs)        000FC1
_ActualizarDisplays         text4        000E84
_Buzzer                     text7        0012CC
_DecrementarTiempo          text3        001206
_Delay1ms                   text9        001288
_DelayXms                   text8        001254
_Hora                       bssCOMRAM    00002C
_INTCON2bits                (abs)        000FF1
_INTCONbits                 (abs)        000FF2
_IncrementarTiempo          text2        0011B0
_InterrupcionHP             intcode      000008
_LATAbits                   (abs)        000F89
_LATB                       (abs)        000F8A
_LATCbits                   (abs)        000F8B
_LATD                       (abs)        000F8C
_LATDbits                   (abs)        000F8C
_LeerTeclado                text1        000C68
_Minutos                    bssCOMRAM    00002A
_PORTB                      (abs)        000F81
_PORTDbits                  (abs)        000F83
_RCONbits                   (abs)        000FD0
_T0CON                      (abs)        000FD5
_T0CONbits                  (abs)        000FD5
_TMR0H                      (abs)        000FD7
_TMR0L                      (abs)        000FD6
_TRISAbits                  (abs)        000F92
_TRISB                      (abs)        000F93
_TRISCbits                  (abs)        000F94
_TRISD                      (abs)        000F95
_UCFGbits                   (abs)        000F6F
_UCONbits                   (abs)        000F6D
__HRAM                      (abs)        000000
__H__absolute__             __absolute__ 000000
__Habs1                     abs1         000000
__Hbank0                    bank0        000000
__Hbank1                    bank1        000000
__Hbank2                    bank2        000000
__Hbank3                    bank3        000000
__Hbank4                    bank4        000000
__Hbank5                    bank5        000000
__Hbank6                    bank6        000000
__Hbank7                    bank7        000000
__Hbigbss                   bigbss       000000
__Hbigdata                  bigdata      000000
__Hbigram                   bigram       000000
__Hbigsfr                   bigsfr       000000
__Hbss                      bss          000000
__HbssCOMRAM                bssCOMRAM    000000
__Hcinit                    cinit        000000
__Hclrtext                  clrtext      000000
__Hcomram                   comram       000000
__Hconfig                   config       30000E
__Hconst                    const        000000
__HcstackCOMRAM             cstackCOMRAM 000000
__Hdata                     data         000000
__Heeprom_data              eeprom_data  000000
__Hfarbss                   farbss       000000
__Hfardata                  fardata      000000
__Hheap                     heap         000000
__Hibigdata                 ibigdata     000000
__Hidata                    idata        000000
__Hidloc                    idloc        200008
__Hifardata                 ifardata     000000
__Hinit                     init         000012
__Hintcode                  intcode      00000E
__Hintcode_body             intcode_body 000000
__Hintcodelo                intcodelo    00000E
__Hintentry                 intentry     000000
__Hintret                   intret       000000
__Hintsave_regs             intsave_regs 000000
__Hirdata                   irdata       000000
__Hmediumconst              mediumconst  000000
__HnvFARRAM                 nvFARRAM     000000
__Hnvbit                    nvbit        000000
__Hnvrram                   nvrram       000000
__Hparam                    rparam       000000
__Hpowerup                  powerup      00000E
__Hram                      ram          000000
__Hramtop                   ramtop       000800
__Hrbit                     rbit         000000
__Hrbss                     rbss         000000
__Hrdata                    rdata        000000
__Hreset_vec                reset_vec    000004
__Hrparam                   rparam       000000
__Hsfr                      sfr          000000
__Hsmallconst               smallconst   000812
__Hspace_0                  (abs)        0012DE
__Hspace_1                  (abs)        000034
__Hspace_2                  (abs)        000000
__Hspace_4                  (abs)        60000E
__Hstack                    stack        000000
__Hstruct                   struct       000000
__Htemp                     temp         000034
__Htext                     text         000000
__Htext0                    text0        000000
__Htext1                    text1        000000
__Htext2                    text2        000000
__Htext3                    text3        000000
__Htext4                    text4        000000
__Htext5                    text5        000000
__Htext6                    text6        000000
__Htext7                    text7        000000
__Htext8                    text8        000000
__Htext9                    text9        000000
__LRAM                      (abs)        000001
__L__absolute__             __absolute__ 000000
__Labs1                     abs1         000000
__Lbank0                    bank0        000000
__Lbank1                    bank1        000000
__Lbank2                    bank2        000000
__Lbank3                    bank3        000000
__Lbank4                    bank4        000000
__Lbank5                    bank5        000000
__Lbank6                    bank6        000000
__Lbank7                    bank7        000000
__Lbigbss                   bigbss       000000
__Lbigdata                  bigdata      000000
__Lbigram                   bigram       000000
__Lbigsfr                   bigsfr       000000
__Lbss                      bss          000000
__LbssCOMRAM                bssCOMRAM    000000
__Lcinit                    cinit        000000
__Lclrtext                  clrtext      000000
__Lcomram                   comram       000000
__Lconfig                   config       000000
__Lconst                    const        000000
__LcstackCOMRAM             cstackCOMRAM 000000
__Ldata                     data         000000
__Leeprom_data              eeprom_data  000000
__Lfarbss                   farbss       000000
__Lfardata                  fardata      000000
__Lheap                     heap         000000
__Libigdata                 ibigdata     000000
__Lidata                    idata        000000
__Lidloc                    idloc        000000
__Lifardata                 ifardata     000000
__Linit                     init         00000E
__Lintcode                  intcode      000008
__Lintcode_body             intcode_body 000000
__Lintcodelo                intcodelo    00000E
__Lintentry                 intentry     000000
__Lintret                   intret       000000
__Lintsave_regs             intsave_regs 000000
__Lirdata                   irdata       000000
__Lmediumconst              mediumconst  000000
__LnvFARRAM                 nvFARRAM     000000
__Lnvbit                    nvbit        000000
__Lnvrram                   nvrram       000000
__Lparam                    rparam       000000
__Lpowerup                  powerup      00000E
__Lram                      ram          000000
__Lramtop                   ramtop       000800
__Lrbit                     rbit         000000
__Lrbss                     rbss         000000
__Lrdata                    rdata        000000
__Lreset_vec                reset_vec    000000
__Lrparam                   rparam       000000
__Lsfr                      sfr          000000
__Lsmallconst               smallconst   000800
__Lspace_0                  (abs)        000000
__Lspace_1                  (abs)        000000
__Lspace_2                  (abs)        000000
__Lspace_4                  (abs)        000000
__Lstack                    stack        000000
__Lstruct                   struct       000000
__Ltemp                     temp         000033
__Ltext                     text         000000
__Ltext0                    text0        000000
__Ltext1                    text1        000000
__Ltext2                    text2        000000
__Ltext3                    text3        000000
__Ltext4                    text4        000000
__Ltext5                    text5        000000
__Ltext6                    text6        000000
__Ltext7                    text7        000000
__Ltext8                    text8        000000
__Ltext9                    text9        000000
__S0                        (abs)        0012DE
__S1                        (abs)        000034
__S4                        (abs)        000000
__S5                        (abs)        000000
___awdiv                    text6        00103C
___awdiv@counter            cstackCOMRAM 000009
___awdiv@dividend           cstackCOMRAM 000005
___awdiv@divisor            cstackCOMRAM 000007
___awdiv@quotient           cstackCOMRAM 00000B
___awdiv@sign               cstackCOMRAM 00000A
___awmod                    text5        001100
___awmod@counter            cstackCOMRAM 000009
___awmod@dividend           cstackCOMRAM 000005
___awmod@divisor            cstackCOMRAM 000007
___awmod@sign               cstackCOMRAM 00000A
___heap_hi                  (abs)        000000
___heap_lo                  (abs)        000000
___inthi_sp                 stack        000000
___inthi_stack_hi           stack        000000
___inthi_stack_lo           stack        000000
___intlo_sp                 stack        000000
___intlo_stack_hi           stack        000000
___intlo_stack_lo           stack        000000
___param_bank               (abs)        000000
___rparam_used              (abs)        000001
___sp                       stack        000000
___stack_hi                 stack        000000
___stack_lo                 stack        000000
__accesstop                 (abs)        000060
__activetblptr              (abs)        000002
__end_of_ActualizarDisplays text4        000F72
__end_of_Buzzer             text7        0012DE
__end_of_DecrementarTiempo  text3        001254
__end_of_Delay1ms           text9        0012B2
__end_of_DelayXms           text8        001288
__end_of_IncrementarTiempo  text2        001206
__end_of_InterrupcionHP     intcode_body 00103C
__end_of_LeerTeclado        text1        000E84
__end_of___awdiv            text6        001100
__end_of___awmod            text5        0011B0
__end_of__initialization    cinit        0012BE
__end_of_codigosNum         smallconst   00080D
__end_of_main               text0        000C68
__end_of_rEL                smallconst   000811
__initialization            cinit        0012B2
__mediumconst               mediumconst  000000
__pbssCOMRAM                bssCOMRAM    000022
__pcinit                    cinit        0012B2
__pcstackCOMRAM             cstackCOMRAM 000001
__pintcode                  intcode      000008
__pintcode_body             intcode_body 000F72
__psmallconst               smallconst   000800
__ptext0                    text0        000812
__ptext1                    text1        000C68
__ptext2                    text2        0011B0
__ptext3                    text3        001206
__ptext4                    text4        000E84
__ptext5                    text5        001100
__ptext6                    text6        00103C
__ptext7                    text7        0012CC
__ptext8                    text8        001254
__ptext9                    text9        001288
__ramtop                    ramtop       000800
__smallconst                smallconst   000800
_cntISR                     bssCOMRAM    00002E
_codigosNum                 smallconst   000801
_datos                      bssCOMRAM    000026
_digitos                    bssCOMRAM    000022
_main                       text0        000812
_modo_display               bssCOMRAM    000030
_multiplex                  bssCOMRAM    000032
_rEL                        smallconst   00080D
_reloj_activo               bssCOMRAM    000031
btemp                       temp         000033
end_of_initialization       cinit        0012BE
int$flags                   temp         000033
int_func                    intcode_body 000F72
intlevel0                   text         000000
intlevel1                   text         000000
intlevel2                   text         000000
intlevel3                   text         000000
isa$std                     (abs)        000001
isa$xinst                   (abs)        000000
main@MedioSecCount          cstackCOMRAM 00001F
main@btn_A_cnt              cstackCOMRAM 000010
main@btn_B_cnt              cstackCOMRAM 00001B
main@btn_C_cnt              cstackCOMRAM 00001D
main@btn_D_cnt              cstackCOMRAM 000012
main@cuenta_Minutos         cstackCOMRAM 000014
main@d                      cstackCOMRAM 000015
main@i                      cstackCOMRAM 000019
main@ing_btn_A              cstackCOMRAM 000020
main@tecla                  cstackCOMRAM 000021
stackhi                     (abs)        000000
stacklo                     (abs)        000000
start                       init         00000E
start_initialization        cinit        0012B2
ttemp5                      temp         000034
ttemp6                      temp         000037
ttemp7                      temp         00003B
wtemp8                      temp         000034


MODULE INFORMATION

Module		Function		Class		Link	Load	Size
C:\Program Files\Microchip\xc8\v2.45\pic\sources\c99\common\awmod.c
		___awmod       		CODE           	1100	0000	176

C:\Program Files\Microchip\xc8\v2.45\pic\sources\c99\common\awmod.c estimated size: 176

shared
		_rEL           		SMALLCONST     	080D	0000	4
		__initialization		CODE           	12B2	0000	12
		_codigosNum    		SMALLCONST     	0801	0000	12

shared estimated size: 28

Pr4_Parte2.c
		_DelayXms      		CODE           	1254	0000	52
		_main          		CODE           	0812	0000	1110
		_InterrupcionHP		CODE           	0008	0000	208
		_LeerTeclado   		CODE           	0C68	0000	540
		_Delay1ms      		CODE           	1288	0000	42
		_Buzzer        		CODE           	12CC	0000	18
		_DecrementarTiempo		CODE           	1206	0000	78
		_ActualizarDisplays		CODE           	0E84	0000	238
		_IncrementarTiempo		CODE           	11B0	0000	86

Pr4_Parte2.c estimated size: 2372

C:\Program Files\Microchip\xc8\v2.45\pic\sources\c99\common\awdiv.c
		___awdiv       		CODE           	103C	0000	196

C:\Program Files\Microchip\xc8\v2.45\pic\sources\c99\common\awdiv.c estimated size: 196

