MPASM  5.51                        CODIGO.ASM   5-5-2026  1:26:56         PAGE  1


LOC  OBJECT CODE     LINE SOURCE TEXT
  VALUE

                      00001         ; PRACTICA 1 - MICROCONTROLADORES
                      00002         ; PARTE 2: Secuencias Ciclicas (Logica de Maquina de Estados)
                      00003         ; MARZO-AGOSTO 2026
                      00004         ; Jaime Chiqui
                      00005 
                      00006         ;*************************************************************************** 
                      00007         ; Program Header ***********************************************************
                      00008                 LIST p=18f4550                  ;Especifica el dispositivo
                      00009                 #include "p18f4550.inc" ;traducción de variables a memoria
                      00001         LIST
                      00002 
                      00003 ;==========================================================================
                      00004 ;  MPASM PIC18F4550 processor include
                      00005 ; 
                      00006 ;  (c) Copyright 1999-2013 Microchip Technology, All rights reserved
                      00007 ;==========================================================================
                      00008 
                      01764         LIST
                      00010         ;***************************************************************************
                      00011 
                      00012         ;***** DECLARACIÓN VARIABLES ******
Warning[207]: Found label after column 1. (Contador1)
  00000000            00013         Contador1       equ 0x00
Warning[207]: Found label after column 1. (Contador2)
  00000001            00014         Contador2       equ 0x01
Warning[207]: Found label after column 1. (Xveces)
  00000002            00015         Xveces          equ 0x02
Warning[207]: Found label after column 1. (ContadorInicio)
  00000003            00016         ContadorInicio  equ 0x03
Warning[207]: Found label after column 1. (EstadoSec)
  00000004            00017         EstadoSec       equ 0x04    ; Variable ESTADO de la pizarra
Warning[207]: Found label after column 1. (ContaCiclos)
  00000005            00018         ContaCiclos     equ 0x05    ; SQ3 (policia)
Warning[207]: Found label after column 1. (NH)
  00000006            00019         NH              equ 0x06    ; Para la Cortina
Warning[207]: Found label after column 1. (NL)
  00000007            00020         NL              equ 0x07    ; Para la Cortina
                      00021         ;**********************************
                      00022         
                      00023         ;----- Definición de Vectores --------------
                      00024                 org             0x00   ; Vector de Inicio / reset
000000 EF?? F???      00025                 goto    Inicio
                      00026         ;-------------------------------------------
                      00027         
                      00028         ; ++++ INICIO DEL PROGRAMA +++++++++++++++++
                      00029                 org     0x20    ; Dónde comienza el programa 
                      00030 
Warning[207]: Found label after column 1. (Inicio)
000020                00031         Inicio:
                      00032 ;--- Configuracion de perifericos ---
000020 6A95           00033         CLRF    TRISD       ; Puerto D como salidas (00000000)
000022 966D           00034         BCF     UCON, 3     ; RC4 Y RC5 entradas
000024 866F           00035         BSF     UCFG, 3     ; Especial RC4 Y RC5
MPASM  5.51                        CODIGO.ASM   5-5-2026  1:26:56         PAGE  2


LOC  OBJECT CODE     LINE SOURCE TEXT
  VALUE

000026 9094           00036         BCF     TRISC, 0    ; led_piloto
                      00037 
000028 6A8C           00038         CLRF    LATD        ; Puerto D apagado
00002A 908B           00039         BCF     LATC, 0     ; Led_piloto OFF
                      00040 
                      00041 ;--- INICIALIZACIÓN DE VARIABLES ------
00002C 0EC6           00042         MOVLW   d'198'
00002E 6E00           00043         MOVWF   Contador1
000030 0E15           00044         MOVLW   d'21'
000032 6E01           00045         MOVWF   Contador2
000034 0E14           00046         MOVLW   d'20'           
000036 6E03           00047         MOVWF   ContadorInicio 
                      00048 
                      00049 ;------- SECUENCIA DE INICIO -------
000038                00050 BucleInicio:
000038 808B           00051         BSF     LATC, 0
00003A 0E32           00052         MOVLW   d'50'
00003C EC?? F???      00053         CALL    DelayXms
000040 908B           00054         BCF     LATC, 0
000042 0E32           00055         MOVLW   d'50'
000044 EC?? F???      00056         CALL    DelayXms
000048 2E03           00057         DECFSZ  ContadorInicio, 1
00004A EF?? F???      00058         GOTO    BucleInicio
00004E 808B           00059         BSF     LATC, 0
                      00060 
                      00061 ;=================================================
                      00062 ; LOGICA PRINCIPAL (Estructura de la Pizarra)
                      00063 ;=================================================
000050                00064 Estado_0:
000050 6A04           00065         CLRF    EstadoSec       ; ESTADO = 0 inicial
000052 6A8C           00066         CLRF    LATD
                      00067 
000054                00068 ENC1:
000054 B882           00069         BTFSC   PORTC, 4        ; Espera S2 para iniciar
000056 EF?? F???      00070         GOTO    ENC1
                      00071 
00005A                00072 AntRet:
00005A A882           00073         BTFSS   PORTC, 4        ; Antirrebote
00005C EF?? F???      00074         GOTO    AntRet
                      00075         
000060 2A04           00076         INCF    EstadoSec, 1    ; ESTADO + 1
                      00077         
                      00078         ; Limpieza de variables al cambiar de estado
000062 0E80           00079         MOVLW   b'10000000'
000064 6E06           00080         MOVWF   NH
000066 0E01           00081         MOVLW   b'00000001'
000068 6E07           00082         MOVWF   NL
00006A 6A8C           00083         CLRF    LATD
                      00084 
00006C                00085 Rep:
00006C EC?? F???      00086         CALL    SecuenciaX      ; Llama al enrutador (Subrutina)
                      00087 
000070 AA82           00088         BTFSS   PORTC, 5        ; btfsc S3 (Asumiendo activo bajo)
MPASM  5.51                        CODIGO.ASM   5-5-2026  1:26:56         PAGE  3


LOC  OBJECT CODE     LINE SOURCE TEXT
  VALUE

000072 EF?? F???      00089         GOTO    ENC2            ; Si presionan S3 -> ir a ENC2 (Apagar)
                      00090 
000076 A882           00091         BTFSS   PORTC, 4        ; btfsc S2 
000078 EF?? F???      00092         GOTO    AntRet          ; Si presionan S2 -> ir a AntRet (Sumar)
                      00093 
00007C EF?? F???      00094         GOTO    Rep             ; goto Rep (Ciclo infinito del jefe)
                      00095 
000080                00096 ENC2:
000080 6A04           00097         CLRF    EstadoSec       ; CLRF ESTADO
000082 6A8C           00098         CLRF    LATD            ; Apaga LEDs
000084                00099 Esp_S3:
000084 AA82           00100         BTFSS   PORTC, 5        ; Espera que el usuario suelte S3
000086 EF?? F???      00101         GOTO    Esp_S3
00008A EF?? F???      00102         GOTO    ENC1            ; Regresa a ENC1 a esperar inicio
                      00103 
                      00104 ;=================================================
                      00105 ; SecuenciaX a hacer 
                      00106 ;=================================================
00008E                00107 SecuenciaX:
                      00108         ; Lógica: if EST == 4
00008E 0E04           00109         MOVLW   d'4'
000090 5C04           00110         SUBWF   EstadoSec, W    ; Resta ESTADO - 4
000092 A4D8           00111         BTFSS   STATUS, Z       ; Si Z=0 (No es 4), salta a evaluar
000094 EF?? F???      00112         GOTO    Pregestados
                      00113 
                      00114         ; Si es 4:
000098 0E01           00115         MOVLW   d'1'
00009A 6E04           00116         MOVWF   EstadoSec       ; EST = 1
00009C 6A8C           00117         CLRF    LATD
00009E 0012           00118         RETURN                  ; Retorna para que evalue con EST=1
                      00119 
0000A0                00120 Pregestados:
                      00121         ; PREGESTADO 1
0000A0 0E01           00122         MOVLW   d'1'
0000A2 5C04           00123         SUBWF   EstadoSec, W
0000A4 A4D8           00124         BTFSS   STATUS, Z
0000A6 EF?? F???      00125         GOTO    Pregestado2
0000AA EC?? F???      00126         CALL    SQ1_Cortina     ; Sec1
0000AE 0012           00127         RETURN
                      00128 
0000B0                00129 Pregestado2:
                      00130         ; PREGESTADO 2
0000B0 0E02           00131         MOVLW   d'2'
0000B2 5C04           00132         SUBWF   EstadoSec, W
0000B4 A4D8           00133         BTFSS   STATUS, Z
0000B6 EF?? F???      00134         GOTO    Pregestado3
0000BA EC?? F???      00135         CALL    SQ2_Ola         ; Sec2
0000BE 0012           00136         RETURN
                      00137 
0000C0                00138 Pregestado3:
                      00139         ; PREGESTADO 3 (Por descarte)
0000C0 EC?? F???      00140         CALL    SQ3_Sirena      ; Sec3
0000C4 0012           00141         RETURN
MPASM  5.51                        CODIGO.ASM   5-5-2026  1:26:56         PAGE  4


LOC  OBJECT CODE     LINE SOURCE TEXT
  VALUE

                      00142 
                      00143 ;=================================================
                      00144 ; SECUENCIAS (Con RETURN para no desbordar memoria)
                      00145 ;=================================================
                      00146 ; RETURN en lugar de GOTO para no dañar la Pila (Stack)
                      00147 
                      00148 ;--- SQ1: CORTINA ---
0000C6                00149 SQ1_Cortina:
0000C6 AA82           00150         BTFSS   PORTC, 5
0000C8 0012           00151         RETURN
0000CA A882           00152         BTFSS   PORTC, 4
0000CC 0012           00153         RETURN
                      00154 
0000CE 5006           00155         MOVF    NH, W
0000D0 1007           00156         IORWF   NL, W
0000D2 6E8C           00157         MOVWF   LATD
0000D4 0E32           00158         MOVLW   d'50'
0000D6 EC?? F???      00159         CALL    DelayXms
                      00160         
0000DA 4206           00161         RRNCF   NH, 1
0000DC 4607           00162         RLNCF   NL, 1
0000DE A006           00163         BTFSS   NH, 0
0000E0 EF?? F???      00164         GOTO    Sigue_Cortina
0000E4 EF?? F???      00165         GOTO    Rota_Cortina
0000E8                00166 Sigue_Cortina:   
0000E8 A606           00167         BTFSS   NH, 3
0000EA EF?? F???      00168         GOTO    SQ1_Cortina
0000EE                00169 Rota_Cortina:
0000EE 4206           00170         RRNCF   NH, 1
0000F0 4607           00171         RLNCF   NL, 1
0000F2 EF?? F???      00172         GOTO    SQ1_Cortina
                      00173 
                      00174 ;--- SQ2: LA OLA ---
0000F6                00175 SQ2_Ola:
0000F6 0E01           00176         MOVLW   b'00000001'
0000F8 6E8C           00177         MOVWF   LATD
0000FA                00178 Ola_Hacia_Izq:
0000FA 0E32           00179         MOVLW   d'50'
0000FC EC?? F???      00180         CALL    DelayXms
000100 AA82           00181         BTFSS   PORTC, 5
000102 0012           00182         RETURN                  ; Devuelve control a 'Rep'
000104 A882           00183         BTFSS   PORTC, 4
000106 0012           00184         RETURN                  ; Devuelve control a 'Rep'
                      00185 
000108 468C           00186         RLNCF   LATD, 1
00010A AE8C           00187         BTFSS   LATD, 7
00010C EF?? F???      00188         GOTO    Ola_Hacia_Izq
                      00189         
000110                00190 Ola_Hacia_Der:
000110 0E32           00191         MOVLW   d'50'
000112 EC?? F???      00192         CALL    DelayXms
000116 AA82           00193         BTFSS   PORTC, 5
000118 0012           00194         RETURN
MPASM  5.51                        CODIGO.ASM   5-5-2026  1:26:56         PAGE  5


LOC  OBJECT CODE     LINE SOURCE TEXT
  VALUE

00011A A882           00195         BTFSS   PORTC, 4
00011C 0012           00196         RETURN
                      00197 
00011E 428C           00198         RRNCF   LATD, 1
000120 A08C           00199         BTFSS   LATD, 0
000122 EF?? F???      00200         GOTO    Ola_Hacia_Der
000126 EF?? F???      00201         GOTO    SQ2_Ola
                      00202 
                      00203 ;--- SQ3: SIRENA POLICIAL ---
00012A                00204 SQ3_Sirena:
00012A 0E03           00205         MOVLW   d'3'
00012C 6E05           00206         MOVWF   ContaCiclos
00012E                00207 Leds_Rojos:
00012E 0E0F           00208         MOVLW   b'00001111'
000130 6E8C           00209         MOVWF   LATD
000132 0E32           00210         MOVLW   d'50'
000134 EC?? F???      00211         CALL    DelayXms
                      00212         
000138 AA82           00213         BTFSS   PORTC, 5
00013A 0012           00214         RETURN
00013C A882           00215         BTFSS   PORTC, 4
00013E 0012           00216         RETURN
                      00217 
000140 6A8C           00218         CLRF    LATD
000142 0E32           00219         MOVLW   d'50'
000144 EC?? F???      00220         CALL    DelayXms
000148 2E05           00221         DECFSZ  ContaCiclos, 1
00014A EF?? F???      00222         GOTO    Leds_Rojos
                      00223 
00014E 0E03           00224         MOVLW   d'3'
000150 6E05           00225         MOVWF   ContaCiclos
000152                00226 Leds_Azules:
000152 0EF0           00227         MOVLW   b'11110000'
000154 6E8C           00228         MOVWF   LATD
000156 0E32           00229         MOVLW   d'50'
000158 EC?? F???      00230         CALL    DelayXms
                      00231         
00015C AA82           00232         BTFSS   PORTC, 5
00015E 0012           00233         RETURN
000160 A882           00234         BTFSS   PORTC, 4
000162 0012           00235         RETURN
                      00236 
000164 6A8C           00237         CLRF    LATD
000166 0E32           00238         MOVLW   d'50'
000168 EC?? F???      00239         CALL    DelayXms
00016C 2E05           00240         DECFSZ  ContaCiclos, 1
00016E EF?? F???      00241         GOTO    Leds_Azules
000172 EF?? F???      00242         GOTO    SQ3_Sirena
                      00243 
                      00244 ;++++++ DELAY DE X[ms] +++++++++++++++++++
                      00245 ;Deberia llamar a Delay1ms, Xveces
000176                00246 DelayXms:
000176 6E02           00247         MOVWF   Xveces
MPASM  5.51                        CODIGO.ASM   5-5-2026  1:26:56         PAGE  6


LOC  OBJECT CODE     LINE SOURCE TEXT
  VALUE

000178                00248 bucleVeces:
000178 EC?? F???      00249         CALL    Delay1ms
00017C 2E02           00250         DECFSZ  Xveces, 1
00017E EF?? F???      00251         GOTO    bucleVeces
000182 0012           00252         return
                      00253 ;+++++++++++++++++++++++++++++++++++++++        
                      00254                 
                      00255 ;++++++ DELAY DE 100MS +++++++++++++++++++
000184                00256 Delay1ms:   
000184 2E01           00257         DECFSZ  Contador2, 1
000186 EF?? F???      00258         GOTO    bucle1  
00018A EF?? F???      00259         GOTO    salir
00018E                00260 bucle1:     
00018E 2E00           00261         DECFSZ  Contador1, 1
000190 EF?? F???      00262         GOTO    bucle1
000194 0EC6           00263         MOVLW   d'198'          ;W = 198
000196 6E00           00264         MOVWF   Contador1       ;Contador1 = 198
000198 EF?? F???      00265         GOTO    Delay1ms
00019C                00266 salir:
00019C 0E15           00267         MOVLW   d'21'           ;W = 21
00019E 6E01           00268         MOVWF   Contador2       ;Contador2 = 10
0001A0 0012           00269         return
                      00270 ;+++++++++++++++++++++++++++++++++++++++        
Warning[205]: Found directive in column 1. (end)
                      00271 end
MPASM  5.51                        CODIGO.ASM   5-5-2026  1:26:56         PAGE  7


SYMBOL TABLE
  LABEL                             VALUE 

A                                 00000000
ABDEN                             00000000
ABDOVF                            00000007
ACCESS                            00000000
ACKDT                             00000005
ACKEN                             00000004
ACKSTAT                           00000006
ACQT0                             00000003
ACQT1                             00000004
ACQT2                             00000005
ACTVIE                            00000002
ACTVIF                            00000002
ADCON0                            00000FC2
ADCON1                            00000FC1
ADCON2                            00000FC0
ADCS0                             00000000
ADCS1                             00000001
ADCS2                             00000002
ADDEN                             00000003
ADDR0                             00000000
ADDR1                             00000001
ADDR2                             00000002
ADDR3                             00000003
ADDR4                             00000004
ADDR5                             00000005
ADDR6                             00000006
ADEN                              00000003
ADFM                              00000007
ADIE                              00000006
ADIF                              00000006
ADIP                              00000006
ADON                              00000000
ADRES                             00000FC3
ADRESH                            00000FC4
ADRESL                            00000FC3
AN0                               00000000
AN1                               00000001
AN2                               00000002
AN3                               00000003
AN4                               00000005
AntRet                            0000005A
BANKED                            00000001
BAUDCON                           00000FB8
BAUDCTL                           00000FB8
BCLIE                             00000003
BCLIF                             00000003
BCLIP                             00000003
BF                                00000000
BGST                              00000005
BOR                               00000000
BRG16                             00000003
BRGH                              00000002
BSR                               00000FE0
MPASM  5.51                        CODIGO.ASM   5-5-2026  1:26:56         PAGE  8


SYMBOL TABLE
  LABEL                             VALUE 

BTOEE                             00000004
BTOEF                             00000004
BTSEE                             00000007
BTSEF                             00000007
BucleInicio                       00000038
C                                 00000000
C1INV                             00000004
C1OUT                             00000006
C2INV                             00000005
C2OUT                             00000007
CCP1                              00000002
CCP1AS                            00000FB6
CCP1CON                           00000FBD
CCP1DEL                           00000FB7
CCP1IE                            00000002
CCP1IF                            00000002
CCP1IP                            00000002
CCP1M0                            00000000
CCP1M1                            00000001
CCP1M2                            00000002
CCP1M3                            00000003
CCP2CON                           00000FBA
CCP2IE                            00000000
CCP2IF                            00000000
CCP2IP                            00000000
CCP2M0                            00000000
CCP2M1                            00000001
CCP2M2                            00000002
CCP2M3                            00000003
CCPR1                             00000FBE
CCPR1H                            00000FBF
CCPR1L                            00000FBE
CCPR2                             00000FBB
CCPR2H                            00000FBC
CCPR2L                            00000FBB
CFGS                              00000006
CHS0                              00000002
CHS1                              00000003
CHS2                              00000004
CHS3                              00000005
CIS                               00000003
CK                                00000006
CK1SPP                            00000000
CK2SPP                            00000001
CKE                               00000006
CKP                               00000004
CLK1EN                            00000004
CLKCFG0                           00000006
CLKCFG1                           00000007
CM0                               00000000
CM1                               00000001
CM2                               00000002
CMCON                             00000FB4
MPASM  5.51                        CODIGO.ASM   5-5-2026  1:26:56         PAGE  9


SYMBOL TABLE
  LABEL                             VALUE 

CMIE                              00000006
CMIF                              00000006
CMIP                              00000006
CRC16EE                           00000002
CRC16EF                           00000002
CRC5EE                            00000001
CRC5EF                            00000001
CREN                              00000004
CSEN                              00000005
CSRC                              00000007
CVR0                              00000000
CVR1                              00000001
CVR2                              00000002
CVR3                              00000003
CVRCON                            00000FB5
CVREF                             00000004
CVREN                             00000007
CVROE                             00000006
CVRR                              00000005
CVRSS                             00000004
ContaCiclos                       00000005
Contador1                         00000000
Contador2                         00000001
ContadorInicio                    00000003
D                                 00000005
DATA_ADDRESS                      00000005
DC                                00000001
DC1B0                             00000004
DC1B1                             00000005
DC2B0                             00000004
DC2B1                             00000005
DDRA                              TRISA
DDRB                              TRISB
DDRC                              TRISC
DDRD                              TRISD
DDRE                              TRISE
DFN8EE                            00000003
DFN8EF                            00000003
DIR                               00000002
DONE                              00000001
D_A                               00000005
D_NOT_A                           00000005
Delay1ms                          00000184
DelayXms                          00000176
ECCP1AS                           00000FB6
ECCP1CON                          00000FBD
ECCP1DEL                          00000FB7
ECCPAS0                           00000004
ECCPAS1                           00000005
ECCPAS2                           00000006
ECCPASE                           00000007
EEADR                             00000FA9
EECON1                            00000FA6
MPASM  5.51                        CODIGO.ASM   5-5-2026  1:26:56         PAGE 10


SYMBOL TABLE
  LABEL                             VALUE 

EECON2                            00000FA7
EEDATA                            00000FA8
EEIE                              00000004
EEIF                              00000004
EEIP                              00000004
EEPGD                             00000007
ENC1                              00000054
ENC2                              00000080
ENDP0                             00000003
ENDP1                             00000004
ENDP2                             00000005
ENDP3                             00000006
EPCONDIS                          00000003
EPHSHK                            00000004
EPINEN                            00000001
EPOUTEN                           00000002
EPSTALL                           00000000
Esp_S3                            00000084
EstadoSec                         00000004
Estado_0                          00000050
FAST                              00000001
FERR                              00000002
FLTS                              00000002
FREE                              00000004
FRM0                              00000000
FRM1                              00000001
FRM10                             00000002
FRM2                              00000002
FRM3                              00000003
FRM4                              00000004
FRM5                              00000005
FRM6                              00000006
FRM7                              00000007
FRM8                              00000000
FRM9                              00000001
FSEN                              00000002
FSR0                              00000000
FSR0H                             00000FEA
FSR0L                             00000FE9
FSR1                              00000001
FSR1H                             00000FE2
FSR1L                             00000FE1
FSR2                              00000002
FSR2H                             00000FDA
FSR2L                             00000FD9
GCEN                              00000007
GIE                               00000007
GIEH                              00000007
GIEL                              00000006
GIE_GIEH                          00000007
GO                                00000001
GO_DONE                           00000001
GO_NOT_DONE                       00000001
MPASM  5.51                        CODIGO.ASM   5-5-2026  1:26:56         PAGE 11


SYMBOL TABLE
  LABEL                             VALUE 

HLVDCON                           00000FD2
HLVDEN                            00000004
HLVDIE                            00000002
HLVDIF                            00000002
HLVDIN                            00000005
HLVDIP                            00000002
HLVDL0                            00000000
HLVDL1                            00000001
HLVDL2                            00000002
HLVDL3                            00000003
I2C_DAT                           00000005
I2C_READ                          00000002
I2C_START                         00000003
I2C_STOP                          00000004
IDLEIE                            00000004
IDLEIF                            00000004
IDLEN                             00000007
INDF0                             00000FEF
INDF1                             00000FE7
INDF2                             00000FDF
INT0                              00000000
INT0E                             00000004
INT0F                             00000001
INT0IE                            00000004
INT0IF                            00000001
INT1                              00000001
INT1E                             00000003
INT1F                             00000000
INT1IE                            00000003
INT1IF                            00000000
INT1IP                            00000006
INT1P                             00000006
INT2                              00000002
INT2E                             00000004
INT2F                             00000001
INT2IE                            00000004
INT2IF                            00000001
INT2IP                            00000007
INT2P                             00000007
INTCON                            00000FF2
INTCON2                           00000FF1
INTCON3                           00000FF0
INTEDG0                           00000006
INTEDG1                           00000005
INTEDG2                           00000004
INTSRC                            00000007
IOFS                              00000002
IPEN                              00000007
IPR1                              00000F9F
IPR2                              00000FA2
IRCF0                             00000004
IRCF1                             00000005
IRCF2                             00000006
MPASM  5.51                        CODIGO.ASM   5-5-2026  1:26:56         PAGE 12


SYMBOL TABLE
  LABEL                             VALUE 

IRVST                             00000005
IVRST                             00000005
Inicio                            00000020
LATA                              00000F89
LATA0                             00000000
LATA1                             00000001
LATA2                             00000002
LATA3                             00000003
LATA4                             00000004
LATA5                             00000005
LATA6                             00000006
LATB                              00000F8A
LATB0                             00000000
LATB1                             00000001
LATB2                             00000002
LATB3                             00000003
LATB4                             00000004
LATB5                             00000005
LATB6                             00000006
LATB7                             00000007
LATC                              00000F8B
LATC0                             00000000
LATC1                             00000001
LATC2                             00000002
LATC6                             00000006
LATC7                             00000007
LATD                              00000F8C
LATD0                             00000000
LATD1                             00000001
LATD2                             00000002
LATD3                             00000003
LATD4                             00000004
LATD5                             00000005
LATD6                             00000006
LATD7                             00000007
LATE                              00000F8D
LATE0                             00000000
LATE1                             00000001
LATE2                             00000002
LVDCON                            00000FD2
LVDEN                             00000004
LVDIE                             00000002
LVDIF                             00000002
LVDIN                             00000005
LVDIP                             00000002
LVDL0                             00000000
LVDL1                             00000001
LVDL2                             00000002
LVDL3                             00000003
LVV0                              00000000
LVV1                              00000001
LVV2                              00000002
LVV3                              00000003
MPASM  5.51                        CODIGO.ASM   5-5-2026  1:26:56         PAGE 13


SYMBOL TABLE
  LABEL                             VALUE 

Leds_Azules                       00000152
Leds_Rojos                        0000012E
N                                 00000004
NH                                00000006
NL                                00000007
NOT_A                             00000005
NOT_ADDRESS                       00000005
NOT_BOR                           00000000
NOT_DONE                          00000001
NOT_IPEN                          00000007
NOT_PD                            00000002
NOT_POR                           00000001
NOT_RBPU                          00000007
NOT_RI                            00000004
NOT_T1SYNC                        00000002
NOT_T3SYNC                        00000002
NOT_TO                            00000003
NOT_W                             00000002
NOT_WRITE                         00000002
OERR                              00000001
OESPP                             00000002
OSC2                              00000006
OSCCON                            00000FD3
OSCFIE                            00000007
OSCFIF                            00000007
OSCFIP                            00000007
OSCTUNE                           00000F9B
OSTS                              00000003
OV                                00000003
Ola_Hacia_Der                     00000110
Ola_Hacia_Izq                     000000FA
P                                 00000004
P1A                               00000002
P1M0                              00000006
P1M1                              00000007
PC                                00000FF9
PCFG0                             00000000
PCFG1                             00000001
PCFG2                             00000002
PCFG3                             00000003
PCL                               00000FF9
PCLATH                            00000FFA
PCLATU                            00000FFB
PD                                00000002
PDC0                              00000000
PDC1                              00000001
PDC2                              00000002
PDC3                              00000003
PDC4                              00000004
PDC5                              00000005
PDC6                              00000006
PEIE                              00000006
PEIE_GIEL                         00000006
MPASM  5.51                        CODIGO.ASM   5-5-2026  1:26:56         PAGE 14


SYMBOL TABLE
  LABEL                             VALUE 

PEN                               00000002
PGC                               00000006
PGD                               00000007
PGM                               00000005
PIDEE                             00000000
PIDEF                             00000000
PIE1                              00000F9D
PIE2                              00000FA0
PIR1                              00000F9E
PIR2                              00000FA1
PKTDIS                            00000004
PLUSW0                            00000FEB
PLUSW1                            00000FE3
PLUSW2                            00000FDB
POR                               00000001
PORTA                             00000F80
PORTB                             00000F81
PORTC                             00000F82
PORTD                             00000F83
PORTE                             00000F84
POSTDEC0                          00000FED
POSTDEC1                          00000FE5
POSTDEC2                          00000FDD
POSTINC0                          00000FEE
POSTINC1                          00000FE6
POSTINC2                          00000FDE
PPB0                              00000000
PPB1                              00000001
PPBI                              00000001
PPBRST                            00000006
PR2                               00000FCB
PREINC0                           00000FEC
PREINC1                           00000FE4
PREINC2                           00000FDC
PROD                              00000FF3
PRODH                             00000FF4
PRODL                             00000FF3
PRSEN                             00000007
PSA                               00000003
PSSAC0                            00000002
PSSAC1                            00000003
PSSBD0                            00000000
PSSBD1                            00000001
Pregestado2                       000000B0
Pregestado3                       000000C0
Pregestados                       000000A0
R                                 00000002
RA0                               00000000
RA1                               00000001
RA2                               00000002
RA3                               00000003
RA4                               00000004
RA5                               00000005
MPASM  5.51                        CODIGO.ASM   5-5-2026  1:26:56         PAGE 15


SYMBOL TABLE
  LABEL                             VALUE 

RA6                               00000006
RB0                               00000000
RB1                               00000001
RB2                               00000002
RB3                               00000003
RB4                               00000004
RB5                               00000005
RB6                               00000006
RB7                               00000007
RBIE                              00000003
RBIF                              00000000
RBIP                              00000000
RBPU                              00000007
RC0                               00000000
RC1                               00000001
RC2                               00000002
RC4                               00000004
RC5                               00000005
RC6                               00000006
RC7                               00000007
RCEN                              00000003
RCIDL                             00000006
RCIE                              00000005
RCIF                              00000005
RCIP                              00000005
RCMT                              00000006
RCON                              00000FD0
RCREG                             00000FAE
RCSTA                             00000FAB
RD                                00000000
RD0                               00000000
RD1                               00000001
RD16                              00000007
RD2                               00000002
RD3                               00000003
RD4                               00000004
RD5                               00000005
RD6                               00000006
RD7                               00000007
RDPU                              00000007
RDSPP                             00000007
RE0                               00000000
RE1                               00000001
RE2                               00000002
RE3                               00000003
READ_WRITE                        00000002
RESUME                            00000002
RI                                00000004
RSEN                              00000001
RX                                00000007
RX9                               00000006
RX9D                              00000000
RXDTP                             00000005
MPASM  5.51                        CODIGO.ASM   5-5-2026  1:26:56         PAGE 16


SYMBOL TABLE
  LABEL                             VALUE 

R_NOT_W                           00000002
R_W                               00000002
Rep                               0000006C
Rota_Cortina                      000000EE
S                                 00000003
SBOREN                            00000006
SCKP                              00000004
SCS0                              00000000
SCS1                              00000001
SE0                               00000005
SEN                               00000000
SENDB                             00000003
SMP                               00000007
SOFIE                             00000006
SOFIF                             00000006
SPBRG                             00000FAF
SPBRGH                            00000FB0
SPEN                              00000007
SPP0                              00000000
SPP1                              00000001
SPP2                              00000002
SPP3                              00000003
SPP4                              00000004
SPP5                              00000005
SPP6                              00000006
SPP7                              00000007
SPPBUSY                           00000004
SPPCFG                            00000F63
SPPCON                            00000F65
SPPDATA                           00000F62
SPPEN                             00000000
SPPEPS                            00000F64
SPPIE                             00000007
SPPIF                             00000007
SPPIP                             00000007
SPPOWN                            00000001
SQ1_Cortina                       000000C6
SQ2_Ola                           000000F6
SQ3_Sirena                        0000012A
SREN                              00000005
SSPADD                            00000FC8
SSPBUF                            00000FC9
SSPCON1                           00000FC6
SSPCON2                           00000FC5
SSPEN                             00000005
SSPIE                             00000003
SSPIF                             00000003
SSPIP                             00000003
SSPM0                             00000000
SSPM1                             00000001
SSPM2                             00000002
SSPM3                             00000003
SSPOV                             00000006
MPASM  5.51                        CODIGO.ASM   5-5-2026  1:26:56         PAGE 17


SYMBOL TABLE
  LABEL                             VALUE 

SSPSTAT                           00000FC7
STALLIE                           00000005
STALLIF                           00000005
STATUS                            00000FD8
STKFUL                            00000007
STKOVF                            00000007
STKPTR                            00000FFC
STKPTR0                           00000000
STKPTR1                           00000001
STKPTR2                           00000002
STKPTR3                           00000003
STKPTR4                           00000004
STKUNF                            00000006
SUSPND                            00000001
SWDTE                             00000000
SWDTEN                            00000000
SYNC                              00000004
SecuenciaX                        0000008E
Sigue_Cortina                     000000E8
T08BIT                            00000006
T0CKI                             00000004
T0CON                             00000FD5
T0CS                              00000005
T0IE                              00000005
T0IF                              00000002
T0IP                              00000002
T0PS0                             00000000
T0PS1                             00000001
T0PS2                             00000002
T0SE                              00000004
T13CKI                            00000000
T1CKPS0                           00000004
T1CKPS1                           00000005
T1CON                             00000FCD
T1OSCEN                           00000003
T1OSI                             00000001
T1OSO                             00000000
T1RUN                             00000006
T1SYNC                            00000002
T2CKPS0                           00000000
T2CKPS1                           00000001
T2CON                             00000FCA
T2OUTPS0                          00000003
T2OUTPS1                          00000004
T2OUTPS2                          00000005
T2OUTPS3                          00000006
T3CCP1                            00000003
T3CCP2                            00000006
T3CKPS0                           00000004
T3CKPS1                           00000005
T3CON                             00000FB1
T3NSYNC                           00000002
T3SYNC                            00000002
MPASM  5.51                        CODIGO.ASM   5-5-2026  1:26:56         PAGE 18


SYMBOL TABLE
  LABEL                             VALUE 

TABLAT                            00000FF5
TBLPTR                            00000FF6
TBLPTRH                           00000FF7
TBLPTRL                           00000FF6
TBLPTRU                           00000FF8
TMR0                              00000FD6
TMR0H                             00000FD7
TMR0IE                            00000005
TMR0IF                            00000002
TMR0IP                            00000002
TMR0L                             00000FD6
TMR0ON                            00000007
TMR1                              00000FCE
TMR1CS                            00000001
TMR1H                             00000FCF
TMR1IE                            00000000
TMR1IF                            00000000
TMR1IP                            00000000
TMR1L                             00000FCE
TMR1ON                            00000000
TMR2                              00000FCC
TMR2IE                            00000001
TMR2IF                            00000001
TMR2IP                            00000001
TMR2ON                            00000002
TMR3                              00000FB2
TMR3CS                            00000001
TMR3H                             00000FB3
TMR3IE                            00000001
TMR3IF                            00000001
TMR3IP                            00000001
TMR3L                             00000FB2
TMR3ON                            00000000
TO                                00000003
TOS                               00000FFD
TOSH                              00000FFE
TOSL                              00000FFD
TOSU                              00000FFF
TOUTPS0                           00000003
TOUTPS1                           00000004
TOUTPS2                           00000005
TOUTPS3                           00000006
TRISA                             00000F92
TRISA0                            00000000
TRISA1                            00000001
TRISA2                            00000002
TRISA3                            00000003
TRISA4                            00000004
TRISA5                            00000005
TRISA6                            00000006
TRISB                             00000F93
TRISB0                            00000000
TRISB1                            00000001
MPASM  5.51                        CODIGO.ASM   5-5-2026  1:26:56         PAGE 19


SYMBOL TABLE
  LABEL                             VALUE 

TRISB2                            00000002
TRISB3                            00000003
TRISB4                            00000004
TRISB5                            00000005
TRISB6                            00000006
TRISB7                            00000007
TRISC                             00000F94
TRISC0                            00000000
TRISC1                            00000001
TRISC2                            00000002
TRISC6                            00000006
TRISC7                            00000007
TRISD                             00000F95
TRISD0                            00000000
TRISD1                            00000001
TRISD2                            00000002
TRISD3                            00000003
TRISD4                            00000004
TRISD5                            00000005
TRISD6                            00000006
TRISD7                            00000007
TRISE                             00000F96
TRISE0                            00000000
TRISE1                            00000001
TRISE2                            00000002
TRMT                              00000001
TRNIE                             00000003
TRNIF                             00000003
TUN0                              00000000
TUN1                              00000001
TUN2                              00000002
TUN3                              00000003
TUN4                              00000004
TX                                00000006
TX9                               00000006
TX9D                              00000000
TXCKP                             00000004
TXEN                              00000005
TXIE                              00000004
TXIF                              00000004
TXIP                              00000004
TXREG                             00000FAD
TXSTA                             00000FAC
UA                                00000001
UADDR                             00000F6E
UCFG                              00000F6F
UCON                              00000F6D
UEIE                              00000F6B
UEIR                              00000F6A
UEP0                              00000F70
UEP1                              00000F71
UEP10                             00000F7A
UEP11                             00000F7B
MPASM  5.51                        CODIGO.ASM   5-5-2026  1:26:56         PAGE 20


SYMBOL TABLE
  LABEL                             VALUE 

UEP12                             00000F7C
UEP13                             00000F7D
UEP14                             00000F7E
UEP15                             00000F7F
UEP2                              00000F72
UEP3                              00000F73
UEP4                              00000F74
UEP5                              00000F75
UEP6                              00000F76
UEP7                              00000F77
UEP8                              00000F78
UEP9                              00000F79
UERRIE                            00000001
UERRIF                            00000001
UFRM                              00000F66
UFRMH                             00000F67
UFRML                             00000F66
UIE                               00000F69
UIR                               00000F68
UOEMON                            00000006
UPUEN                             00000004
URSTIE                            00000000
URSTIF                            00000000
USBEN                             00000003
USBIE                             00000005
USBIF                             00000005
USBIP                             00000005
USTAT                             00000F6C
UTEYE                             00000007
UTRDIS                            00000003
VCFG0                             00000004
VCFG1                             00000005
VDIRMAG                           00000007
VREFM                             00000002
VREFP                             00000003
W                                 00000000
WCOL                              00000007
WDTCON                            00000FD1
WR                                00000001
WREG                              00000FE8
WREN                              00000002
WRERR                             00000003
WRSPP                             00000006
WS0                               00000000
WS1                               00000001
WS2                               00000002
WS3                               00000003
WUE                               00000001
Xveces                            00000002
Z                                 00000002
_BORV_0_2L                        000000E7
_BORV_1_2L                        000000EF
_BORV_2_2L                        000000F7
MPASM  5.51                        CODIGO.ASM   5-5-2026  1:26:56         PAGE 21


SYMBOL TABLE
  LABEL                             VALUE 

_BORV_3_2L                        000000FF
_BOR_OFF_2L                       000000F9
_BOR_ON_2L                        000000FF
_BOR_ON_ACTIVE_2L                 000000FD
_BOR_SOFT_2L                      000000FB
_CCP2MX_OFF_3H                    000000FE
_CCP2MX_ON_3H                     000000FF
_CONFIG1H                         00300001
_CONFIG1L                         00300000
_CONFIG2H                         00300003
_CONFIG2L                         00300002
_CONFIG3H                         00300005
_CONFIG4L                         00300006
_CONFIG5H                         00300009
_CONFIG5L                         00300008
_CONFIG6H                         0030000B
_CONFIG6L                         0030000A
_CONFIG7H                         0030000D
_CONFIG7L                         0030000C
_CP0_OFF_5L                       000000FF
_CP0_ON_5L                        000000FE
_CP1_OFF_5L                       000000FF
_CP1_ON_5L                        000000FD
_CP2_OFF_5L                       000000FF
_CP2_ON_5L                        000000FB
_CP3_OFF_5L                       000000FF
_CP3_ON_5L                        000000F7
_CPB_OFF_5H                       000000FF
_CPB_ON_5H                        000000BF
_CPD_OFF_5H                       000000FF
_CPD_ON_5H                        0000007F
_CPUDIV_OSC1_PLL2_1L              000000E7
_CPUDIV_OSC2_PLL3_1L              000000EF
_CPUDIV_OSC3_PLL4_1L              000000F7
_CPUDIV_OSC4_PLL6_1L              000000FF
_DEBUG_OFF_4L                     000000FF
_DEBUG_ON_4L                      0000007F
_DEVID1                           003FFFFE
_DEVID2                           003FFFFF
_EBTR0_OFF_7L                     000000FF
_EBTR0_ON_7L                      000000FE
_EBTR1_OFF_7L                     000000FF
_EBTR1_ON_7L                      000000FD
_EBTR2_OFF_7L                     000000FF
_EBTR2_ON_7L                      000000FB
_EBTR3_OFF_7L                     000000FF
_EBTR3_ON_7L                      000000F7
_EBTRB_OFF_7H                     000000FF
_EBTRB_ON_7H                      000000BF
_FCMEN_OFF_1H                     000000BF
_FCMEN_ON_1H                      000000FF
_FOSC_ECIO_EC_1H                  000000F4
_FOSC_ECPLLIO_EC_1H               000000F6
MPASM  5.51                        CODIGO.ASM   5-5-2026  1:26:56         PAGE 22


SYMBOL TABLE
  LABEL                             VALUE 

_FOSC_ECPLL_EC_1H                 000000F7
_FOSC_EC_EC_1H                    000000F5
_FOSC_HSPLL_HS_1H                 000000FE
_FOSC_HS_1H                       000000FC
_FOSC_INTOSCIO_EC_1H              000000F8
_FOSC_INTOSC_EC_1H                000000F9
_FOSC_INTOSC_HS_1H                000000FB
_FOSC_INTOSC_XT_1H                000000FA
_FOSC_XTPLL_XT_1H                 000000F2
_FOSC_XT_XT_1H                    000000F0
_ICPRT_OFF_4L                     000000DF
_ICPRT_ON_4L                      000000FF
_IDLOC0                           00200000
_IDLOC1                           00200001
_IDLOC2                           00200002
_IDLOC3                           00200003
_IDLOC4                           00200004
_IDLOC5                           00200005
_IDLOC6                           00200006
_IDLOC7                           00200007
_IESO_OFF_1H                      0000007F
_IESO_ON_1H                       000000FF
_LPT1OSC_OFF_3H                   000000FB
_LPT1OSC_ON_3H                    000000FF
_LVP_OFF_4L                       000000FB
_LVP_ON_4L                        000000FF
_MCLRE_OFF_3H                     0000007F
_MCLRE_ON_3H                      000000FF
_PBADEN_OFF_3H                    000000FD
_PBADEN_ON_3H                     000000FF
_PLLDIV_10_1L                     000000FE
_PLLDIV_12_1L                     000000FF
_PLLDIV_1_1L                      000000F8
_PLLDIV_2_1L                      000000F9
_PLLDIV_3_1L                      000000FA
_PLLDIV_4_1L                      000000FB
_PLLDIV_5_1L                      000000FC
_PLLDIV_6_1L                      000000FD
_PWRT_OFF_2L                      000000FF
_PWRT_ON_2L                       000000FE
_STVREN_OFF_4L                    000000FE
_STVREN_ON_4L                     000000FF
_USBDIV_1_1L                      000000DF
_USBDIV_2_1L                      000000FF
_VREGEN_OFF_2L                    000000DF
_VREGEN_ON_2L                     000000FF
_WDTPS_1024_2H                    000000F5
_WDTPS_128_2H                     000000EF
_WDTPS_16384_2H                   000000FD
_WDTPS_16_2H                      000000E9
_WDTPS_1_2H                       000000E1
_WDTPS_2048_2H                    000000F7
_WDTPS_256_2H                     000000F1
MPASM  5.51                        CODIGO.ASM   5-5-2026  1:26:56         PAGE 23


SYMBOL TABLE
  LABEL                             VALUE 

_WDTPS_2_2H                       000000E3
_WDTPS_32768_2H                   000000FF
_WDTPS_32_2H                      000000EB
_WDTPS_4096_2H                    000000F9
_WDTPS_4_2H                       000000E5
_WDTPS_512_2H                     000000F3
_WDTPS_64_2H                      000000ED
_WDTPS_8192_2H                    000000FB
_WDTPS_8_2H                       000000E7
_WDT_OFF_2H                       000000FE
_WDT_ON_2H                        000000FF
_WRT0_OFF_6L                      000000FF
_WRT0_ON_6L                       000000FE
_WRT1_OFF_6L                      000000FF
_WRT1_ON_6L                       000000FD
_WRT2_OFF_6L                      000000FF
_WRT2_ON_6L                       000000FB
_WRT3_OFF_6L                      000000FF
_WRT3_ON_6L                       000000F7
_WRTB_OFF_6H                      000000FF
_WRTB_ON_6H                       000000BF
_WRTC_OFF_6H                      000000FF
_WRTC_ON_6H                       000000DF
_WRTD_OFF_6H                      000000FF
_WRTD_ON_6H                       0000007F
_XINST_OFF_4L                     000000BF
_XINST_ON_4L                      000000FF
__18F4550                         00000001
__DEBUG                           1
bucle1                            0000018E
bucleVeces                        00000178
salir                             0000019C

Errors   :     0
Warnings :    10 reported,     0 suppressed
Messages :     0 reported,     0 suppressed

