MPASM  5.51                        CODIGO.ASM   5-7-2026  10:29:12         PAGE  1


LOC  OBJECT CODE     LINE SOURCE TEXT
  VALUE

                      00001         ; PRACTICA 1 - MICROCONTROLADORES
                      00002         ; PARTE 3: Maquina de estados 3 sec.
                      00003         ; MARZO-AGOSTO 2026
                      00004         ; Jaime Chiqui
                      00005         
                      00006         ;*************************************************************************** 
                      00007         ; Program Header ***********************************************************
                      00008                 LIST p=18f4550                  ;Especifica el dispositivo
                      00009                 #include "p18f4550.inc" ;traducción de variables a memoria
                      00001         LIST
                      00002 
                      00003 ;==========================================================================
                      00004 ;  MPASM PIC18F4550 processor include
                      00005 ; 
                      00006 ;  (c) Copyright 1999-2013 Microchip Technology, All rights reserved
                      00007 ;==========================================================================
                      00008 
                      01764         LIST
                      00010         ;*************************************************************************** 
                      00011         
                      00012         
                      00013         ;***** DECLARACIÓN VARIABLES ******
Warning[207]: Found label after column 1. (Contador1)
  00000000            00014         Contador1               equ     0x00
Warning[207]: Found label after column 1. (Contador2)
  00000001            00015         Contador2               equ 0x01
Warning[207]: Found label after column 1. (ContaDelay100)
  00000002            00016         ContaDelay100   equ 0x02
Warning[207]: Found label after column 1. (Xveces)
  00000003            00017         Xveces                  equ 0x03
Warning[207]: Found label after column 1. (NH)
  00000004            00018         NH                              equ 0x04
Warning[207]: Found label after column 1. (NL)
  00000005            00019         NL                              equ 0x05
Warning[207]: Found label after column 1. (ContadorInicio)
  00000006            00020         ContadorInicio  equ 0x06        ; Led parpadeante
Warning[207]: Found label after column 1. (B_Estados)
  00000007            00021         B_Estados               equ 0x07        ; Para los 3 estados
Warning[207]: Found label after column 1. (ContaCiclos)
  00000008            00022         ContaCiclos     equ 0x08        ; 3 azul, 3 rojos
                      00023         ;**********************************
                      00024         
                      00025         ;----- Definición de Vectores --------------
                      00026                 org             0x00   ; Vector de Inicio / reset
000000 EF?? F???      00027                 goto    Inicio
                      00028         ;-------------------------------------------
                      00029         
                      00030         ; ++++ INICIO DEL PROGRAMA +++++++++++++++++
                      00031                 org     0x20    ; Dónde comienza el programa 
Warning[207]: Found label after column 1. (Inicio)
000020                00032         Inicio:
                      00033         
                      00034         ;-------------------------------------------
MPASM  5.51                        CODIGO.ASM   5-7-2026  10:29:12         PAGE  2


LOC  OBJECT CODE     LINE SOURCE TEXT
  VALUE

                      00035         ; Configuracion de perifericos
000020 6A95           00036                 CLRF    TRISD           ; TRISD = 00000000
000022 966D           00037                 BCF     UCON, 3         ; RC4 Y RC5 entradas (S2 Y S3)
000024 866F           00038                 BSF     UCFG, 3         ; Especial RC4 Y RC5
000026 9094           00039                 BCF     TRISC,0         ; led_piloto
                      00040         ;-------------------------------------------
                      00041         ;******* Inicializacion de I/O ********
000028 6A8C           00042                 CLRF    LATD            ; Empezamos con el Puerto D apagado
00002A 908B           00043                 BCF     LATC, 0         ; Led_piloto OFF
                      00044         ;******************************************
                      00045         
                      00046         ;--- INICIALIZACIÓN DE VARIABLES ------
00002C 0EC6           00047                 MOVLW   d'198'                  ;W = 198
00002E 6E00           00048                 MOVWF   Contador1               ;Contador1 = 10
000030 0E15           00049                 MOVLW   d'21'                   ;W = 21
000032 6E01           00050                 MOVWF   Contador2               ;Contador2 = 10
000034 0E14           00051                 MOVLW   d'20'           
000036 6E06           00052         MOVWF   ContadorInicio  ;RC0 parpadea 20 veces / 50 ms
                      00053 
000038 0E00           00054                 MOVLW   d'0'    ; Inicia con la cortina
00003A 6E07           00055         MOVWF   B_Estados
                      00056 
                      00057 ;------- SECUENCIA DE INICIO -------
Warning[207]: Found label after column 1. (BucleInicio)
00003C                00058         BucleInicio:
00003C 808B           00059             BSF     LATC, 0         ; Enciende LED RC0-Led_piloto
00003E 0E32           00060             MOVLW   d'50'
000040 EC?? F???      00061             CALL    DelayXms
000044 908B           00062             BCF     LATC, 0         ; Apaga LED RC0-Led_piloto
000046 0E32           00063             MOVLW   d'50'
000048 EC?? F???      00064             CALL    DelayXms
00004C 2E06           00065             DECFSZ  ContadorInicio, 1 ; Decrementa y salta si es cero
00004E EF?? F???      00066             GOTO    BucleInicio
                      00067             
000052 808B           00068             BSF     LATC, 0         ; RC0-Led_piloto ENCENDIDO
                      00069 ;-------------------------------------------------
                      00070 
                      00071 ;/////////////////////////////////////
Warning[207]: Found label after column 1. (EncuestaON)
000054                00072         EncuestaON:                             ; Espera a S2 para iniciar secuencia
000054 B882           00073                 BTFSC   PORTC, 4
000056 EF?? F???      00074                 GOTO    EncuestaON
00005A EC?? F???      00075                 CALL    Delay100ms     ; controla el estado transistorio
Warning[207]: Found label after column 1. (Boton_secuencias)
00005E                00076         Boton_secuencias: 
00005E A882           00077                 BTFSS   PORTC, 4
000060 EF?? F???      00078                 GOTO    Boton_secuencias
000064 EC?? F???      00079                 CALL    Delay100ms 
000068 EF?? F???      00080                 GOTO    Opc_fuera 
                      00081 ;---------------------------------------
Warning[207]: Found label after column 1. (Opcion_sec)
00006C                00082         Opcion_sec:
                      00083                 ; Al hacer una resta buscamos comparar el estado del boton con W = 1
MPASM  5.51                        CODIGO.ASM   5-7-2026  10:29:12         PAGE  3


LOC  OBJECT CODE     LINE SOURCE TEXT
  VALUE

                      00084                 ; es decir si son iguales 1-1 = 0 (estamos en el estado 1)
                      00085                 ; caso contrario si tengo estado 2-1= 1 (No estamos en estado 1 probar con el 2)
                      00086 
00006C 0E01           00087                 MOVLW   d'1'
00006E 5C07           00088                 SUBWF   B_Estados, W; compara estado del boton y con w=1 (estado1)
000070 B4D8           00089                 BTFSC   STATUS, Z
000072 EF?? F???      00090                 GOTO    Llamar_Cortina
                      00091 
000076 0E02           00092                 MOVLW   d'2'
000078 5C07           00093                 SUBWF   B_Estados, W; compara estado del boton y con w=2 (estado2)
00007A B4D8           00094                 BTFSC   STATUS, Z
00007C EF?? F???      00095                 GOTO    Llamar_Ola
                      00096 
000080 0E03           00097                 MOVLW   d'3'
000082 5C07           00098                 SUBWF   B_Estados, W; compara estado del boton y con w=3 (estado2)
000084 B4D8           00099                 BTFSC   STATUS, Z
000086 EF?? F???      00100                 GOTO    Llamar_Policia
00008A 0012           00101                 RETURN
                      00102 
                      00103                 ;°°°°°°°°°°°°°°°°°°°°°°°°°°°°°°°°°°°°°°°°°°°°°°°°°°°°°°°°°°°°°°°°°°°°°°°°
                      00104 ;       ------------------------
Warning[207]: Found label after column 1. (Llamar_Cortina)
00008C                00105         Llamar_Cortina:
00008C EC?? F???      00106                 CALL    Cortina
000090 0012           00107                 RETURN
Warning[207]: Found label after column 1. (Llamar_Ola)
000092                00108         Llamar_Ola:
000092 EC?? F???      00109                 CALL    Ola
000096 0012           00110                 RETURN
Warning[207]: Found label after column 1. (Llamar_Policia)
000098                00111         Llamar_Policia:
000098 EC?? F???      00112                 CALL    Luces_Policia
00009C 0012           00113                 RETURN
                      00114 ; --------------------------
Warning[207]: Found label after column 1. (Opc_fuera)
00009E                00115         Opc_fuera:
                      00116                 ;°°°°°°°°°°°°°°°°°°°°°°°°°°°°°°°°°°°°°°°°°°°°°°°°°°°°°°°°°°°°°°°°°°°°°°°°
                      00117                 ; PARA n estados cambiar el valor n+1 (para 6 estados cambiar el 4 por 7)
                      00118                 ;°°°°°°°°°°°°°°°°°°°°°°°°°°°°°°°°°°°°°°°°°°°°°°°°°°°°°°°°°°°°°°°°°°°°°°°° 
00009E 2A07           00119                 INCF    B_Estados, 1
0000A0 0E04           00120                 MOVLW   d'4'        ; No hay opc 4, hacer que sea 1
0000A2 5C07           00121                 SUBWF   B_Estados, W; compara estado del boton y con w=1 (estado1)
0000A4 A4D8           00122                 BTFSS   STATUS, Z
0000A6 EF?? F???      00123                 GOTO    Repetir_Estado
                      00124 
Warning[207]: Found label after column 1. (opcion1)
0000AA                00125         opcion1:
0000AA 0E01           00126                 MOVLW   d'1'
0000AC 6E07           00127                 MOVWF   B_Estados
Warning[207]: Found label after column 1. (Repetir_Estado)
0000AE                00128         Repetir_Estado:
0000AE EC?? F???      00129                 CALL    Opcion_sec
                      00130                 
MPASM  5.51                        CODIGO.ASM   5-7-2026  10:29:12         PAGE  4


LOC  OBJECT CODE     LINE SOURCE TEXT
  VALUE

0000B2 AA82           00131                 BTFSS   PORTC, 5
0000B4 EF?? F???      00132                 GOTO    Apagar_Todo
0000B8 A882           00133                 BTFSS   PORTC, 4
0000BA EF?? F???      00134                 GOTO    Boton_secuencias
0000BE EF?? F???      00135                 GOTO    Repetir_Estado
                      00136 
                      00137         ;******* BUCLE CORTINA ********
Warning[207]: Found label after column 1. (Cortina)
0000C2                00138         Cortina:
0000C2 0E80           00139                 MOVLW   b'10000000'
0000C4 6E04           00140                 MOVWF   NH
0000C6 0E01           00141                 MOVLW   b'00000001'
0000C8 6E05           00142                 MOVWF   NL
                      00143 
Warning[207]: Found label after column 1. (Bucle_Cortina)
0000CA                00144         Bucle_Cortina:
                      00145                 ; --- Boton Apagar Todo (S3) ---
0000CA AA82           00146             BTFSS   PORTC, 5        
0000CC 0012           00147             RETURN
0000CE A882           00148                 BTFSS   PORTC, 4
0000D0 0012           00149                 RETURN
                      00150 
0000D2 5004           00151                 MOVF    NH, W
0000D4 1005           00152                 IORWF   NL, W
0000D6 6E8C           00153                 MOVWF   LATD
                      00154                 
0000D8 0E32           00155                 MOVLW   d'50'
0000DA EC?? F???      00156                 CALL    DelayXms
                      00157                 
0000DE 4204           00158                 RRNCF   NH, 1
0000E0 4605           00159                 RLNCF   NL, 1
0000E2 A004           00160                 BTFSS   NH, 0
0000E4 EF?? F???      00161                 GOTO    Sigue
0000E8 EF?? F???      00162                 GOTO    Rota1
                      00163 
Warning[207]: Found label after column 1. (Sigue)
0000EC                00164         Sigue:   
                      00165         ; sirve para cuando hace el efecto espejo no se haga 2 veces
0000EC A604           00166                 BTFSS   NH, 3
0000EE EF?? F???      00167                 GOTO    Bucle_Cortina
                      00168         
Warning[207]: Found label after column 1. (Rota1)
0000F2                00169         Rota1:
0000F2 4204           00170                 RRNCF   NH, 1
0000F4 4605           00171                 RLNCF   NL, 1
0000F6 EF?? F???      00172                 GOTO    Bucle_Cortina
                      00173 
                      00174         ;******** OLA ***********
Warning[207]: Found label after column 1. (Ola)
0000FA                00175         Ola:
0000FA 0E01           00176                 MOVLW   b'00000001'     ; LED izq ON (rojos)
0000FC 6E8C           00177                 MOVWF   LATD
Warning[207]: Found label after column 1. (Ola_Hacia_Izq)
MPASM  5.51                        CODIGO.ASM   5-7-2026  10:29:12         PAGE  5


LOC  OBJECT CODE     LINE SOURCE TEXT
  VALUE

0000FE                00178         Ola_Hacia_Izq:
0000FE 0E32           00179                 MOVLW   d'50'
000100 EC?? F???      00180                 CALL    DelayXms
                      00181         
000104 AA82           00182                 BTFSS   PORTC, 5                ; verificar boton s3
000106 0012           00183                 RETURN
000108 A882           00184                 BTFSS   PORTC, 4
00010A 0012           00185                 RETURN
                      00186         
00010C 468C           00187                 RLNCF   LATD, 1         ; Rota la luz a la izquierda
00010E AE8C           00188                 BTFSS   LATD, 7         ; 10000000 (bit 7 en 1)
000110 EF?? F???      00189                 GOTO    Ola_Hacia_Izq   ;
                      00190                 
Warning[207]: Found label after column 1. (Ola_Hacia_Der)
000114                00191         Ola_Hacia_Der:
000114 0E32           00192                 MOVLW   d'50'
000116 EC?? F???      00193                 CALL    DelayXms
                      00194                 
00011A AA82           00195                 BTFSS   PORTC, 5        ; verificar boton s3
00011C 0012           00196                 RETURN
00011E A882           00197                 BTFSS   PORTC, 4
000120 0012           00198                 RETURN
                      00199         
000122 428C           00200                 RRNCF   LATD, 1         ; Rota la luz a la derecha
000124 A08C           00201                 BTFSS   LATD, 0         ; 00000001  (bit 0 es 1)
000126 EF?? F???      00202                 GOTO    Ola_Hacia_Der   
                      00203                 
00012A EF?? F???      00204                 GOTO    Ola         ; Repite la Ola
                      00205 
                      00206         ;******* Luces Policia ***********
Warning[207]: Found label after column 1. (Luces_Policia)
00012E                00207         Luces_Policia:
                      00208                 ; 3 Parpadeos Rojos (Izquierda)
00012E 0E03           00209                 MOVLW   d'3'
000130 6E08           00210                 MOVWF   ContaCiclos
Warning[207]: Found label after column 1. (Rojos_Parpadean)
000132                00211         Rojos_Parpadean:
000132 0E0F           00212                 MOVLW   b'00001111'
000134 6E8C           00213                 MOVWF   LATD
000136 0E32           00214                 MOVLW   d'50'
000138 EC?? F???      00215                 CALL    DelayXms
                      00216                 
00013C AA82           00217                 BTFSS   PORTC, 5        ; Boton s3
00013E 0012           00218                 RETURN
000140 A882           00219                 BTFSS   PORTC, 4
000142 0012           00220                 RETURN
                      00221         
000144 6A8C           00222                 CLRF    LATD            ; Apaga Leds
000146 0E32           00223                 MOVLW   d'50'
000148 EC?? F???      00224                 CALL    DelayXms
00014C 2E08           00225                 DECFSZ  ContaCiclos, 1  ; resta al contador
00014E EF?? F???      00226                 GOTO    Rojos_Parpadean
                      00227         
MPASM  5.51                        CODIGO.ASM   5-7-2026  10:29:12         PAGE  6


LOC  OBJECT CODE     LINE SOURCE TEXT
  VALUE

                      00228                 ; 3 Parpadeos Azules (Derecha)
000152 0E03           00229                 MOVLW   d'3'
000154 6E08           00230                 MOVWF   ContaCiclos
Warning[207]: Found label after column 1. (Azules_Parpadean)
000156                00231         Azules_Parpadean:
000156 0EF0           00232                 MOVLW   b'11110000'
000158 6E8C           00233                 MOVWF   LATD
00015A 0E32           00234                 MOVLW   d'50'
00015C EC?? F???      00235                 CALL    DelayXms
                      00236                 
000160 AA82           00237                 BTFSS   PORTC, 5        ; Boton s3
000162 0012           00238                 RETURN
000164 A882           00239                 BTFSS   PORTC, 4
000166 0012           00240                 RETURN
                      00241         
000168 6A8C           00242                 CLRF    LATD            ; Apaga Leds
00016A 0E32           00243                 MOVLW   d'50'
00016C EC?? F???      00244                 CALL    DelayXms
000170 2E08           00245                 DECFSZ  ContaCiclos, 1
000172 EF?? F???      00246                 GOTO    Azules_Parpadean
                      00247                 
000176 EF?? F???      00248                 GOTO    Luces_Policia
                      00249         ;°°°°°°°°°°°°°°°°°°°°°°°°°°°°°°°°°°°°°°°°°°°°°°°°°°°°°°°°°°°
                      00250 
                      00251 ; ===============================================================
Warning[207]: Found label after column 1. (Apagar_Todo)
00017A                00252         Apagar_Todo: 
00017A 6A8C           00253             CLRF    LATD            ; Apaga todos los LEDs del puerto RD
00017C 6A07           00254                 CLRF    B_Estados
                      00255 ; -------------------------------
Warning[207]: Found label after column 1. (Boton_S3)
00017E                00256         Boton_S3:
00017E AA82           00257             BTFSS   PORTC, 5
000180 EF?? F???      00258             GOTO    Boton_S3
000184 EC?? F???      00259                 CALL    Delay100ms     ; controla el estado transistorio
000188 EF?? F???      00260         GOTO    EncuestaON      
                      00261         
                      00262         ;++++++ DELAY DE X[ms] +++++++++++++++++++
                      00263         ;Deberia llamar a Delay1ms, Xveces
Warning[207]: Found label after column 1. (DelayXms)
00018C                00264         DelayXms:
00018C 6E03           00265                 MOVWF   Xveces
Warning[207]: Found label after column 1. (bucleVeces)
00018E                00266         bucleVeces:
00018E EC?? F???      00267                 CALL    Delay1ms
000192 2E03           00268                 DECFSZ  Xveces,1
000194 EF?? F???      00269                 GOTO    bucleVeces
                      00270         
000198 0012           00271                 return
                      00272         ;+++++++++++++++++++++++++++++++++++++++        
                      00273                 
                      00274         ;++++++ DELAY DE 100MS +++++++++++++++++++
Warning[207]: Found label after column 1. (Delay100ms)
MPASM  5.51                        CODIGO.ASM   5-7-2026  10:29:12         PAGE  7


LOC  OBJECT CODE     LINE SOURCE TEXT
  VALUE

00019A                00275         Delay100ms:
00019A EC?? F???      00276                 CALL    Delay1ms
00019E 2E02           00277                 DECFSZ  ContaDelay100,1
0001A0 EF?? F???      00278                 GOTO    Delay100ms
                      00279                 ;Reinicio ContaDelay100 = 100
0001A4 0E64           00280                 MOVLW   d'100'  ;W=100
0001A6 6E02           00281                 MOVWF   ContaDelay100
                      00282         
0001A8 0012           00283                 return
                      00284         ;+++++++++++++++++++++++++++++++++++++++        
                      00285         ;++++++ DELAY DE 1MS +++++++++++++++++++
Warning[207]: Found label after column 1. (Delay1ms)
0001AA                00286         Delay1ms:       
0001AA 2E01           00287                 DECFSZ  Contador2,1
0001AC EF?? F???      00288                 GOTO    bucle1  
0001B0 EF?? F???      00289                 GOTO    salir
Warning[207]: Found label after column 1. (bucle1)
0001B4                00290         bucle1:         
0001B4 2E00           00291                 DECFSZ  Contador1,1
0001B6 EF?? F???      00292                 GOTO    bucle1
                      00293                 
0001BA 0EC6           00294                 MOVLW   d'198'          ;W = 198
0001BC 6E00           00295                 MOVWF   Contador1       ;Contador1 = 198
0001BE EF?? F???      00296                 GOTO    Delay1ms
Warning[207]: Found label after column 1. (salir)
0001C2                00297         salir:
0001C2 0E15           00298                 MOVLW   d'21'           ;W = 21
0001C4 6E01           00299                 MOVWF   Contador2       ;Contador2 = 10
0001C6 0012           00300                 return
                      00301         ;+++++++++++++++++++++++++++++++++++++++        
                      00302         end
MPASM  5.51                        CODIGO.ASM   5-7-2026  10:29:12         PAGE  8


SYMBOL TABLE
  LABEL                             VALUE 

A                                 00000000
ABDEN                             00000000
ABDOVF                            00000007
ACCESS                            00000000
ACKDT                             00000005
ACKEN                             00000004
ACKSTAT                           00000006
ACQT0                             00000003
ACQT1                             00000004
ACQT2                             00000005
ACTVIE                            00000002
ACTVIF                            00000002
ADCON0                            00000FC2
ADCON1                            00000FC1
ADCON2                            00000FC0
ADCS0                             00000000
ADCS1                             00000001
ADCS2                             00000002
ADDEN                             00000003
ADDR0                             00000000
ADDR1                             00000001
ADDR2                             00000002
ADDR3                             00000003
ADDR4                             00000004
ADDR5                             00000005
ADDR6                             00000006
ADEN                              00000003
ADFM                              00000007
ADIE                              00000006
ADIF                              00000006
ADIP                              00000006
ADON                              00000000
ADRES                             00000FC3
ADRESH                            00000FC4
ADRESL                            00000FC3
AN0                               00000000
AN1                               00000001
AN2                               00000002
AN3                               00000003
AN4                               00000005
Apagar_Todo                       0000017A
Azules_Parpadean                  00000156
BANKED                            00000001
BAUDCON                           00000FB8
BAUDCTL                           00000FB8
BCLIE                             00000003
BCLIF                             00000003
BCLIP                             00000003
BF                                00000000
BGST                              00000005
BOR                               00000000
BRG16                             00000003
BRGH                              00000002
MPASM  5.51                        CODIGO.ASM   5-7-2026  10:29:12         PAGE  9


SYMBOL TABLE
  LABEL                             VALUE 

BSR                               00000FE0
BTOEE                             00000004
BTOEF                             00000004
BTSEE                             00000007
BTSEF                             00000007
B_Estados                         00000007
Boton_S3                          0000017E
Boton_secuencias                  0000005E
BucleInicio                       0000003C
Bucle_Cortina                     000000CA
C                                 00000000
C1INV                             00000004
C1OUT                             00000006
C2INV                             00000005
C2OUT                             00000007
CCP1                              00000002
CCP1AS                            00000FB6
CCP1CON                           00000FBD
CCP1DEL                           00000FB7
CCP1IE                            00000002
CCP1IF                            00000002
CCP1IP                            00000002
CCP1M0                            00000000
CCP1M1                            00000001
CCP1M2                            00000002
CCP1M3                            00000003
CCP2CON                           00000FBA
CCP2IE                            00000000
CCP2IF                            00000000
CCP2IP                            00000000
CCP2M0                            00000000
CCP2M1                            00000001
CCP2M2                            00000002
CCP2M3                            00000003
CCPR1                             00000FBE
CCPR1H                            00000FBF
CCPR1L                            00000FBE
CCPR2                             00000FBB
CCPR2H                            00000FBC
CCPR2L                            00000FBB
CFGS                              00000006
CHS0                              00000002
CHS1                              00000003
CHS2                              00000004
CHS3                              00000005
CIS                               00000003
CK                                00000006
CK1SPP                            00000000
CK2SPP                            00000001
CKE                               00000006
CKP                               00000004
CLK1EN                            00000004
CLKCFG0                           00000006
MPASM  5.51                        CODIGO.ASM   5-7-2026  10:29:12         PAGE 10


SYMBOL TABLE
  LABEL                             VALUE 

CLKCFG1                           00000007
CM0                               00000000
CM1                               00000001
CM2                               00000002
CMCON                             00000FB4
CMIE                              00000006
CMIF                              00000006
CMIP                              00000006
CRC16EE                           00000002
CRC16EF                           00000002
CRC5EE                            00000001
CRC5EF                            00000001
CREN                              00000004
CSEN                              00000005
CSRC                              00000007
CVR0                              00000000
CVR1                              00000001
CVR2                              00000002
CVR3                              00000003
CVRCON                            00000FB5
CVREF                             00000004
CVREN                             00000007
CVROE                             00000006
CVRR                              00000005
CVRSS                             00000004
ContaCiclos                       00000008
ContaDelay100                     00000002
Contador1                         00000000
Contador2                         00000001
ContadorInicio                    00000006
Cortina                           000000C2
D                                 00000005
DATA_ADDRESS                      00000005
DC                                00000001
DC1B0                             00000004
DC1B1                             00000005
DC2B0                             00000004
DC2B1                             00000005
DDRA                              TRISA
DDRB                              TRISB
DDRC                              TRISC
DDRD                              TRISD
DDRE                              TRISE
DFN8EE                            00000003
DFN8EF                            00000003
DIR                               00000002
DONE                              00000001
D_A                               00000005
D_NOT_A                           00000005
Delay100ms                        0000019A
Delay1ms                          000001AA
DelayXms                          0000018C
ECCP1AS                           00000FB6
MPASM  5.51                        CODIGO.ASM   5-7-2026  10:29:12         PAGE 11


SYMBOL TABLE
  LABEL                             VALUE 

ECCP1CON                          00000FBD
ECCP1DEL                          00000FB7
ECCPAS0                           00000004
ECCPAS1                           00000005
ECCPAS2                           00000006
ECCPASE                           00000007
EEADR                             00000FA9
EECON1                            00000FA6
EECON2                            00000FA7
EEDATA                            00000FA8
EEIE                              00000004
EEIF                              00000004
EEIP                              00000004
EEPGD                             00000007
ENDP0                             00000003
ENDP1                             00000004
ENDP2                             00000005
ENDP3                             00000006
EPCONDIS                          00000003
EPHSHK                            00000004
EPINEN                            00000001
EPOUTEN                           00000002
EPSTALL                           00000000
EncuestaON                        00000054
FAST                              00000001
FERR                              00000002
FLTS                              00000002
FREE                              00000004
FRM0                              00000000
FRM1                              00000001
FRM10                             00000002
FRM2                              00000002
FRM3                              00000003
FRM4                              00000004
FRM5                              00000005
FRM6                              00000006
FRM7                              00000007
FRM8                              00000000
FRM9                              00000001
FSEN                              00000002
FSR0                              00000000
FSR0H                             00000FEA
FSR0L                             00000FE9
FSR1                              00000001
FSR1H                             00000FE2
FSR1L                             00000FE1
FSR2                              00000002
FSR2H                             00000FDA
FSR2L                             00000FD9
GCEN                              00000007
GIE                               00000007
GIEH                              00000007
GIEL                              00000006
MPASM  5.51                        CODIGO.ASM   5-7-2026  10:29:12         PAGE 12


SYMBOL TABLE
  LABEL                             VALUE 

GIE_GIEH                          00000007
GO                                00000001
GO_DONE                           00000001
GO_NOT_DONE                       00000001
HLVDCON                           00000FD2
HLVDEN                            00000004
HLVDIE                            00000002
HLVDIF                            00000002
HLVDIN                            00000005
HLVDIP                            00000002
HLVDL0                            00000000
HLVDL1                            00000001
HLVDL2                            00000002
HLVDL3                            00000003
I2C_DAT                           00000005
I2C_READ                          00000002
I2C_START                         00000003
I2C_STOP                          00000004
IDLEIE                            00000004
IDLEIF                            00000004
IDLEN                             00000007
INDF0                             00000FEF
INDF1                             00000FE7
INDF2                             00000FDF
INT0                              00000000
INT0E                             00000004
INT0F                             00000001
INT0IE                            00000004
INT0IF                            00000001
INT1                              00000001
INT1E                             00000003
INT1F                             00000000
INT1IE                            00000003
INT1IF                            00000000
INT1IP                            00000006
INT1P                             00000006
INT2                              00000002
INT2E                             00000004
INT2F                             00000001
INT2IE                            00000004
INT2IF                            00000001
INT2IP                            00000007
INT2P                             00000007
INTCON                            00000FF2
INTCON2                           00000FF1
INTCON3                           00000FF0
INTEDG0                           00000006
INTEDG1                           00000005
INTEDG2                           00000004
INTSRC                            00000007
IOFS                              00000002
IPEN                              00000007
IPR1                              00000F9F
MPASM  5.51                        CODIGO.ASM   5-7-2026  10:29:12         PAGE 13


SYMBOL TABLE
  LABEL                             VALUE 

IPR2                              00000FA2
IRCF0                             00000004
IRCF1                             00000005
IRCF2                             00000006
IRVST                             00000005
IVRST                             00000005
Inicio                            00000020
LATA                              00000F89
LATA0                             00000000
LATA1                             00000001
LATA2                             00000002
LATA3                             00000003
LATA4                             00000004
LATA5                             00000005
LATA6                             00000006
LATB                              00000F8A
LATB0                             00000000
LATB1                             00000001
LATB2                             00000002
LATB3                             00000003
LATB4                             00000004
LATB5                             00000005
LATB6                             00000006
LATB7                             00000007
LATC                              00000F8B
LATC0                             00000000
LATC1                             00000001
LATC2                             00000002
LATC6                             00000006
LATC7                             00000007
LATD                              00000F8C
LATD0                             00000000
LATD1                             00000001
LATD2                             00000002
LATD3                             00000003
LATD4                             00000004
LATD5                             00000005
LATD6                             00000006
LATD7                             00000007
LATE                              00000F8D
LATE0                             00000000
LATE1                             00000001
LATE2                             00000002
LVDCON                            00000FD2
LVDEN                             00000004
LVDIE                             00000002
LVDIF                             00000002
LVDIN                             00000005
LVDIP                             00000002
LVDL0                             00000000
LVDL1                             00000001
LVDL2                             00000002
LVDL3                             00000003
MPASM  5.51                        CODIGO.ASM   5-7-2026  10:29:12         PAGE 14


SYMBOL TABLE
  LABEL                             VALUE 

LVV0                              00000000
LVV1                              00000001
LVV2                              00000002
LVV3                              00000003
Llamar_Cortina                    0000008C
Llamar_Ola                        00000092
Llamar_Policia                    00000098
Luces_Policia                     0000012E
N                                 00000004
NH                                00000004
NL                                00000005
NOT_A                             00000005
NOT_ADDRESS                       00000005
NOT_BOR                           00000000
NOT_DONE                          00000001
NOT_IPEN                          00000007
NOT_PD                            00000002
NOT_POR                           00000001
NOT_RBPU                          00000007
NOT_RI                            00000004
NOT_T1SYNC                        00000002
NOT_T3SYNC                        00000002
NOT_TO                            00000003
NOT_W                             00000002
NOT_WRITE                         00000002
OERR                              00000001
OESPP                             00000002
OSC2                              00000006
OSCCON                            00000FD3
OSCFIE                            00000007
OSCFIF                            00000007
OSCFIP                            00000007
OSCTUNE                           00000F9B
OSTS                              00000003
OV                                00000003
Ola                               000000FA
Ola_Hacia_Der                     00000114
Ola_Hacia_Izq                     000000FE
Opc_fuera                         0000009E
Opcion_sec                        0000006C
P                                 00000004
P1A                               00000002
P1M0                              00000006
P1M1                              00000007
PC                                00000FF9
PCFG0                             00000000
PCFG1                             00000001
PCFG2                             00000002
PCFG3                             00000003
PCL                               00000FF9
PCLATH                            00000FFA
PCLATU                            00000FFB
PD                                00000002
MPASM  5.51                        CODIGO.ASM   5-7-2026  10:29:12         PAGE 15


SYMBOL TABLE
  LABEL                             VALUE 

PDC0                              00000000
PDC1                              00000001
PDC2                              00000002
PDC3                              00000003
PDC4                              00000004
PDC5                              00000005
PDC6                              00000006
PEIE                              00000006
PEIE_GIEL                         00000006
PEN                               00000002
PGC                               00000006
PGD                               00000007
PGM                               00000005
PIDEE                             00000000
PIDEF                             00000000
PIE1                              00000F9D
PIE2                              00000FA0
PIR1                              00000F9E
PIR2                              00000FA1
PKTDIS                            00000004
PLUSW0                            00000FEB
PLUSW1                            00000FE3
PLUSW2                            00000FDB
POR                               00000001
PORTA                             00000F80
PORTB                             00000F81
PORTC                             00000F82
PORTD                             00000F83
PORTE                             00000F84
POSTDEC0                          00000FED
POSTDEC1                          00000FE5
POSTDEC2                          00000FDD
POSTINC0                          00000FEE
POSTINC1                          00000FE6
POSTINC2                          00000FDE
PPB0                              00000000
PPB1                              00000001
PPBI                              00000001
PPBRST                            00000006
PR2                               00000FCB
PREINC0                           00000FEC
PREINC1                           00000FE4
PREINC2                           00000FDC
PROD                              00000FF3
PRODH                             00000FF4
PRODL                             00000FF3
PRSEN                             00000007
PSA                               00000003
PSSAC0                            00000002
PSSAC1                            00000003
PSSBD0                            00000000
PSSBD1                            00000001
R                                 00000002
MPASM  5.51                        CODIGO.ASM   5-7-2026  10:29:12         PAGE 16


SYMBOL TABLE
  LABEL                             VALUE 

RA0                               00000000
RA1                               00000001
RA2                               00000002
RA3                               00000003
RA4                               00000004
RA5                               00000005
RA6                               00000006
RB0                               00000000
RB1                               00000001
RB2                               00000002
RB3                               00000003
RB4                               00000004
RB5                               00000005
RB6                               00000006
RB7                               00000007
RBIE                              00000003
RBIF                              00000000
RBIP                              00000000
RBPU                              00000007
RC0                               00000000
RC1                               00000001
RC2                               00000002
RC4                               00000004
RC5                               00000005
RC6                               00000006
RC7                               00000007
RCEN                              00000003
RCIDL                             00000006
RCIE                              00000005
RCIF                              00000005
RCIP                              00000005
RCMT                              00000006
RCON                              00000FD0
RCREG                             00000FAE
RCSTA                             00000FAB
RD                                00000000
RD0                               00000000
RD1                               00000001
RD16                              00000007
RD2                               00000002
RD3                               00000003
RD4                               00000004
RD5                               00000005
RD6                               00000006
RD7                               00000007
RDPU                              00000007
RDSPP                             00000007
RE0                               00000000
RE1                               00000001
RE2                               00000002
RE3                               00000003
READ_WRITE                        00000002
RESUME                            00000002
MPASM  5.51                        CODIGO.ASM   5-7-2026  10:29:12         PAGE 17


SYMBOL TABLE
  LABEL                             VALUE 

RI                                00000004
RSEN                              00000001
RX                                00000007
RX9                               00000006
RX9D                              00000000
RXDTP                             00000005
R_NOT_W                           00000002
R_W                               00000002
Repetir_Estado                    000000AE
Rojos_Parpadean                   00000132
Rota1                             000000F2
S                                 00000003
SBOREN                            00000006
SCKP                              00000004
SCS0                              00000000
SCS1                              00000001
SE0                               00000005
SEN                               00000000
SENDB                             00000003
SMP                               00000007
SOFIE                             00000006
SOFIF                             00000006
SPBRG                             00000FAF
SPBRGH                            00000FB0
SPEN                              00000007
SPP0                              00000000
SPP1                              00000001
SPP2                              00000002
SPP3                              00000003
SPP4                              00000004
SPP5                              00000005
SPP6                              00000006
SPP7                              00000007
SPPBUSY                           00000004
SPPCFG                            00000F63
SPPCON                            00000F65
SPPDATA                           00000F62
SPPEN                             00000000
SPPEPS                            00000F64
SPPIE                             00000007
SPPIF                             00000007
SPPIP                             00000007
SPPOWN                            00000001
SREN                              00000005
SSPADD                            00000FC8
SSPBUF                            00000FC9
SSPCON1                           00000FC6
SSPCON2                           00000FC5
SSPEN                             00000005
SSPIE                             00000003
SSPIF                             00000003
SSPIP                             00000003
SSPM0                             00000000
MPASM  5.51                        CODIGO.ASM   5-7-2026  10:29:12         PAGE 18


SYMBOL TABLE
  LABEL                             VALUE 

SSPM1                             00000001
SSPM2                             00000002
SSPM3                             00000003
SSPOV                             00000006
SSPSTAT                           00000FC7
STALLIE                           00000005
STALLIF                           00000005
STATUS                            00000FD8
STKFUL                            00000007
STKOVF                            00000007
STKPTR                            00000FFC
STKPTR0                           00000000
STKPTR1                           00000001
STKPTR2                           00000002
STKPTR3                           00000003
STKPTR4                           00000004
STKUNF                            00000006
SUSPND                            00000001
SWDTE                             00000000
SWDTEN                            00000000
SYNC                              00000004
Sigue                             000000EC
T08BIT                            00000006
T0CKI                             00000004
T0CON                             00000FD5
T0CS                              00000005
T0IE                              00000005
T0IF                              00000002
T0IP                              00000002
T0PS0                             00000000
T0PS1                             00000001
T0PS2                             00000002
T0SE                              00000004
T13CKI                            00000000
T1CKPS0                           00000004
T1CKPS1                           00000005
T1CON                             00000FCD
T1OSCEN                           00000003
T1OSI                             00000001
T1OSO                             00000000
T1RUN                             00000006
T1SYNC                            00000002
T2CKPS0                           00000000
T2CKPS1                           00000001
T2CON                             00000FCA
T2OUTPS0                          00000003
T2OUTPS1                          00000004
T2OUTPS2                          00000005
T2OUTPS3                          00000006
T3CCP1                            00000003
T3CCP2                            00000006
T3CKPS0                           00000004
T3CKPS1                           00000005
MPASM  5.51                        CODIGO.ASM   5-7-2026  10:29:12         PAGE 19


SYMBOL TABLE
  LABEL                             VALUE 

T3CON                             00000FB1
T3NSYNC                           00000002
T3SYNC                            00000002
TABLAT                            00000FF5
TBLPTR                            00000FF6
TBLPTRH                           00000FF7
TBLPTRL                           00000FF6
TBLPTRU                           00000FF8
TMR0                              00000FD6
TMR0H                             00000FD7
TMR0IE                            00000005
TMR0IF                            00000002
TMR0IP                            00000002
TMR0L                             00000FD6
TMR0ON                            00000007
TMR1                              00000FCE
TMR1CS                            00000001
TMR1H                             00000FCF
TMR1IE                            00000000
TMR1IF                            00000000
TMR1IP                            00000000
TMR1L                             00000FCE
TMR1ON                            00000000
TMR2                              00000FCC
TMR2IE                            00000001
TMR2IF                            00000001
TMR2IP                            00000001
TMR2ON                            00000002
TMR3                              00000FB2
TMR3CS                            00000001
TMR3H                             00000FB3
TMR3IE                            00000001
TMR3IF                            00000001
TMR3IP                            00000001
TMR3L                             00000FB2
TMR3ON                            00000000
TO                                00000003
TOS                               00000FFD
TOSH                              00000FFE
TOSL                              00000FFD
TOSU                              00000FFF
TOUTPS0                           00000003
TOUTPS1                           00000004
TOUTPS2                           00000005
TOUTPS3                           00000006
TRISA                             00000F92
TRISA0                            00000000
TRISA1                            00000001
TRISA2                            00000002
TRISA3                            00000003
TRISA4                            00000004
TRISA5                            00000005
TRISA6                            00000006
MPASM  5.51                        CODIGO.ASM   5-7-2026  10:29:12         PAGE 20


SYMBOL TABLE
  LABEL                             VALUE 

TRISB                             00000F93
TRISB0                            00000000
TRISB1                            00000001
TRISB2                            00000002
TRISB3                            00000003
TRISB4                            00000004
TRISB5                            00000005
TRISB6                            00000006
TRISB7                            00000007
TRISC                             00000F94
TRISC0                            00000000
TRISC1                            00000001
TRISC2                            00000002
TRISC6                            00000006
TRISC7                            00000007
TRISD                             00000F95
TRISD0                            00000000
TRISD1                            00000001
TRISD2                            00000002
TRISD3                            00000003
TRISD4                            00000004
TRISD5                            00000005
TRISD6                            00000006
TRISD7                            00000007
TRISE                             00000F96
TRISE0                            00000000
TRISE1                            00000001
TRISE2                            00000002
TRMT                              00000001
TRNIE                             00000003
TRNIF                             00000003
TUN0                              00000000
TUN1                              00000001
TUN2                              00000002
TUN3                              00000003
TUN4                              00000004
TX                                00000006
TX9                               00000006
TX9D                              00000000
TXCKP                             00000004
TXEN                              00000005
TXIE                              00000004
TXIF                              00000004
TXIP                              00000004
TXREG                             00000FAD
TXSTA                             00000FAC
UA                                00000001
UADDR                             00000F6E
UCFG                              00000F6F
UCON                              00000F6D
UEIE                              00000F6B
UEIR                              00000F6A
UEP0                              00000F70
MPASM  5.51                        CODIGO.ASM   5-7-2026  10:29:12         PAGE 21


SYMBOL TABLE
  LABEL                             VALUE 

UEP1                              00000F71
UEP10                             00000F7A
UEP11                             00000F7B
UEP12                             00000F7C
UEP13                             00000F7D
UEP14                             00000F7E
UEP15                             00000F7F
UEP2                              00000F72
UEP3                              00000F73
UEP4                              00000F74
UEP5                              00000F75
UEP6                              00000F76
UEP7                              00000F77
UEP8                              00000F78
UEP9                              00000F79
UERRIE                            00000001
UERRIF                            00000001
UFRM                              00000F66
UFRMH                             00000F67
UFRML                             00000F66
UIE                               00000F69
UIR                               00000F68
UOEMON                            00000006
UPUEN                             00000004
URSTIE                            00000000
URSTIF                            00000000
USBEN                             00000003
USBIE                             00000005
USBIF                             00000005
USBIP                             00000005
USTAT                             00000F6C
UTEYE                             00000007
UTRDIS                            00000003
VCFG0                             00000004
VCFG1                             00000005
VDIRMAG                           00000007
VREFM                             00000002
VREFP                             00000003
W                                 00000000
WCOL                              00000007
WDTCON                            00000FD1
WR                                00000001
WREG                              00000FE8
WREN                              00000002
WRERR                             00000003
WRSPP                             00000006
WS0                               00000000
WS1                               00000001
WS2                               00000002
WS3                               00000003
WUE                               00000001
Xveces                            00000003
Z                                 00000002
MPASM  5.51                        CODIGO.ASM   5-7-2026  10:29:12         PAGE 22


SYMBOL TABLE
  LABEL                             VALUE 

_BORV_0_2L                        000000E7
_BORV_1_2L                        000000EF
_BORV_2_2L                        000000F7
_BORV_3_2L                        000000FF
_BOR_OFF_2L                       000000F9
_BOR_ON_2L                        000000FF
_BOR_ON_ACTIVE_2L                 000000FD
_BOR_SOFT_2L                      000000FB
_CCP2MX_OFF_3H                    000000FE
_CCP2MX_ON_3H                     000000FF
_CONFIG1H                         00300001
_CONFIG1L                         00300000
_CONFIG2H                         00300003
_CONFIG2L                         00300002
_CONFIG3H                         00300005
_CONFIG4L                         00300006
_CONFIG5H                         00300009
_CONFIG5L                         00300008
_CONFIG6H                         0030000B
_CONFIG6L                         0030000A
_CONFIG7H                         0030000D
_CONFIG7L                         0030000C
_CP0_OFF_5L                       000000FF
_CP0_ON_5L                        000000FE
_CP1_OFF_5L                       000000FF
_CP1_ON_5L                        000000FD
_CP2_OFF_5L                       000000FF
_CP2_ON_5L                        000000FB
_CP3_OFF_5L                       000000FF
_CP3_ON_5L                        000000F7
_CPB_OFF_5H                       000000FF
_CPB_ON_5H                        000000BF
_CPD_OFF_5H                       000000FF
_CPD_ON_5H                        0000007F
_CPUDIV_OSC1_PLL2_1L              000000E7
_CPUDIV_OSC2_PLL3_1L              000000EF
_CPUDIV_OSC3_PLL4_1L              000000F7
_CPUDIV_OSC4_PLL6_1L              000000FF
_DEBUG_OFF_4L                     000000FF
_DEBUG_ON_4L                      0000007F
_DEVID1                           003FFFFE
_DEVID2                           003FFFFF
_EBTR0_OFF_7L                     000000FF
_EBTR0_ON_7L                      000000FE
_EBTR1_OFF_7L                     000000FF
_EBTR1_ON_7L                      000000FD
_EBTR2_OFF_7L                     000000FF
_EBTR2_ON_7L                      000000FB
_EBTR3_OFF_7L                     000000FF
_EBTR3_ON_7L                      000000F7
_EBTRB_OFF_7H                     000000FF
_EBTRB_ON_7H                      000000BF
_FCMEN_OFF_1H                     000000BF
MPASM  5.51                        CODIGO.ASM   5-7-2026  10:29:12         PAGE 23


SYMBOL TABLE
  LABEL                             VALUE 

_FCMEN_ON_1H                      000000FF
_FOSC_ECIO_EC_1H                  000000F4
_FOSC_ECPLLIO_EC_1H               000000F6
_FOSC_ECPLL_EC_1H                 000000F7
_FOSC_EC_EC_1H                    000000F5
_FOSC_HSPLL_HS_1H                 000000FE
_FOSC_HS_1H                       000000FC
_FOSC_INTOSCIO_EC_1H              000000F8
_FOSC_INTOSC_EC_1H                000000F9
_FOSC_INTOSC_HS_1H                000000FB
_FOSC_INTOSC_XT_1H                000000FA
_FOSC_XTPLL_XT_1H                 000000F2
_FOSC_XT_XT_1H                    000000F0
_ICPRT_OFF_4L                     000000DF
_ICPRT_ON_4L                      000000FF
_IDLOC0                           00200000
_IDLOC1                           00200001
_IDLOC2                           00200002
_IDLOC3                           00200003
_IDLOC4                           00200004
_IDLOC5                           00200005
_IDLOC6                           00200006
_IDLOC7                           00200007
_IESO_OFF_1H                      0000007F
_IESO_ON_1H                       000000FF
_LPT1OSC_OFF_3H                   000000FB
_LPT1OSC_ON_3H                    000000FF
_LVP_OFF_4L                       000000FB
_LVP_ON_4L                        000000FF
_MCLRE_OFF_3H                     0000007F
_MCLRE_ON_3H                      000000FF
_PBADEN_OFF_3H                    000000FD
_PBADEN_ON_3H                     000000FF
_PLLDIV_10_1L                     000000FE
_PLLDIV_12_1L                     000000FF
_PLLDIV_1_1L                      000000F8
_PLLDIV_2_1L                      000000F9
_PLLDIV_3_1L                      000000FA
_PLLDIV_4_1L                      000000FB
_PLLDIV_5_1L                      000000FC
_PLLDIV_6_1L                      000000FD
_PWRT_OFF_2L                      000000FF
_PWRT_ON_2L                       000000FE
_STVREN_OFF_4L                    000000FE
_STVREN_ON_4L                     000000FF
_USBDIV_1_1L                      000000DF
_USBDIV_2_1L                      000000FF
_VREGEN_OFF_2L                    000000DF
_VREGEN_ON_2L                     000000FF
_WDTPS_1024_2H                    000000F5
_WDTPS_128_2H                     000000EF
_WDTPS_16384_2H                   000000FD
_WDTPS_16_2H                      000000E9
MPASM  5.51                        CODIGO.ASM   5-7-2026  10:29:12         PAGE 24


SYMBOL TABLE
  LABEL                             VALUE 

_WDTPS_1_2H                       000000E1
_WDTPS_2048_2H                    000000F7
_WDTPS_256_2H                     000000F1
_WDTPS_2_2H                       000000E3
_WDTPS_32768_2H                   000000FF
_WDTPS_32_2H                      000000EB
_WDTPS_4096_2H                    000000F9
_WDTPS_4_2H                       000000E5
_WDTPS_512_2H                     000000F3
_WDTPS_64_2H                      000000ED
_WDTPS_8192_2H                    000000FB
_WDTPS_8_2H                       000000E7
_WDT_OFF_2H                       000000FE
_WDT_ON_2H                        000000FF
_WRT0_OFF_6L                      000000FF
_WRT0_ON_6L                       000000FE
_WRT1_OFF_6L                      000000FF
_WRT1_ON_6L                       000000FD
_WRT2_OFF_6L                      000000FF
_WRT2_ON_6L                       000000FB
_WRT3_OFF_6L                      000000FF
_WRT3_ON_6L                       000000F7
_WRTB_OFF_6H                      000000FF
_WRTB_ON_6H                       000000BF
_WRTC_OFF_6H                      000000FF
_WRTC_ON_6H                       000000DF
_WRTD_OFF_6H                      000000FF
_WRTD_ON_6H                       0000007F
_XINST_OFF_4L                     000000BF
_XINST_ON_4L                      000000FF
__18F4550                         00000001
bucle1                            000001B4
bucleVeces                        0000018E
opcion1                           000000AA
salir                             000001C2

Errors   :     0
Warnings :    38 reported,     0 suppressed
Messages :     0 reported,     0 suppressed

