MPLINK 4.49, Linker
Linker Map File - Created Thu May 07 10:29:14 2026

                                 Section Info
                  Section       Type    Address   Location Size(Bytes)
                ---------  ---------  ---------  ---------  ---------
                   .org_0       code   0x000000    program   0x000004
                   .cinit    romdata   0x000004    program   0x000002
                   .org_1       code   0x000020    program   0x0001a8



                              Program Memory Usage 
                               Start         End      
                           ---------   ---------      
                            0x000000    0x000005      
                            0x000020    0x0001c7      
            430 out of 33048 program addresses used, program memory utilization is 1%



                              Symbols - Sorted by Name
                     Name    Address   Location    Storage File                     
                ---------  ---------  ---------  --------- ---------                
              Apagar_Todo   0x00017a    program     static C:\Users\UsuarioF\Desktop\CLASES\Sexto ciclo\Microprocesadores\Practicas\Codigos\Pr1\Parte3\Codigo.asm
         Azules_Parpadean   0x000156    program     static C:\Users\UsuarioF\Desktop\CLASES\Sexto ciclo\Microprocesadores\Practicas\Codigos\Pr1\Parte3\Codigo.asm
                 Boton_S3   0x00017e    program     static C:\Users\UsuarioF\Desktop\CLASES\Sexto ciclo\Microprocesadores\Practicas\Codigos\Pr1\Parte3\Codigo.asm
         Boton_secuencias   0x00005e    program     static C:\Users\UsuarioF\Desktop\CLASES\Sexto ciclo\Microprocesadores\Practicas\Codigos\Pr1\Parte3\Codigo.asm
              BucleInicio   0x00003c    program     static C:\Users\UsuarioF\Desktop\CLASES\Sexto ciclo\Microprocesadores\Practicas\Codigos\Pr1\Parte3\Codigo.asm
            Bucle_Cortina   0x0000ca    program     static C:\Users\UsuarioF\Desktop\CLASES\Sexto ciclo\Microprocesadores\Practicas\Codigos\Pr1\Parte3\Codigo.asm
                  Cortina   0x0000c2    program     static C:\Users\UsuarioF\Desktop\CLASES\Sexto ciclo\Microprocesadores\Practicas\Codigos\Pr1\Parte3\Codigo.asm
               Delay100ms   0x00019a    program     static C:\Users\UsuarioF\Desktop\CLASES\Sexto ciclo\Microprocesadores\Practicas\Codigos\Pr1\Parte3\Codigo.asm
                 Delay1ms   0x0001aa    program     static C:\Users\UsuarioF\Desktop\CLASES\Sexto ciclo\Microprocesadores\Practicas\Codigos\Pr1\Parte3\Codigo.asm
                 DelayXms   0x00018c    program     static C:\Users\UsuarioF\Desktop\CLASES\Sexto ciclo\Microprocesadores\Practicas\Codigos\Pr1\Parte3\Codigo.asm
               EncuestaON   0x000054    program     static C:\Users\UsuarioF\Desktop\CLASES\Sexto ciclo\Microprocesadores\Practicas\Codigos\Pr1\Parte3\Codigo.asm
                   Inicio   0x000020    program     static C:\Users\UsuarioF\Desktop\CLASES\Sexto ciclo\Microprocesadores\Practicas\Codigos\Pr1\Parte3\Codigo.asm
           Llamar_Cortina   0x00008c    program     static C:\Users\UsuarioF\Desktop\CLASES\Sexto ciclo\Microprocesadores\Practicas\Codigos\Pr1\Parte3\Codigo.asm
               Llamar_Ola   0x000092    program     static C:\Users\UsuarioF\Desktop\CLASES\Sexto ciclo\Microprocesadores\Practicas\Codigos\Pr1\Parte3\Codigo.asm
           Llamar_Policia   0x000098    program     static C:\Users\UsuarioF\Desktop\CLASES\Sexto ciclo\Microprocesadores\Practicas\Codigos\Pr1\Parte3\Codigo.asm
            Luces_Policia   0x00012e    program     static C:\Users\UsuarioF\Desktop\CLASES\Sexto ciclo\Microprocesadores\Practicas\Codigos\Pr1\Parte3\Codigo.asm
                      Ola   0x0000fa    program     static C:\Users\UsuarioF\Desktop\CLASES\Sexto ciclo\Microprocesadores\Practicas\Codigos\Pr1\Parte3\Codigo.asm
            Ola_Hacia_Der   0x000114    program     static C:\Users\UsuarioF\Desktop\CLASES\Sexto ciclo\Microprocesadores\Practicas\Codigos\Pr1\Parte3\Codigo.asm
            Ola_Hacia_Izq   0x0000fe    program     static C:\Users\UsuarioF\Desktop\CLASES\Sexto ciclo\Microprocesadores\Practicas\Codigos\Pr1\Parte3\Codigo.asm
                Opc_fuera   0x00009e    program     static C:\Users\UsuarioF\Desktop\CLASES\Sexto ciclo\Microprocesadores\Practicas\Codigos\Pr1\Parte3\Codigo.asm
               Opcion_sec   0x00006c    program     static C:\Users\UsuarioF\Desktop\CLASES\Sexto ciclo\Microprocesadores\Practicas\Codigos\Pr1\Parte3\Codigo.asm
           Repetir_Estado   0x0000ae    program     static C:\Users\UsuarioF\Desktop\CLASES\Sexto ciclo\Microprocesadores\Practicas\Codigos\Pr1\Parte3\Codigo.asm
          Rojos_Parpadean   0x000132    program     static C:\Users\UsuarioF\Desktop\CLASES\Sexto ciclo\Microprocesadores\Practicas\Codigos\Pr1\Parte3\Codigo.asm
                    Rota1   0x0000f2    program     static C:\Users\UsuarioF\Desktop\CLASES\Sexto ciclo\Microprocesadores\Practicas\Codigos\Pr1\Parte3\Codigo.asm
                    Sigue   0x0000ec    program     static C:\Users\UsuarioF\Desktop\CLASES\Sexto ciclo\Microprocesadores\Practicas\Codigos\Pr1\Parte3\Codigo.asm
                   bucle1   0x0001b4    program     static C:\Users\UsuarioF\Desktop\CLASES\Sexto ciclo\Microprocesadores\Practicas\Codigos\Pr1\Parte3\Codigo.asm
               bucleVeces   0x00018e    program     static C:\Users\UsuarioF\Desktop\CLASES\Sexto ciclo\Microprocesadores\Practicas\Codigos\Pr1\Parte3\Codigo.asm
                  opcion1   0x0000aa    program     static C:\Users\UsuarioF\Desktop\CLASES\Sexto ciclo\Microprocesadores\Practicas\Codigos\Pr1\Parte3\Codigo.asm
                    salir   0x0001c2    program     static C:\Users\UsuarioF\Desktop\CLASES\Sexto ciclo\Microprocesadores\Practicas\Codigos\Pr1\Parte3\Codigo.asm



                              Symbols - Sorted by Address
                     Name    Address   Location    Storage File                     
                ---------  ---------  ---------  --------- ---------                
                   Inicio   0x000020    program     static C:\Users\UsuarioF\Desktop\CLASES\Sexto ciclo\Microprocesadores\Practicas\Codigos\Pr1\Parte3\Codigo.asm
              BucleInicio   0x00003c    program     static C:\Users\UsuarioF\Desktop\CLASES\Sexto ciclo\Microprocesadores\Practicas\Codigos\Pr1\Parte3\Codigo.asm
               EncuestaON   0x000054    program     static C:\Users\UsuarioF\Desktop\CLASES\Sexto ciclo\Microprocesadores\Practicas\Codigos\Pr1\Parte3\Codigo.asm
         Boton_secuencias   0x00005e    program     static C:\Users\UsuarioF\Desktop\CLASES\Sexto ciclo\Microprocesadores\Practicas\Codigos\Pr1\Parte3\Codigo.asm
               Opcion_sec   0x00006c    program     static C:\Users\UsuarioF\Desktop\CLASES\Sexto ciclo\Microprocesadores\Practicas\Codigos\Pr1\Parte3\Codigo.asm
           Llamar_Cortina   0x00008c    program     static C:\Users\UsuarioF\Desktop\CLASES\Sexto ciclo\Microprocesadores\Practicas\Codigos\Pr1\Parte3\Codigo.asm
               Llamar_Ola   0x000092    program     static C:\Users\UsuarioF\Desktop\CLASES\Sexto ciclo\Microprocesadores\Practicas\Codigos\Pr1\Parte3\Codigo.asm
           Llamar_Policia   0x000098    program     static C:\Users\UsuarioF\Desktop\CLASES\Sexto ciclo\Microprocesadores\Practicas\Codigos\Pr1\Parte3\Codigo.asm
                Opc_fuera   0x00009e    program     static C:\Users\UsuarioF\Desktop\CLASES\Sexto ciclo\Microprocesadores\Practicas\Codigos\Pr1\Parte3\Codigo.asm
                  opcion1   0x0000aa    program     static C:\Users\UsuarioF\Desktop\CLASES\Sexto ciclo\Microprocesadores\Practicas\Codigos\Pr1\Parte3\Codigo.asm
           Repetir_Estado   0x0000ae    program     static C:\Users\UsuarioF\Desktop\CLASES\Sexto ciclo\Microprocesadores\Practicas\Codigos\Pr1\Parte3\Codigo.asm
                  Cortina   0x0000c2    program     static C:\Users\UsuarioF\Desktop\CLASES\Sexto ciclo\Microprocesadores\Practicas\Codigos\Pr1\Parte3\Codigo.asm
            Bucle_Cortina   0x0000ca    program     static C:\Users\UsuarioF\Desktop\CLASES\Sexto ciclo\Microprocesadores\Practicas\Codigos\Pr1\Parte3\Codigo.asm
                    Sigue   0x0000ec    program     static C:\Users\UsuarioF\Desktop\CLASES\Sexto ciclo\Microprocesadores\Practicas\Codigos\Pr1\Parte3\Codigo.asm
                    Rota1   0x0000f2    program     static C:\Users\UsuarioF\Desktop\CLASES\Sexto ciclo\Microprocesadores\Practicas\Codigos\Pr1\Parte3\Codigo.asm
                      Ola   0x0000fa    program     static C:\Users\UsuarioF\Desktop\CLASES\Sexto ciclo\Microprocesadores\Practicas\Codigos\Pr1\Parte3\Codigo.asm
            Ola_Hacia_Izq   0x0000fe    program     static C:\Users\UsuarioF\Desktop\CLASES\Sexto ciclo\Microprocesadores\Practicas\Codigos\Pr1\Parte3\Codigo.asm
            Ola_Hacia_Der   0x000114    program     static C:\Users\UsuarioF\Desktop\CLASES\Sexto ciclo\Microprocesadores\Practicas\Codigos\Pr1\Parte3\Codigo.asm
            Luces_Policia   0x00012e    program     static C:\Users\UsuarioF\Desktop\CLASES\Sexto ciclo\Microprocesadores\Practicas\Codigos\Pr1\Parte3\Codigo.asm
          Rojos_Parpadean   0x000132    program     static C:\Users\UsuarioF\Desktop\CLASES\Sexto ciclo\Microprocesadores\Practicas\Codigos\Pr1\Parte3\Codigo.asm
         Azules_Parpadean   0x000156    program     static C:\Users\UsuarioF\Desktop\CLASES\Sexto ciclo\Microprocesadores\Practicas\Codigos\Pr1\Parte3\Codigo.asm
              Apagar_Todo   0x00017a    program     static C:\Users\UsuarioF\Desktop\CLASES\Sexto ciclo\Microprocesadores\Practicas\Codigos\Pr1\Parte3\Codigo.asm
                 Boton_S3   0x00017e    program     static C:\Users\UsuarioF\Desktop\CLASES\Sexto ciclo\Microprocesadores\Practicas\Codigos\Pr1\Parte3\Codigo.asm
                 DelayXms   0x00018c    program     static C:\Users\UsuarioF\Desktop\CLASES\Sexto ciclo\Microprocesadores\Practicas\Codigos\Pr1\Parte3\Codigo.asm
               bucleVeces   0x00018e    program     static C:\Users\UsuarioF\Desktop\CLASES\Sexto ciclo\Microprocesadores\Practicas\Codigos\Pr1\Parte3\Codigo.asm
               Delay100ms   0x00019a    program     static C:\Users\UsuarioF\Desktop\CLASES\Sexto ciclo\Microprocesadores\Practicas\Codigos\Pr1\Parte3\Codigo.asm
                 Delay1ms   0x0001aa    program     static C:\Users\UsuarioF\Desktop\CLASES\Sexto ciclo\Microprocesadores\Practicas\Codigos\Pr1\Parte3\Codigo.asm
                   bucle1   0x0001b4    program     static C:\Users\UsuarioF\Desktop\CLASES\Sexto ciclo\Microprocesadores\Practicas\Codigos\Pr1\Parte3\Codigo.asm
                    salir   0x0001c2    program     static C:\Users\UsuarioF\Desktop\CLASES\Sexto ciclo\Microprocesadores\Practicas\Codigos\Pr1\Parte3\Codigo.asm


